Archive member included to satisfy reference by file (symbol)

C:/Users/Administrator/.eide/tools/gcc_arm/bin/../lib/gcc/arm-none-eabi/14.3.1/../../../../arm-none-eabi/lib/thumb/v7-m/nofp\libc_nano.a(libc_a-exit.o)
                              C:/Users/Administrator/.eide/tools/gcc_arm/bin/../lib/gcc/arm-none-eabi/14.3.1/../../../../arm-none-eabi/lib/thumb/v7-m/nofp/crt0.o (exit)
C:/Users/Administrator/.eide/tools/gcc_arm/bin/../lib/gcc/arm-none-eabi/14.3.1/../../../../arm-none-eabi/lib/thumb/v7-m/nofp\libc_nano.a(libc_a-findfp.o)
                              C:/Users/Administrator/.eide/tools/gcc_arm/bin/../lib/gcc/arm-none-eabi/14.3.1/../../../../arm-none-eabi/lib/thumb/v7-m/nofp\libc_nano.a(libc_a-exit.o) (__stdio_exit_handler)
C:/Users/Administrator/.eide/tools/gcc_arm/bin/../lib/gcc/arm-none-eabi/14.3.1/../../../../arm-none-eabi/lib/thumb/v7-m/nofp\libc_nano.a(libc_a-fwalk.o)
                              C:/Users/Administrator/.eide/tools/gcc_arm/bin/../lib/gcc/arm-none-eabi/14.3.1/../../../../arm-none-eabi/lib/thumb/v7-m/nofp\libc_nano.a(libc_a-findfp.o) (_fwalk_sglue)
C:/Users/Administrator/.eide/tools/gcc_arm/bin/../lib/gcc/arm-none-eabi/14.3.1/../../../../arm-none-eabi/lib/thumb/v7-m/nofp\libc_nano.a(libc_a-stdio.o)
                              C:/Users/Administrator/.eide/tools/gcc_arm/bin/../lib/gcc/arm-none-eabi/14.3.1/../../../../arm-none-eabi/lib/thumb/v7-m/nofp\libc_nano.a(libc_a-findfp.o) (__sread)
C:/Users/Administrator/.eide/tools/gcc_arm/bin/../lib/gcc/arm-none-eabi/14.3.1/../../../../arm-none-eabi/lib/thumb/v7-m/nofp\libc_nano.a(libc_a-memset.o)
                              C:/Users/Administrator/.eide/tools/gcc_arm/bin/../lib/gcc/arm-none-eabi/14.3.1/../../../../arm-none-eabi/lib/thumb/v7-m/nofp/crt0.o (memset)
C:/Users/Administrator/.eide/tools/gcc_arm/bin/../lib/gcc/arm-none-eabi/14.3.1/../../../../arm-none-eabi/lib/thumb/v7-m/nofp\libc_nano.a(libc_a-closer.o)
                              C:/Users/Administrator/.eide/tools/gcc_arm/bin/../lib/gcc/arm-none-eabi/14.3.1/../../../../arm-none-eabi/lib/thumb/v7-m/nofp\libc_nano.a(libc_a-stdio.o) (_close_r)
C:/Users/Administrator/.eide/tools/gcc_arm/bin/../lib/gcc/arm-none-eabi/14.3.1/../../../../arm-none-eabi/lib/thumb/v7-m/nofp\libc_nano.a(libc_a-reent.o)
                              C:/Users/Administrator/.eide/tools/gcc_arm/bin/../lib/gcc/arm-none-eabi/14.3.1/../../../../arm-none-eabi/lib/thumb/v7-m/nofp\libc_nano.a(libc_a-closer.o) (errno)
C:/Users/Administrator/.eide/tools/gcc_arm/bin/../lib/gcc/arm-none-eabi/14.3.1/../../../../arm-none-eabi/lib/thumb/v7-m/nofp\libc_nano.a(libc_a-impure.o)
                              C:/Users/Administrator/.eide/tools/gcc_arm/bin/../lib/gcc/arm-none-eabi/14.3.1/../../../../arm-none-eabi/lib/thumb/v7-m/nofp\libc_nano.a(libc_a-reent.o) (_impure_ptr)
C:/Users/Administrator/.eide/tools/gcc_arm/bin/../lib/gcc/arm-none-eabi/14.3.1/../../../../arm-none-eabi/lib/thumb/v7-m/nofp\libc_nano.a(libc_a-lseekr.o)
                              C:/Users/Administrator/.eide/tools/gcc_arm/bin/../lib/gcc/arm-none-eabi/14.3.1/../../../../arm-none-eabi/lib/thumb/v7-m/nofp\libc_nano.a(libc_a-stdio.o) (_lseek_r)
C:/Users/Administrator/.eide/tools/gcc_arm/bin/../lib/gcc/arm-none-eabi/14.3.1/../../../../arm-none-eabi/lib/thumb/v7-m/nofp\libc_nano.a(libc_a-readr.o)
                              C:/Users/Administrator/.eide/tools/gcc_arm/bin/../lib/gcc/arm-none-eabi/14.3.1/../../../../arm-none-eabi/lib/thumb/v7-m/nofp\libc_nano.a(libc_a-stdio.o) (_read_r)
C:/Users/Administrator/.eide/tools/gcc_arm/bin/../lib/gcc/arm-none-eabi/14.3.1/../../../../arm-none-eabi/lib/thumb/v7-m/nofp\libc_nano.a(libc_a-writer.o)
                              C:/Users/Administrator/.eide/tools/gcc_arm/bin/../lib/gcc/arm-none-eabi/14.3.1/../../../../arm-none-eabi/lib/thumb/v7-m/nofp\libc_nano.a(libc_a-stdio.o) (_write_r)
C:/Users/Administrator/.eide/tools/gcc_arm/bin/../lib/gcc/arm-none-eabi/14.3.1/../../../../arm-none-eabi/lib/thumb/v7-m/nofp\libc_nano.a(libc_a-errno.o)
                              ./build/Debug/.obj/Core/Src/syscalls.o (__errno)
C:/Users/Administrator/.eide/tools/gcc_arm/bin/../lib/gcc/arm-none-eabi/14.3.1/../../../../arm-none-eabi/lib/thumb/v7-m/nofp\libc_nano.a(libc_a-init.o)
                              C:/Users/Administrator/.eide/tools/gcc_arm/bin/../lib/gcc/arm-none-eabi/14.3.1/../../../../arm-none-eabi/lib/thumb/v7-m/nofp/crt0.o (__libc_init_array)
C:/Users/Administrator/.eide/tools/gcc_arm/bin/../lib/gcc/arm-none-eabi/14.3.1/../../../../arm-none-eabi/lib/thumb/v7-m/nofp\libc_nano.a(libc_a-lock.o)
                              C:/Users/Administrator/.eide/tools/gcc_arm/bin/../lib/gcc/arm-none-eabi/14.3.1/../../../../arm-none-eabi/lib/thumb/v7-m/nofp\libc_nano.a(libc_a-findfp.o) (__retarget_lock_init_recursive)
C:/Users/Administrator/.eide/tools/gcc_arm/bin/../lib/gcc/arm-none-eabi/14.3.1/../../../../arm-none-eabi/lib/thumb/v7-m/nofp\libc_nano.a(libc_a-memcpy-stub.o)
[...]
Memory Configuration

Name             Origin             Length             Attributes
RAM              0x20000000         0x00005000         xrw
FLASH            0x08000000         0x00010000         xr
*default*        0x00000000         0xffffffff

Linker script and memory map

LOAD C:/Users/Administrator/.eide/tools/gcc_arm/bin/../lib/gcc/arm-none-eabi/14.3.1/thumb/v7-m/nofp/crti.o
LOAD C:/Users/Administrator/.eide/tools/gcc_arm/bin/../lib/gcc/arm-none-eabi/14.3.1/thumb/v7-m/nofp/crtbegin.o
LOAD C:/Users/Administrator/.eide/tools/gcc_arm/bin/../lib/gcc/arm-none-eabi/14.3.1/../../../../arm-none-eabi/lib/thumb/v7-m/nofp/crt0.o
LOAD ./build/Debug/.obj/Core/Src/freertos.o
LOAD ./build/Debug/.obj/Core/Src/main.o
LOAD ./build/Debug/.obj/Core/Src/stm32f1xx_hal_msp.o
LOAD ./build/Debug/.obj/Core/Src/stm32f1xx_it.o
LOAD ./build/Debug/.obj/Core/Src/syscalls.o
LOAD ./build/Debug/.obj/Core/Src/sysmem.o
LOAD ./build/Debug/.obj/Core/Src/system_stm32f1xx.o
LOAD ./build/Debug/.obj/Core/Startup/startup_stm32f103c8tx.o
LOAD ./build/Debug/.obj/Drivers/STM32F1xx_HAL_Driver/Src/stm32f1xx_hal.o
LOAD ./build/Debug/.obj/Drivers/STM32F1xx_HAL_Driver/Src/stm32f1xx_hal_cortex.o
LOAD ./build/Debug/.obj/Drivers/STM32F1xx_HAL_Driver/Src/stm32f1xx_hal_dma.o
LOAD ./build/Debug/.obj/Drivers/STM32F1xx_HAL_Driver/Src/stm32f1xx_hal_exti.o
LOAD ./build/Debug/.obj/Drivers/STM32F1xx_HAL_Driver/Src/stm32f1xx_hal_flash.o
LOAD ./build/Debug/.obj/Drivers/STM32F1xx_HAL_Driver/Src/stm32f1xx_hal_flash_ex.o
LOAD ./build/Debug/.obj/Drivers/STM32F1xx_HAL_Driver/Src/stm32f1xx_hal_gpio.o
LOAD ./build/Debug/.obj/Drivers/STM32F1xx_HAL_Driver/Src/stm32f1xx_hal_gpio_ex.o
LOAD ./build/Debug/.obj/Drivers/STM32F1xx_HAL_Driver/Src/stm32f1xx_hal_pwr.o
LOAD ./build/Debug/.obj/Drivers/STM32F1xx_HAL_Driver/Src/stm32f1xx_hal_rcc.o
LOAD ./build/Debug/.obj/Drivers/STM32F1xx_HAL_Driver/Src/stm32f1xx_hal_rcc_ex.o
LOAD ./build/Debug/.obj/Drivers/STM32F1xx_HAL_Driver/Src/stm32f1xx_hal_uart.o
LOAD ./build/Debug/.obj/Middlewares/Third_Party/FreeRTOS/Source/CMSIS_RTOS_V2/cmsis_os2.o
LOAD ./build/Debug/.obj/Middlewares/Third_Party/FreeRTOS/Source/croutine.o
LOAD ./build/Debug/.obj/Middlewares/Third_Party/FreeRTOS/Source/event_groups.o
LOAD ./build/Debug/.obj/Middlewares/Third_Party/FreeRTOS/Source/list.o
LOAD ./build/Debug/.obj/Middlewares/Third_Party/FreeRTOS/Source/portable/GCC/ARM_CM3/port.o
LOAD ./build/Debug/.obj/Middlewares/Third_Party/FreeRTOS/Source/portable/MemMang/heap_4.o
LOAD ./build/Debug/.obj/Middlewares/Third_Party/FreeRTOS/Source/queue.o
LOAD ./build/Debug/.obj/Middlewares/Third_Party/FreeRTOS/Source/stream_buffer.o
LOAD ./build/Debug/.obj/Middlewares/Third_Party/FreeRTOS/Source/tasks.o
LOAD ./build/Debug/.obj/Middlewares/Third_Party/FreeRTOS/Source/timers.o
START GROUP
LOAD C:/Users/Administrator/.eide/tools/gcc_arm/bin/../lib/gcc/arm-none-eabi/14.3.1/thumb/v7-m/nofp\libgcc.a
LOAD C:/Users/Administrator/.eide/tools/gcc_arm/bin/../lib/gcc/arm-none-eabi/14.3.1/../../../../arm-none-eabi/lib/thumb/v7-m/nofp\libc_nano.a
END GROUP
START GROUP
LOAD C:/Users/Administrator/.eide/tools/gcc_arm/bin/../lib/gcc/arm-none-eabi/14.3.1/thumb/v7-m/nofp\libgcc.a
LOAD C:/Users/Administrator/.eide/tools/gcc_arm/bin/../lib/gcc/arm-none-eabi/14.3.1/../../../../arm-none-eabi/lib/thumb/v7-m/nofp\libc_nano.a
LOAD C:/Users/Administrator/.eide/tools/gcc_arm/bin/../lib/gcc/arm-none-eabi/14.3.1/../../../../arm-none-eabi/lib/thumb/v7-m/nofp\libnosys.a
END GROUP
START GROUP
LOAD C:/Users/Administrator/.eide/tools/gcc_arm/bin/../lib/gcc/arm-none-eabi/14.3.1/thumb/v7-m/nofp\libgcc.a
LOAD C:/Users/Administrator/.eide/tools/gcc_arm/bin/../lib/gcc/arm-none-eabi/14.3.1/../../../../arm-none-eabi/lib/thumb/v7-m/nofp\libc_nano.a
LOAD C:/Users/Administrator/.eide/tools/gcc_arm/bin/../lib/gcc/arm-none-eabi/14.3.1/../../../../arm-none-eabi/lib/thumb/v7-m/nofp\libnosys.a
END GROUP
LOAD C:/Users/Administrator/.eide/tools/gcc_arm/bin/../lib/gcc/arm-none-eabi/14.3.1/thumb/v7-m/nofp/crtend.o
LOAD C:/Users/Administrator/.eide/tools/gcc_arm/bin/../lib/gcc/arm-none-eabi/14.3.1/thumb/v7-m/nofp/crtn.o
                0x20005000                        _estack = (ORIGIN (RAM) + LENGTH (RAM))
                0x00000200                        _Min_Heap_Size = 0x200
                0x00000400                        _Min_Stack_Size = 0x400

.isr_vector     0x08000000      0x10c
                0x08000000                        . = ALIGN (0x4)
 *(.isr_vector)
 .isr_vector    0x08000000      0x10c ./build/Debug/.obj/Core/Startup/startup_stm32f103c8tx.o
                0x08000000                g_pfnVectors
                0x0800010c                        . = ALIGN (0x4)

.text           0x08000110     0x3714
                0x08000110                        . = ALIGN (0x4)
 *(.text)
 *(.text*)
 .text.deregister_tm_clones
                0x08000110       0x1c C:/Users/Administrator/.eide/tools/gcc_arm/bin/../lib/gcc/arm-none-eabi/14.3.1/thumb/v7-m/nofp/crtbegin.o
 .text.register_tm_clones
                0x0800012c       0x24 C:/Users/Administrator/.eide/tools/gcc_arm/bin/../lib/gcc/arm-none-eabi/14.3.1/thumb/v7-m/nofp/crtbegin.o
 .text.__do_global_dtors_aux
                0x08000150       0x28 C:/Users/Administrator/.eide/tools/gcc_arm/bin/../lib/gcc/arm-none-eabi/14.3.1/thumb/v7-m/nofp/crtbegin.o
 .text.frame_dummy
                0x08000178       0x24 C:/Users/Administrator/.eide/tools/gcc_arm/bin/../lib/gcc/arm-none-eabi/14.3.1/thumb/v7-m/nofp/crtbegin.o
 .text.MX_GPIO_Init
                0x0800019c       0xcc ./build/Debug/.obj/Core/Src/main.o
 .text.MX_DMA_Init
                0x08000268       0x44 ./build/Debug/.obj/Core/Src/main.o
 .text.StartLEDTask
                0x080002ac        0xc ./build/Debug/.obj/Core/Src/main.o
                0x080002ac                StartLEDTask
 .text.StartUartTask
                0x080002b8        0xa ./build/Debug/.obj/Core/Src/main.o
                0x080002b8                StartUartTask
 *fill*         0x080002c2        0x2 
 .text.HAL_UARTEx_RxEventCallback
                0x080002c4       0x2c ./build/Debug/.obj/Core/Src/main.o
                0x080002c4                HAL_UARTEx_RxEventCallback
 .text.HAL_GPIO_EXTI_Callback
                0x080002f0       0x34 ./build/Debug/.obj/Core/Src/main.o
                0x080002f0                HAL_GPIO_EXTI_Callback
 .text.Error_Handler
                0x08000324        0x4 ./build/Debug/.obj/Core/Src/main.o
                0x08000324                Error_Handler
 .text.MX_USART2_UART_Init
                0x08000328       0x34 ./build/Debug/.obj/Core/Src/main.o
 .text.SystemClock_Config
                0x0800035c       0x56 ./build/Debug/.obj/Core/Src/main.o
                0x0800035c                SystemClock_Config
 *fill*         0x080003b2        0x2 
 .text.main     0x080003b4       0x68 ./build/Debug/.obj/Core/Src/main.o
                0x080003b4                main
 .text.HAL_MspInit
                0x0800041c       0x54 ./build/Debug/.obj/Core/Src/stm32f1xx_hal_msp.o
                0x0800041c                HAL_MspInit
 .text.HAL_UART_MspInit
                0x08000470       0xec ./build/Debug/.obj/Core/Src/stm32f1xx_hal_msp.o
                0x08000470                HAL_UART_MspInit
 .text.NMI_Handler
                0x0800055c        0x2 ./build/Debug/.obj/Core/Src/stm32f1xx_it.o
                0x0800055c                NMI_Handler
 .text.HardFault_Handler
                0x0800055e        0x2 ./build/Debug/.obj/Core/Src/stm32f1xx_it.o
                0x0800055e                HardFault_Handler
 .text.MemManage_Handler
                0x08000560        0x2 ./build/Debug/.obj/Core/Src/stm32f1xx_it.o
                0x08000560                MemManage_Handler
 .text.BusFault_Handler
                0x08000562        0x2 ./build/Debug/.obj/Core/Src/stm32f1xx_it.o
                0x08000562                BusFault_Handler
 .text.UsageFault_Handler
                0x08000564        0x2 ./build/Debug/.obj/Core/Src/stm32f1xx_it.o
                0x08000564                UsageFault_Handler
 .text.DebugMon_Handler
                0x08000566        0x2 ./build/Debug/.obj/Core/Src/stm32f1xx_it.o
                0x08000566                DebugMon_Handler
 .text.SysTick_Handler
                0x08000568       0x16 ./build/Debug/.obj/Core/Src/stm32f1xx_it.o
                0x08000568                SysTick_Handler
 *fill*         0x0800057e        0x2 
 .text.DMA1_Channel6_IRQHandler
                0x08000580       0x10 ./build/Debug/.obj/Core/Src/stm32f1xx_it.o
                0x08000580                DMA1_Channel6_IRQHandler
 .text.DMA1_Channel7_IRQHandler
                0x08000590       0x10 ./build/Debug/.obj/Core/Src/stm32f1xx_it.o
                0x08000590                DMA1_Channel7_IRQHandler
 .text.USART2_IRQHandler
                0x080005a0       0x10 ./build/Debug/.obj/Core/Src/stm32f1xx_it.o
                0x080005a0                USART2_IRQHandler
 .text.EXTI15_10_IRQHandler
                0x080005b0        0xc ./build/Debug/.obj/Core/Src/stm32f1xx_it.o
                0x080005b0                EXTI15_10_IRQHandler
 .text.SystemInit
                0x080005bc        0x2 ./build/Debug/.obj/Core/Src/system_stm32f1xx.o
                0x080005bc                SystemInit
 *fill*         0x080005be        0x2 
 .text.Reset_Handler
                0x080005c0       0x48 ./build/Debug/.obj/Core/Startup/startup_stm32f103c8tx.o
                0x080005c0                Reset_Handler
 .text.Default_Handler
                0x08000608        0x2 ./build/Debug/.obj/Core/Startup/startup_stm32f103c8tx.o
                0x08000608                RTC_Alarm_IRQHandler
                0x08000608                EXTI2_IRQHandler
                0x08000608                TIM1_CC_IRQHandler
                0x08000608                PVD_IRQHandler
                0x08000608                EXTI3_IRQHandler
                0x08000608                EXTI0_IRQHandler
                0x08000608                I2C2_EV_IRQHandler
                0x08000608                ADC1_2_IRQHandler
                0x08000608                SPI1_IRQHandler
                0x08000608                TAMPER_IRQHandler
                0x08000608                DMA1_Channel4_IRQHandler
                0x08000608                USART3_IRQHandler
                0x08000608                RTC_IRQHandler
                0x08000608                CAN1_RX1_IRQHandler
                0x08000608                TIM4_IRQHandler
                0x08000608                I2C1_EV_IRQHandler
                0x08000608                TIM3_IRQHandler
                0x08000608                RCC_IRQHandler
                0x08000608                TIM1_TRG_COM_IRQHandler
                0x08000608                DMA1_Channel1_IRQHandler
                0x08000608                Default_Handler
                0x08000608                EXTI9_5_IRQHandler
                0x08000608                SPI2_IRQHandler
                0x08000608                DMA1_Channel5_IRQHandler
                0x08000608                EXTI4_IRQHandler
                0x08000608                USB_LP_CAN1_RX0_IRQHandler
                0x08000608                USB_HP_CAN1_TX_IRQHandler
                0x08000608                DMA1_Channel3_IRQHandler
                0x08000608                TIM1_UP_IRQHandler
                0x08000608                WWDG_IRQHandler
                0x08000608                TIM2_IRQHandler
                0x08000608                TIM1_BRK_IRQHandler
                0x08000608                EXTI1_IRQHandler
                0x08000608                I2C2_ER_IRQHandler
                0x08000608                DMA1_Channel2_IRQHandler
                0x08000608                CAN1_SCE_IRQHandler
                0x08000608                FLASH_IRQHandler
                0x08000608                USART1_IRQHandler
                0x08000608                I2C1_ER_IRQHandler
                0x08000608                USBWakeUp_IRQHandler
 *fill*         0x0800060a        0x2 
 .text.HAL_InitTick
                0x0800060c       0x4c ./build/Debug/.obj/Drivers/STM32F1xx_HAL_Driver/Src/stm32f1xx_hal.o
                0x0800060c                HAL_InitTick
 .text.HAL_Init
                0x08000658       0x24 ./build/Debug/.obj/Drivers/STM32F1xx_HAL_Driver/Src/stm32f1xx_hal.o
                0x08000658                HAL_Init
 .text.HAL_IncTick
                0x0800067c       0x18 ./build/Debug/.obj/Drivers/STM32F1xx_HAL_Driver/Src/stm32f1xx_hal.o
                0x0800067c                HAL_IncTick
 .text.HAL_GetTick
                0x08000694        0xc ./build/Debug/.obj/Drivers/STM32F1xx_HAL_Driver/Src/stm32f1xx_hal.o
                0x08000694                HAL_GetTick
 .text.__NVIC_SetPriority
                0x080006a0       0x28 ./build/Debug/.obj/Drivers/STM32F1xx_HAL_Driver/Src/stm32f1xx_hal_cortex.o
 .text.NVIC_EncodePriority
                0x080006c8       0x3e ./build/Debug/.obj/Drivers/STM32F1xx_HAL_Driver/Src/stm32f1xx_hal_cortex.o
 *fill*         0x08000706        0x2 
 .text.HAL_NVIC_SetPriorityGrouping
                0x08000708       0x24 ./build/Debug/.obj/Drivers/STM32F1xx_HAL_Driver/Src/stm32f1xx_hal_cortex.o
                0x08000708                HAL_NVIC_SetPriorityGrouping
 .text.HAL_NVIC_SetPriority
                0x0800072c       0x20 ./build/Debug/.obj/Drivers/STM32F1xx_HAL_Driver/Src/stm32f1xx_hal_cortex.o
                0x0800072c                HAL_NVIC_SetPriority
 .text.HAL_NVIC_EnableIRQ
                0x0800074c       0x1c ./build/Debug/.obj/Drivers/STM32F1xx_HAL_Driver/Src/stm32f1xx_hal_cortex.o
                0x0800074c                HAL_NVIC_EnableIRQ
 .text.HAL_SYSTICK_Config
                0x08000768       0x28 ./build/Debug/.obj/Drivers/STM32F1xx_HAL_Driver/Src/stm32f1xx_hal_cortex.o
                0x08000768                HAL_SYSTICK_Config
 .text.DMA_SetConfig
                0x08000790       0x2c ./build/Debug/.obj/Drivers/STM32F1xx_HAL_Driver/Src/stm32f1xx_hal_dma.o
 .text.HAL_DMA_Init
                0x080007bc       0x68 ./build/Debug/.obj/Drivers/STM32F1xx_HAL_Driver/Src/stm32f1xx_hal_dma.o
                0x080007bc                HAL_DMA_Init
 .text.HAL_DMA_Start_IT
                0x08000824       0x74 ./build/Debug/.obj/Drivers/STM32F1xx_HAL_Driver/Src/stm32f1xx_hal_dma.o
                0x08000824                HAL_DMA_Start_IT
 .text.HAL_DMA_Abort
                0x08000898       0x44 ./build/Debug/.obj/Drivers/STM32F1xx_HAL_Driver/Src/stm32f1xx_hal_dma.o
                0x08000898                HAL_DMA_Abort
 .text.HAL_DMA_Abort_IT
                0x080008dc       0x98 ./build/Debug/.obj/Drivers/STM32F1xx_HAL_Driver/Src/stm32f1xx_hal_dma.o
                0x080008dc                HAL_DMA_Abort_IT
 .text.HAL_DMA_IRQHandler
                0x08000974      0x144 ./build/Debug/.obj/Drivers/STM32F1xx_HAL_Driver/Src/stm32f1xx_hal_dma.o
                0x08000974                HAL_DMA_IRQHandler
 .text.HAL_GPIO_Init
                0x08000ab8      0x214 ./build/Debug/.obj/Drivers/STM32F1xx_HAL_Driver/Src/stm32f1xx_hal_gpio.o
                0x08000ab8                HAL_GPIO_Init
 .text.HAL_GPIO_ReadPin
                0x08000ccc        0xe ./build/Debug/.obj/Drivers/STM32F1xx_HAL_Driver/Src/stm32f1xx_hal_gpio.o
                0x08000ccc                HAL_GPIO_ReadPin
 .text.HAL_GPIO_WritePin
                0x08000cda        0xc ./build/Debug/.obj/Drivers/STM32F1xx_HAL_Driver/Src/stm32f1xx_hal_gpio.o
                0x08000cda                HAL_GPIO_WritePin
 .text.HAL_GPIO_TogglePin
                0x08000ce6       0x12 ./build/Debug/.obj/Drivers/STM32F1xx_HAL_Driver/Src/stm32f1xx_hal_gpio.o
                0x08000ce6                HAL_GPIO_TogglePin
 .text.HAL_GPIO_EXTI_IRQHandler
                0x08000cf8       0x1c ./build/Debug/.obj/Drivers/STM32F1xx_HAL_Driver/Src/stm32f1xx_hal_gpio.o
                0x08000cf8                HAL_GPIO_EXTI_IRQHandler
 .text.RCC_Delay
                0x08000d14       0x2c ./build/Debug/.obj/Drivers/STM32F1xx_HAL_Driver/Src/stm32f1xx_hal_rcc.o
 .text.HAL_RCC_OscConfig
                0x08000d40      0x410 ./build/Debug/.obj/Drivers/STM32F1xx_HAL_Driver/Src/stm32f1xx_hal_rcc.o
                0x08000d40                HAL_RCC_OscConfig
 .text.HAL_RCC_GetSysClockFreq
                0x08001150       0x54 ./build/Debug/.obj/Drivers/STM32F1xx_HAL_Driver/Src/stm32f1xx_hal_rcc.o
                0x08001150                HAL_RCC_GetSysClockFreq
 .text.HAL_RCC_ClockConfig
                0x080011a4      0x16c ./build/Debug/.obj/Drivers/STM32F1xx_HAL_Driver/Src/stm32f1xx_hal_rcc.o
                0x080011a4                HAL_RCC_ClockConfig
 .text.HAL_RCC_GetHCLKFreq
                0x08001310        0xc ./build/Debug/.obj/Drivers/STM32F1xx_HAL_Driver/Src/stm32f1xx_hal_rcc.o
                0x08001310                HAL_RCC_GetHCLKFreq
 .text.HAL_RCC_GetPCLK1Freq
                0x0800131c       0x20 ./build/Debug/.obj/Drivers/STM32F1xx_HAL_Driver/Src/stm32f1xx_hal_rcc.o
                0x0800131c                HAL_RCC_GetPCLK1Freq
 .text.HAL_RCC_GetPCLK2Freq
                0x0800133c       0x20 ./build/Debug/.obj/Drivers/STM32F1xx_HAL_Driver/Src/stm32f1xx_hal_rcc.o
                0x0800133c                HAL_RCC_GetPCLK2Freq
 .text.UART_EndTxTransfer
                0x0800135c       0x20 ./build/Debug/.obj/Drivers/STM32F1xx_HAL_Driver/Src/stm32f1xx_hal_uart.o
 .text.UART_EndRxTransfer
                0x0800137c       0x5c ./build/Debug/.obj/Drivers/STM32F1xx_HAL_Driver/Src/stm32f1xx_hal_uart.o
 .text.UART_Transmit_IT
                0x080013d8       0x5e ./build/Debug/.obj/Drivers/STM32F1xx_HAL_Driver/Src/stm32f1xx_hal_uart.o
 *fill*         0x08001436        0x2 
 .text.UART_SetConfig
                0x08001438       0x94 ./build/Debug/.obj/Drivers/STM32F1xx_HAL_Driver/Src/stm32f1xx_hal_uart.o
 .text.HAL_UART_Init
                0x080014cc       0x60 ./build/Debug/.obj/Drivers/STM32F1xx_HAL_Driver/Src/stm32f1xx_hal_uart.o
                0x080014cc                HAL_UART_Init
 .text.HAL_UART_Transmit_DMA
                0x0800152c       0x80 ./build/Debug/.obj/Drivers/STM32F1xx_HAL_Driver/Src/stm32f1xx_hal_uart.o
                0x0800152c                HAL_UART_Transmit_DMA
 .text.HAL_UART_TxCpltCallback
                0x080015ac        0x2 ./build/Debug/.obj/Drivers/STM32F1xx_HAL_Driver/Src/stm32f1xx_hal_uart.o
                0x080015ac                HAL_UART_TxCpltCallback
 .text.UART_DMATransmitCplt
                0x080015ae       0x4c ./build/Debug/.obj/Drivers/STM32F1xx_HAL_Driver/Src/stm32f1xx_hal_uart.o
 .text.UART_EndTransmit_IT
                0x080015fa       0x1a ./build/Debug/.obj/Drivers/STM32F1xx_HAL_Driver/Src/stm32f1xx_hal_uart.o
 .text.HAL_UART_TxHalfCpltCallback
                0x08001614        0x2 ./build/Debug/.obj/Drivers/STM32F1xx_HAL_Driver/Src/stm32f1xx_hal_uart.o
                0x08001614                HAL_UART_TxHalfCpltCallback
 .text.UART_DMATxHalfCplt
                0x08001616        0xa ./build/Debug/.obj/Drivers/STM32F1xx_HAL_Driver/Src/stm32f1xx_hal_uart.o
 .text.HAL_UART_RxCpltCallback
                0x08001620        0x2 ./build/Debug/.obj/Drivers/STM32F1xx_HAL_Driver/Src/stm32f1xx_hal_uart.o
                0x08001620                HAL_UART_RxCpltCallback
 .text.HAL_UART_RxHalfCpltCallback
                0x08001622        0x2 ./build/Debug/.obj/Drivers/STM32F1xx_HAL_Driver/Src/stm32f1xx_hal_uart.o
                0x08001622                HAL_UART_RxHalfCpltCallback
 .text.HAL_UART_ErrorCallback
                0x08001624        0x2 ./build/Debug/.obj/Drivers/STM32F1xx_HAL_Driver/Src/stm32f1xx_hal_uart.o
                0x08001624                HAL_UART_ErrorCallback
 .text.UART_DMAError
                0x08001626       0x54 ./build/Debug/.obj/Drivers/STM32F1xx_HAL_Driver/Src/stm32f1xx_hal_uart.o
 .text.UART_DMAAbortOnError
                0x0800167a       0x10 ./build/Debug/.obj/Drivers/STM32F1xx_HAL_Driver/Src/stm32f1xx_hal_uart.o
 .text.UART_Receive_IT
                0x0800168a       0xe4 ./build/Debug/.obj/Drivers/STM32F1xx_HAL_Driver/Src/stm32f1xx_hal_uart.o
 *fill*         0x0800176e        0x2 
 .text.HAL_UART_IRQHandler
                0x08001770      0x284 ./build/Debug/.obj/Drivers/STM32F1xx_HAL_Driver/Src/stm32f1xx_hal_uart.o
                0x08001770                HAL_UART_IRQHandler
 .text.UART_DMARxHalfCplt
                0x080019f4       0x1e ./build/Debug/.obj/Drivers/STM32F1xx_HAL_Driver/Src/stm32f1xx_hal_uart.o
 .text.UART_DMAReceiveCplt
                0x08001a12       0x9a ./build/Debug/.obj/Drivers/STM32F1xx_HAL_Driver/Src/stm32f1xx_hal_uart.o
 .text.UART_Start_Receive_DMA
                0x08001aac       0xa4 ./build/Debug/.obj/Drivers/STM32F1xx_HAL_Driver/Src/stm32f1xx_hal_uart.o
                0x08001aac                UART_Start_Receive_DMA
 .text.HAL_UARTEx_ReceiveToIdle_DMA
                0x08001b50       0x60 ./build/Debug/.obj/Drivers/STM32F1xx_HAL_Driver/Src/stm32f1xx_hal_uart.o
                0x08001b50                HAL_UARTEx_ReceiveToIdle_DMA
 .text.osKernelInitialize
                0x08001bb0       0x24 ./build/Debug/.obj/Middlewares/Third_Party/FreeRTOS/Source/CMSIS_RTOS_V2/cmsis_os2.o
                0x08001bb0                osKernelInitialize
 .text.osKernelStart
                0x08001bd4       0x38 ./build/Debug/.obj/Middlewares/Third_Party/FreeRTOS/Source/CMSIS_RTOS_V2/cmsis_os2.o
                0x08001bd4                osKernelStart
 .text.osThreadNew
                0x08001c0c       0xb4 ./build/Debug/.obj/Middlewares/Third_Party/FreeRTOS/Source/CMSIS_RTOS_V2/cmsis_os2.o
                0x08001c0c                osThreadNew
 .text.osDelay  0x08001cc0       0x1c ./build/Debug/.obj/Middlewares/Third_Party/FreeRTOS/Source/CMSIS_RTOS_V2/cmsis_os2.o
                0x08001cc0                osDelay
 .text.vApplicationGetIdleTaskMemory
                0x08001cdc       0x18 ./build/Debug/.obj/Middlewares/Third_Party/FreeRTOS/Source/CMSIS_RTOS_V2/cmsis_os2.o
                0x08001cdc                vApplicationGetIdleTaskMemory
 .text.vApplicationGetTimerTaskMemory
                0x08001cf4       0x18 ./build/Debug/.obj/Middlewares/Third_Party/FreeRTOS/Source/CMSIS_RTOS_V2/cmsis_os2.o
                0x08001cf4                vApplicationGetTimerTaskMemory
 .text.vListInitialise
                0x08001d0c       0x16 ./build/Debug/.obj/Middlewares/Third_Party/FreeRTOS/Source/list.o
                0x08001d0c                vListInitialise
 .text.vListInitialiseItem
                0x08001d22        0x6 ./build/Debug/.obj/Middlewares/Third_Party/FreeRTOS/Source/list.o
                0x08001d22                vListInitialiseItem
 .text.vListInsertEnd
                0x08001d28       0x16 ./build/Debug/.obj/Middlewares/Third_Party/FreeRTOS/Source/list.o
                0x08001d28                vListInsertEnd
 .text.vListInsert
                0x08001d3e       0x32 ./build/Debug/.obj/Middlewares/Third_Party/FreeRTOS/Source/list.o
                0x08001d3e                vListInsert
 .text.uxListRemove
                0x08001d70       0x26 ./build/Debug/.obj/Middlewares/Third_Party/FreeRTOS/Source/list.o
                0x08001d70                uxListRemove
 *fill*         0x08001d96        0x2 
 .text.prvTaskExitError
                0x08001d98       0x40 ./build/Debug/.obj/Middlewares/Third_Party/FreeRTOS/Source/portable/GCC/ARM_CM3/port.o
 .text.prvPortStartFirstTask
                0x08001dd8       0x20 ./build/Debug/.obj/Middlewares/Third_Party/FreeRTOS/Source/portable/GCC/ARM_CM3/port.o
 .text.pxPortInitialiseStack
                0x08001df8       0x24 ./build/Debug/.obj/Middlewares/Third_Party/FreeRTOS/Source/portable/GCC/ARM_CM3/port.o
                0x08001df8                pxPortInitialiseStack
 *fill*         0x08001e1c        0x4 
 .text.SVC_Handler
                0x08001e20       0x24 ./build/Debug/.obj/Middlewares/Third_Party/FreeRTOS/Source/portable/GCC/ARM_CM3/port.o
                0x08001e20                SVC_Handler
 .text.vPortEnterCritical
                0x08001e44       0x44 ./build/Debug/.obj/Middlewares/Third_Party/FreeRTOS/Source/portable/GCC/ARM_CM3/port.o
                0x08001e44                vPortEnterCritical
 .text.vPortExitCritical
                0x08001e88       0x2c ./build/Debug/.obj/Middlewares/Third_Party/FreeRTOS/Source/portable/GCC/ARM_CM3/port.o
                0x08001e88                vPortExitCritical
 *fill*         0x08001eb4        0xc 
 .text.PendSV_Handler
                0x08001ec0       0x44 ./build/Debug/.obj/Middlewares/Third_Party/FreeRTOS/Source/portable/GCC/ARM_CM3/port.o
                0x08001ec0                PendSV_Handler
 .text.xPortSysTickHandler
                0x08001f04       0x2c ./build/Debug/.obj/Middlewares/Third_Party/FreeRTOS/Source/portable/GCC/ARM_CM3/port.o
                0x08001f04                xPortSysTickHandler
 .text.vPortSetupTimerInterrupt
                0x08001f30       0x28 ./build/Debug/.obj/Middlewares/Third_Party/FreeRTOS/Source/portable/GCC/ARM_CM3/port.o
                0x08001f30                vPortSetupTimerInterrupt
 .text.xPortStartScheduler
                0x08001f58       0xc0 ./build/Debug/.obj/Middlewares/Third_Party/FreeRTOS/Source/portable/GCC/ARM_CM3/port.o
                0x08001f58                xPortStartScheduler
 .text.vPortValidateInterruptPriority
                0x08002018       0x5c ./build/Debug/.obj/Middlewares/Third_Party/FreeRTOS/Source/portable/GCC/ARM_CM3/port.o
                0x08002018                vPortValidateInterruptPriority
 .text.prvHeapInit
                0x08002074       0x64 ./build/Debug/.obj/Middlewares/Third_Party/FreeRTOS/Source/portable/MemMang/heap_4.o
 .text.prvInsertBlockIntoFreeList
                0x080020d8       0x60 ./build/Debug/.obj/Middlewares/Third_Party/FreeRTOS/Source/portable/MemMang/heap_4.o
 .text.pvPortMalloc
                0x08002138      0x104 ./build/Debug/.obj/Middlewares/Third_Party/FreeRTOS/Source/portable/MemMang/heap_4.o
                0x08002138                pvPortMalloc
 .text.vPortFree
                0x0800223c       0x7c ./build/Debug/.obj/Middlewares/Third_Party/FreeRTOS/Source/portable/MemMang/heap_4.o
                0x0800223c                vPortFree
 .text.prvIsQueueFull
                0x080022b8       0x1e ./build/Debug/.obj/Middlewares/Third_Party/FreeRTOS/Source/queue.o
 .text.prvIsQueueEmpty
                0x080022d6       0x1a ./build/Debug/.obj/Middlewares/Third_Party/FreeRTOS/Source/queue.o
 .text.prvCopyDataToQueue
                0x080022f0       0x76 ./build/Debug/.obj/Middlewares/Third_Party/FreeRTOS/Source/queue.o
 .text.prvCopyDataFromQueue
                0x08002366       0x24 ./build/Debug/.obj/Middlewares/Third_Party/FreeRTOS/Source/queue.o
 .text.prvUnlockQueue
                0x0800238a       0x6e ./build/Debug/.obj/Middlewares/Third_Party/FreeRTOS/Source/queue.o
 .text.xQueueGenericReset
                0x080023f8       0x84 ./build/Debug/.obj/Middlewares/Third_Party/FreeRTOS/Source/queue.o
                0x080023f8                xQueueGenericReset
 .text.prvInitialiseNewQueue
                0x0800247c       0x22 ./build/Debug/.obj/Middlewares/Third_Party/FreeRTOS/Source/queue.o
 .text.xQueueGenericCreateStatic
                0x0800249e       0x94 ./build/Debug/.obj/Middlewares/Third_Party/FreeRTOS/Source/queue.o
                0x0800249e                xQueueGenericCreateStatic
 .text.xQueueGenericSend
                0x08002532      0x188 ./build/Debug/.obj/Middlewares/Third_Party/FreeRTOS/Source/queue.o
                0x08002532                xQueueGenericSend
 .text.xQueueGenericSendFromISR
                0x080026ba       0xce ./build/Debug/.obj/Middlewares/Third_Party/FreeRTOS/Source/queue.o
                0x080026ba                xQueueGenericSendFromISR
 .text.xQueueReceive
                0x08002788      0x15e ./build/Debug/.obj/Middlewares/Third_Party/FreeRTOS/Source/queue.o
                0x08002788                xQueueReceive
 *fill*         0x080028e6        0x2 
 .text.vQueueAddToRegistry
                0x080028e8       0x28 ./build/Debug/.obj/Middlewares/Third_Party/FreeRTOS/Source/queue.o
                0x080028e8                vQueueAddToRegistry
 .text.vQueueWaitForMessageRestricted
                0x08002910       0x52 ./build/Debug/.obj/Middlewares/Third_Party/FreeRTOS/Source/queue.o
                0x08002910                vQueueWaitForMessageRestricted
 *fill*         0x08002962        0x2 
 .text.prvResetNextTaskUnblockTime
                0x08002964       0x2c ./build/Debug/.obj/Middlewares/Third_Party/FreeRTOS/Source/tasks.o
 .text.prvInitialiseNewTask
                0x08002990       0xa2 ./build/Debug/.obj/Middlewares/Third_Party/FreeRTOS/Source/tasks.o
 *fill*         0x08002a32        0x2 
 .text.prvInitialiseTaskLists
                0x08002a34       0x68 ./build/Debug/.obj/Middlewares/Third_Party/FreeRTOS/Source/tasks.o
 .text.prvAddNewTaskToReadyList
                0x08002a9c       0xac ./build/Debug/.obj/Middlewares/Third_Party/FreeRTOS/Source/tasks.o
 .text.prvDeleteTCB
                0x08002b48       0x38 ./build/Debug/.obj/Middlewares/Third_Party/FreeRTOS/Source/tasks.o
 .text.prvCheckTasksWaitingTermination
                0x08002b80       0x4c ./build/Debug/.obj/Middlewares/Third_Party/FreeRTOS/Source/tasks.o
 .text.prvIdleTask
                0x08002bcc       0x28 ./build/Debug/.obj/Middlewares/Third_Party/FreeRTOS/Source/tasks.o
 .text.prvAddCurrentTaskToDelayedList
                0x08002bf4       0x7c ./build/Debug/.obj/Middlewares/Third_Party/FreeRTOS/Source/tasks.o
 .text.xTaskCreateStatic
                0x08002c70       0x76 ./build/Debug/.obj/Middlewares/Third_Party/FreeRTOS/Source/tasks.o
                0x08002c70                xTaskCreateStatic
 .text.xTaskCreate
                0x08002ce6       0x64 ./build/Debug/.obj/Middlewares/Third_Party/FreeRTOS/Source/tasks.o
                0x08002ce6                xTaskCreate
 *fill*         0x08002d4a        0x2 
 .text.vTaskStartScheduler
                0x08002d4c       0x98 ./build/Debug/.obj/Middlewares/Third_Party/FreeRTOS/Source/tasks.o
                0x08002d4c                vTaskStartScheduler
 .text.vTaskSuspendAll
                0x08002de4       0x10 ./build/Debug/.obj/Middlewares/Third_Party/FreeRTOS/Source/tasks.o
                0x08002de4                vTaskSuspendAll
 .text.xTaskGetTickCount
                0x08002df4        0xc ./build/Debug/.obj/Middlewares/Third_Party/FreeRTOS/Source/tasks.o
                0x08002df4                xTaskGetTickCount
 .text.xTaskIncrementTick
                0x08002e00      0x118 ./build/Debug/.obj/Middlewares/Third_Party/FreeRTOS/Source/tasks.o
                0x08002e00                xTaskIncrementTick
 .text.xTaskResumeAll
                0x08002f18       0xf8 ./build/Debug/.obj/Middlewares/Third_Party/FreeRTOS/Source/tasks.o
                0x08002f18                xTaskResumeAll
 .text.vTaskDelay
                0x08003010       0x4c ./build/Debug/.obj/Middlewares/Third_Party/FreeRTOS/Source/tasks.o
                0x08003010                vTaskDelay
 .text.vTaskSwitchContext
                0x0800305c       0x98 ./build/Debug/.obj/Middlewares/Third_Party/FreeRTOS/Source/tasks.o
                0x0800305c                vTaskSwitchContext
 .text.vTaskPlaceOnEventList
                0x080030f4       0x30 ./build/Debug/.obj/Middlewares/Third_Party/FreeRTOS/Source/tasks.o
                0x080030f4                vTaskPlaceOnEventList
 .text.vTaskPlaceOnEventListRestricted
                0x08003124       0x38 ./build/Debug/.obj/Middlewares/Third_Party/FreeRTOS/Source/tasks.o
                0x08003124                vTaskPlaceOnEventListRestricted
 .text.xTaskRemoveFromEventList
                0x0800315c       0x8c ./build/Debug/.obj/Middlewares/Third_Party/FreeRTOS/Source/tasks.o
                0x0800315c                xTaskRemoveFromEventList
 .text.vTaskInternalSetTimeOutState
                0x080031e8       0x18 ./build/Debug/.obj/Middlewares/Third_Party/FreeRTOS/Source/tasks.o
                0x080031e8                vTaskInternalSetTimeOutState
 .text.xTaskCheckForTimeOut
                0x08003200       0x88 ./build/Debug/.obj/Middlewares/Third_Party/FreeRTOS/Source/tasks.o
                0x08003200                xTaskCheckForTimeOut
 .text.vTaskMissedYield
                0x08003288        0xc ./build/Debug/.obj/Middlewares/Third_Party/FreeRTOS/Source/tasks.o
                0x08003288                vTaskMissedYield
 .text.xTaskGetSchedulerState
                0x08003294       0x20 ./build/Debug/.obj/Middlewares/Third_Party/FreeRTOS/Source/tasks.o
                0x08003294                xTaskGetSchedulerState
 .text.xTaskPriorityDisinherit
                0x080032b4       0x90 ./build/Debug/.obj/Middlewares/Third_Party/FreeRTOS/Source/tasks.o
                0x080032b4                xTaskPriorityDisinherit
 .text.prvGetNextExpireTime
                0x08003344       0x20 ./build/Debug/.obj/Middlewares/Third_Party/FreeRTOS/Source/timers.o
 .text.prvInsertTimerInActiveList
                0x08003364       0x48 ./build/Debug/.obj/Middlewares/Third_Party/FreeRTOS/Source/timers.o
 .text.prvCheckForValidListAndQueue
                0x080033ac       0x70 ./build/Debug/.obj/Middlewares/Third_Party/FreeRTOS/Source/timers.o
 .text.xTimerCreateTimerTask
                0x0800341c       0x64 ./build/Debug/.obj/Middlewares/Third_Party/FreeRTOS/Source/timers.o
                0x0800341c                xTimerCreateTimerTask
 .text.xTimerGenericCommand
                0x08003480       0x6c ./build/Debug/.obj/Middlewares/Third_Party/FreeRTOS/Source/timers.o
                0x08003480                xTimerGenericCommand
 .text.prvSwitchTimerLists
                0x080034ec       0x7c ./build/Debug/.obj/Middlewares/Third_Party/FreeRTOS/Source/timers.o
 .text.prvSampleTimeNow
                0x08003568       0x2c ./build/Debug/.obj/Middlewares/Third_Party/FreeRTOS/Source/timers.o
 .text.prvProcessExpiredTimer
                0x08003594       0x6c ./build/Debug/.obj/Middlewares/Third_Party/FreeRTOS/Source/timers.o
 .text.prvProcessTimerOrBlockTask
                0x08003600       0x74 ./build/Debug/.obj/Middlewares/Third_Party/FreeRTOS/Source/timers.o
 .text.prvProcessReceivedCommands
                0x08003674      0x10c ./build/Debug/.obj/Middlewares/Third_Party/FreeRTOS/Source/timers.o
 .text.prvTimerTask
                0x08003780       0x16 ./build/Debug/.obj/Middlewares/Third_Party/FreeRTOS/Source/timers.o
 .text.memset   0x08003796       0x10 C:/Users/Administrator/.eide/tools/gcc_arm/bin/../lib/gcc/arm-none-eabi/14.3.1/../../../../arm-none-eabi/lib/thumb/v7-m/nofp\libc_nano.a(libc_a-memset.o)
                0x08003796                memset
 *fill*         0x080037a6        0x2 
 .text.__libc_init_array
                0x080037a8       0x48 C:/Users/Administrator/.eide/tools/gcc_arm/bin/../lib/gcc/arm-none-eabi/14.3.1/../../../../arm-none-eabi/lib/thumb/v7-m/nofp\libc_nano.a(libc_a-init.o)
                0x080037a8                __libc_init_array
 .text.memcpy   0x080037f0       0x1c C:/Users/Administrator/.eide/tools/gcc_arm/bin/../lib/gcc/arm-none-eabi/14.3.1/../../../../arm-none-eabi/lib/thumb/v7-m/nofp\libc_nano.a(libc_a-memcpy-stub.o)
                0x080037f0                memcpy
 *(.glue_7)
 .glue_7        0x0800380c        0x0 linker stubs
 *(.glue_7t)
 .glue_7t       0x0800380c        0x0 linker stubs
 *(.eh_frame)
 .eh_frame      0x0800380c        0x0 C:/Users/Administrator/.eide/tools/gcc_arm/bin/../lib/gcc/arm-none-eabi/14.3.1/thumb/v7-m/nofp/crtbegin.o
 *(.init)
 .init          0x0800380c        0x4 C:/Users/Administrator/.eide/tools/gcc_arm/bin/../lib/gcc/arm-none-eabi/14.3.1/thumb/v7-m/nofp/crti.o
                0x0800380c                _init
 .init          0x08003810        0x8 C:/Users/Administrator/.eide/tools/gcc_arm/bin/../lib/gcc/arm-none-eabi/14.3.1/thumb/v7-m/nofp/crtn.o
 *(.fini)
 .fini          0x08003818        0x4 C:/Users/Administrator/.eide/tools/gcc_arm/bin/../lib/gcc/arm-none-eabi/14.3.1/thumb/v7-m/nofp/crti.o
                0x08003818                _fini
 .fini          0x0800381c        0x8 C:/Users/Administrator/.eide/tools/gcc_arm/bin/../lib/gcc/arm-none-eabi/14.3.1/thumb/v7-m/nofp/crtn.o
                0x08003824                        . = ALIGN (0x4)
                0x08003824                        _etext = .

.vfp11_veneer   0x08003824        0x0
 .vfp11_veneer  0x08003824        0x0 linker stubs

.v4_bx          0x08003824        0x0
 .v4_bx         0x08003824        0x0 linker stubs

.iplt           0x08003824        0x0
 .iplt          0x08003824        0x0 C:/Users/Administrator/.eide/tools/gcc_arm/bin/../lib/gcc/arm-none-eabi/14.3.1/thumb/v7-m/nofp/crtbegin.o

.rodata         0x08003824       0xa0
                0x08003824                        . = ALIGN (0x4)
 *(.rodata)
 *(.rodata*)
 .rodata.str1.4
                0x08003824       0x2c ./build/Debug/.obj/Core/Src/main.o
                                 0x14 (size before relaxing)
 .rodata.UartTask_attributes
                0x08003850       0x24 ./build/Debug/.obj/Core/Src/main.o
                0x08003850                UartTask_attributes
 .rodata.LEDTask_attributes
                0x08003874       0x24 ./build/Debug/.obj/Core/Src/main.o
                0x08003874                LEDTask_attributes
 .rodata.APBPrescTable
                0x08003898        0x8 ./build/Debug/.obj/Core/Src/system_stm32f1xx.o
                0x08003898                APBPrescTable
 .rodata.AHBPrescTable
                0x080038a0       0x10 ./build/Debug/.obj/Core/Src/system_stm32f1xx.o
                0x080038a0                AHBPrescTable
 .rodata.aPredivFactorTable.0
                0x080038b0        0x2 ./build/Debug/.obj/Drivers/STM32F1xx_HAL_Driver/Src/stm32f1xx_hal_rcc.o
 *fill*         0x080038b2        0x2 
 .rodata.aPLLMULFactorTable.1
                0x080038b4       0x10 ./build/Debug/.obj/Drivers/STM32F1xx_HAL_Driver/Src/stm32f1xx_hal_rcc.o
 .rodata.vTaskStartScheduler.str1.4
                0x080038c4        0x5 ./build/Debug/.obj/Middlewares/Third_Party/FreeRTOS/Source/tasks.o
 .rodata.prvCheckForValidListAndQueue.str1.4
                0x080038c4        0x5 ./build/Debug/.obj/Middlewares/Third_Party/FreeRTOS/Source/timers.o
 .rodata.xTimerCreateTimerTask.str1.4
                0x080038c4        0x8 ./build/Debug/.obj/Middlewares/Third_Party/FreeRTOS/Source/timers.o
                0x080038cc                        . = ALIGN (0x4)

.ARM.extab      0x080038c4        0x0
                0x080038c4                        . = ALIGN (0x4)
 *(.ARM.extab* .gnu.linkonce.armextab.*)
                0x080038c4                        . = ALIGN (0x4)

.ARM            0x080038c4        0x0
                0x080038c4                        . = ALIGN (0x4)
                0x080038c4                        __exidx_start = .
 *(.ARM.exidx*)
                0x080038c4                        __exidx_end = .
                0x080038c4                        . = ALIGN (0x4)

.preinit_array  0x080038c4        0x0
                0x080038c4                        . = ALIGN (0x4)
                0x080038c4                        PROVIDE (__preinit_array_start = .)
 *(.preinit_array*)
                0x080038c4                        PROVIDE (__preinit_array_end = .)
                0x080038c4                        . = ALIGN (0x4)

.init_array     0x080038c4        0x4
                0x080038c4                        . = ALIGN (0x4)
                0x080038c4                        PROVIDE (__init_array_start = .)
 *(SORT_BY_NAME(.init_array.*))
 *(.init_array*)
 .init_array    0x080038c4        0x4 C:/Users/Administrator/.eide/tools/gcc_arm/bin/../lib/gcc/arm-none-eabi/14.3.1/thumb/v7-m/nofp/crtbegin.o
                0x080038c8                        PROVIDE (__init_array_end = .)
                0x080038c8                        . = ALIGN (0x4)

.fini_array     0x080038c8        0x4
                0x080038c8                        . = ALIGN (0x4)
                [!provide]                        PROVIDE (__fini_array_start = .)
 *(SORT_BY_NAME(.fini_array.*))
 *(.fini_array*)
 .fini_array    0x080038c8        0x4 C:/Users/Administrator/.eide/tools/gcc_arm/bin/../lib/gcc/arm-none-eabi/14.3.1/thumb/v7-m/nofp/crtbegin.o
                [!provide]                        PROVIDE (__fini_array_end = .)
                0x080038cc                        . = ALIGN (0x4)
                0x080038cc                        _sidata = LOADADDR (.data)

.rel.dyn        0x080038cc        0x0
 .rel.iplt      0x080038cc        0x0 C:/Users/Administrator/.eide/tools/gcc_arm/bin/../lib/gcc/arm-none-eabi/14.3.1/thumb/v7-m/nofp/crtbegin.o

.data           0x20000000       0x10 load address 0x080038cc
                0x20000000                        . = ALIGN (0x4)
                0x20000000                        _sdata = .
 *(.data)
 *(.data*)
 .data.SystemCoreClock
                0x20000000        0x4 ./build/Debug/.obj/Core/Src/system_stm32f1xx.o
                0x20000000                SystemCoreClock
 .data.uwTickFreq
                0x20000004        0x1 ./build/Debug/.obj/Drivers/STM32F1xx_HAL_Driver/Src/stm32f1xx_hal.o
                0x20000004                uwTickFreq
 *fill*         0x20000005        0x3 
 .data.uwTickPrio
                0x20000008        0x4 ./build/Debug/.obj/Drivers/STM32F1xx_HAL_Driver/Src/stm32f1xx_hal.o
                0x20000008                uwTickPrio
 .data.uxCriticalNesting
                0x2000000c        0x4 ./build/Debug/.obj/Middlewares/Third_Party/FreeRTOS/Source/portable/GCC/ARM_CM3/port.o
 *(.RamFunc)
 *(.RamFunc*)
                0x20000010                        . = ALIGN (0x4)
                0x20000010                        _edata = .

.tm_clone_table
                0x20000010        0x0 load address 0x080038dc
 .tm_clone_table
                0x20000010        0x0 C:/Users/Administrator/.eide/tools/gcc_arm/bin/../lib/gcc/arm-none-eabi/14.3.1/thumb/v7-m/nofp/crtbegin.o
 .tm_clone_table
                0x20000010        0x0 C:/Users/Administrator/.eide/tools/gcc_arm/bin/../lib/gcc/arm-none-eabi/14.3.1/thumb/v7-m/nofp/crtend.o

.igot.plt       0x20000010        0x0 load address 0x080038dc
 .igot.plt      0x20000010        0x0 C:/Users/Administrator/.eide/tools/gcc_arm/bin/../lib/gcc/arm-none-eabi/14.3.1/thumb/v7-m/nofp/crtbegin.o
                0x20000010                        . = ALIGN (0x4)

.bss            0x20000010     0x1a58 load address 0x080038dc
                0x20000010                        _sbss = .
                0x20000010                        __bss_start__ = _sbss
 *(.bss)
 *(.bss*)
 .bss.completed.1
                0x20000010        0x1 C:/Users/Administrator/.eide/tools/gcc_arm/bin/../lib/gcc/arm-none-eabi/14.3.1/thumb/v7-m/nofp/crtbegin.o
 *fill*         0x20000011        0x3 
 .bss.object.0  0x20000014       0x18 C:/Users/Administrator/.eide/tools/gcc_arm/bin/../lib/gcc/arm-none-eabi/14.3.1/thumb/v7-m/nofp/crtbegin.o
 .bss.UartTaskHandle
                0x2000002c        0x4 ./build/Debug/.obj/Core/Src/main.o
                0x2000002c                UartTaskHandle
 .bss.LEDTaskHandle
                0x20000030        0x4 ./build/Debug/.obj/Core/Src/main.o
                0x20000030                LEDTaskHandle
 .bss.hdma_usart2_tx
                0x20000034       0x44 ./build/Debug/.obj/Core/Src/main.o
                0x20000034                hdma_usart2_tx
 .bss.hdma_usart2_rx
                0x20000078       0x44 ./build/Debug/.obj/Core/Src/main.o
                0x20000078                hdma_usart2_rx
 .bss.huart2    0x200000bc       0x48 ./build/Debug/.obj/Core/Src/main.o
                0x200000bc                huart2
 .bss.receiveData
                0x20000104       0x10 ./build/Debug/.obj/Core/Src/main.o
                0x20000104                receiveData
 .bss.uwTick    0x20000114        0x4 ./build/Debug/.obj/Drivers/STM32F1xx_HAL_Driver/Src/stm32f1xx_hal.o
                0x20000114                uwTick
 .bss.Timer_Stack.0
                0x20000118      0x400 ./build/Debug/.obj/Middlewares/Third_Party/FreeRTOS/Source/CMSIS_RTOS_V2/cmsis_os2.o
 .bss.Timer_TCB.1
                0x20000518       0x5c ./build/Debug/.obj/Middlewares/Third_Party/FreeRTOS/Source/CMSIS_RTOS_V2/cmsis_os2.o
 .bss.Idle_Stack.2
                0x20000574      0x200 ./build/Debug/.obj/Middlewares/Third_Party/FreeRTOS/Source/CMSIS_RTOS_V2/cmsis_os2.o
 .bss.Idle_TCB.3
                0x20000774       0x5c ./build/Debug/.obj/Middlewares/Third_Party/FreeRTOS/Source/CMSIS_RTOS_V2/cmsis_os2.o
 .bss.KernelState
                0x200007d0        0x4 ./build/Debug/.obj/Middlewares/Third_Party/FreeRTOS/Source/CMSIS_RTOS_V2/cmsis_os2.o
 .bss.ulMaxPRIGROUPValue
                0x200007d4        0x4 ./build/Debug/.obj/Middlewares/Third_Party/FreeRTOS/Source/portable/GCC/ARM_CM3/port.o
 .bss.ucMaxSysCallPriority
                0x200007d8        0x1 ./build/Debug/.obj/Middlewares/Third_Party/FreeRTOS/Source/portable/GCC/ARM_CM3/port.o
 *fill*         0x200007d9        0x3 
 .bss.xBlockAllocatedBit
                0x200007dc        0x4 ./build/Debug/.obj/Middlewares/Third_Party/FreeRTOS/Source/portable/MemMang/heap_4.o
 .bss.xNumberOfSuccessfulFrees
                0x200007e0        0x4 ./build/Debug/.obj/Middlewares/Third_Party/FreeRTOS/Source/portable/MemMang/heap_4.o
 .bss.xNumberOfSuccessfulAllocations
                0x200007e4        0x4 ./build/Debug/.obj/Middlewares/Third_Party/FreeRTOS/Source/portable/MemMang/heap_4.o
 .bss.xMinimumEverFreeBytesRemaining
                0x200007e8        0x4 ./build/Debug/.obj/Middlewares/Third_Party/FreeRTOS/Source/portable/MemMang/heap_4.o
 .bss.xFreeBytesRemaining
                0x200007ec        0x4 ./build/Debug/.obj/Middlewares/Third_Party/FreeRTOS/Source/portable/MemMang/heap_4.o
 .bss.pxEnd     0x200007f0        0x4 ./build/Debug/.obj/Middlewares/Third_Party/FreeRTOS/Source/portable/MemMang/heap_4.o
 .bss.xStart    0x200007f4        0x8 ./build/Debug/.obj/Middlewares/Third_Party/FreeRTOS/Source/portable/MemMang/heap_4.o
 .bss.ucHeap    0x200007fc      0xc00 ./build/Debug/.obj/Middlewares/Third_Party/FreeRTOS/Source/portable/MemMang/heap_4.o
 .bss.xQueueRegistry
                0x200013fc       0x40 ./build/Debug/.obj/Middlewares/Third_Party/FreeRTOS/Source/queue.o
                0x200013fc                xQueueRegistry
 .bss.uxSchedulerSuspended
                0x2000143c        0x4 ./build/Debug/.obj/Middlewares/Third_Party/FreeRTOS/Source/tasks.o
 .bss.xIdleTaskHandle
                0x20001440        0x4 ./build/Debug/.obj/Middlewares/Third_Party/FreeRTOS/Source/tasks.o
 .bss.xNextTaskUnblockTime
                0x20001444        0x4 ./build/Debug/.obj/Middlewares/Third_Party/FreeRTOS/Source/tasks.o
 .bss.uxTaskNumber
                0x20001448        0x4 ./build/Debug/.obj/Middlewares/Third_Party/FreeRTOS/Source/tasks.o
 .bss.xNumOfOverflows
                0x2000144c        0x4 ./build/Debug/.obj/Middlewares/Third_Party/FreeRTOS/Source/tasks.o
 .bss.xYieldPending
                0x20001450        0x4 ./build/Debug/.obj/Middlewares/Third_Party/FreeRTOS/Source/tasks.o
 .bss.xPendedTicks
                0x20001454        0x4 ./build/Debug/.obj/Middlewares/Third_Party/FreeRTOS/Source/tasks.o
 .bss.xSchedulerRunning
                0x20001458        0x4 ./build/Debug/.obj/Middlewares/Third_Party/FreeRTOS/Source/tasks.o
 .bss.uxTopReadyPriority
                0x2000145c        0x4 ./build/Debug/.obj/Middlewares/Third_Party/FreeRTOS/Source/tasks.o
 .bss.xTickCount
                0x20001460        0x4 ./build/Debug/.obj/Middlewares/Third_Party/FreeRTOS/Source/tasks.o
 .bss.uxCurrentNumberOfTasks
                0x20001464        0x4 ./build/Debug/.obj/Middlewares/Third_Party/FreeRTOS/Source/tasks.o
 .bss.xSuspendedTaskList
                0x20001468       0x14 ./build/Debug/.obj/Middlewares/Third_Party/FreeRTOS/Source/tasks.o
 .bss.uxDeletedTasksWaitingCleanUp
                0x2000147c        0x4 ./build/Debug/.obj/Middlewares/Third_Party/FreeRTOS/Source/tasks.o
 .bss.xTasksWaitingTermination
                0x20001480       0x14 ./build/Debug/.obj/Middlewares/Third_Party/FreeRTOS/Source/tasks.o
 .bss.xPendingReadyList
                0x20001494       0x14 ./build/Debug/.obj/Middlewares/Third_Party/FreeRTOS/Source/tasks.o
 .bss.pxOverflowDelayedTaskList
                0x200014a8        0x4 ./build/Debug/.obj/Middlewares/Third_Party/FreeRTOS/Source/tasks.o
 .bss.pxDelayedTaskList
                0x200014ac        0x4 ./build/Debug/.obj/Middlewares/Third_Party/FreeRTOS/Source/tasks.o
 .bss.xDelayedTaskList2
                0x200014b0       0x14 ./build/Debug/.obj/Middlewares/Third_Party/FreeRTOS/Source/tasks.o
 .bss.xDelayedTaskList1
                0x200014c4       0x14 ./build/Debug/.obj/Middlewares/Third_Party/FreeRTOS/Source/tasks.o
 .bss.pxReadyTasksLists
                0x200014d8      0x460 ./build/Debug/.obj/Middlewares/Third_Party/FreeRTOS/Source/tasks.o
 .bss.pxCurrentTCB
                0x20001938        0x4 ./build/Debug/.obj/Middlewares/Third_Party/FreeRTOS/Source/tasks.o
                0x20001938                pxCurrentTCB
 .bss.xStaticTimerQueue.0
                0x2000193c       0x50 ./build/Debug/.obj/Middlewares/Third_Party/FreeRTOS/Source/timers.o
 .bss.ucStaticTimerQueueStorage.1
                0x2000198c       0xa0 ./build/Debug/.obj/Middlewares/Third_Party/FreeRTOS/Source/timers.o
 .bss.xLastTime.2
                0x20001a2c        0x4 ./build/Debug/.obj/Middlewares/Third_Party/FreeRTOS/Source/timers.o
 .bss.xTimerTaskHandle
                0x20001a30        0x4 ./build/Debug/.obj/Middlewares/Third_Party/FreeRTOS/Source/timers.o
 .bss.xTimerQueue
                0x20001a34        0x4 ./build/Debug/.obj/Middlewares/Third_Party/FreeRTOS/Source/timers.o
 .bss.pxOverflowTimerList
                0x20001a38        0x4 ./build/Debug/.obj/Middlewares/Third_Party/FreeRTOS/Source/timers.o
 .bss.pxCurrentTimerList
                0x20001a3c        0x4 ./build/Debug/.obj/Middlewares/Third_Party/FreeRTOS/Source/timers.o
 .bss.xActiveTimerList2
                0x20001a40       0x14 ./build/Debug/.obj/Middlewares/Third_Party/FreeRTOS/Source/timers.o
 .bss.xActiveTimerList1
                0x20001a54       0x14 ./build/Debug/.obj/Middlewares/Third_Party/FreeRTOS/Source/timers.o
 *(COMMON)
                0x20001a68                        . = ALIGN (0x4)
                0x20001a68                        _ebss = .
                0x20001a68                        __bss_end__ = _ebss

._user_heap_stack
                0x20001a68      0x600 load address 0x080038dc
                0x20001a68                        . = ALIGN (0x8)
                [!provide]                        PROVIDE (end = .)
                0x20001a68                        PROVIDE (_end = .)
                0x20001c68                        . = (. + _Min_Heap_Size)
 *fill*         0x20001a68      0x200 
                0x20002068                        . = (. + _Min_Stack_Size)
 *fill*         0x20001c68      0x400 
                0x20002068                        . = ALIGN (0x8)

/DISCARD/
 libc.a(*)
 libm.a(*)
 libgcc.a(*)

.ARM.attributes
                0x00000000       0x29
 *(.ARM.attributes)
 .ARM.attributes
                0x00000000       0x1d C:/Users/Administrator/.eide/tools/gcc_arm/bin/../lib/gcc/arm-none-eabi/14.3.1/thumb/v7-m/nofp/crti.o
 .ARM.attributes
                0x0000001d       0x2d C:/Users/Administrator/.eide/tools/gcc_arm/bin/../lib/gcc/arm-none-eabi/14.3.1/thumb/v7-m/nofp/crtbegin.o
 .ARM.attributes
                0x0000004a       0x2d ./build/Debug/.obj/Core/Src/main.o
 .ARM.attributes
                0x00000077       0x2d ./build/Debug/.obj/Core/Src/stm32f1xx_hal_msp.o
 .ARM.attributes
                0x000000a4       0x2d ./build/Debug/.obj/Core/Src/stm32f1xx_it.o
 .ARM.attributes
                0x000000d1       0x2d ./build/Debug/.obj/Core/Src/system_stm32f1xx.o
 .ARM.attributes
                0x000000fe       0x21 ./build/Debug/.obj/Core/Startup/startup_stm32f103c8tx.o
 .ARM.attributes
                0x0000011f       0x2d ./build/Debug/.obj/Drivers/STM32F1xx_HAL_Driver/Src/stm32f1xx_hal.o
 .ARM.attributes
                0x0000014c       0x2d ./build/Debug/.obj/Drivers/STM32F1xx_HAL_Driver/Src/stm32f1xx_hal_cortex.o
 .ARM.attributes
                0x00000179       0x2d ./build/Debug/.obj/Drivers/STM32F1xx_HAL_Driver/Src/stm32f1xx_hal_dma.o
 .ARM.attributes
                0x000001a6       0x2d ./build/Debug/.obj/Drivers/STM32F1xx_HAL_Driver/Src/stm32f1xx_hal_gpio.o
 .ARM.attributes
                0x000001d3       0x2d ./build/Debug/.obj/Drivers/STM32F1xx_HAL_Driver/Src/stm32f1xx_hal_rcc.o
 .ARM.attributes
                0x00000200       0x2d ./build/Debug/.obj/Drivers/STM32F1xx_HAL_Driver/Src/stm32f1xx_hal_uart.o
 .ARM.attributes
                0x0000022d       0x2d ./build/Debug/.obj/Middlewares/Third_Party/FreeRTOS/Source/CMSIS_RTOS_V2/cmsis_os2.o
 .ARM.attributes
                0x0000025a       0x2d ./build/Debug/.obj/Middlewares/Third_Party/FreeRTOS/Source/list.o
 .ARM.attributes
                0x00000287       0x2d ./build/Debug/.obj/Middlewares/Third_Party/FreeRTOS/Source/portable/GCC/ARM_CM3/port.o
 .ARM.attributes
                0x000002b4       0x2d ./build/Debug/.obj/Middlewares/Third_Party/FreeRTOS/Source/portable/MemMang/heap_4.o
 .ARM.attributes
                0x000002e1       0x2d ./build/Debug/.obj/Middlewares/Third_Party/FreeRTOS/Source/queue.o
 .ARM.attributes
                0x0000030e       0x2d ./build/Debug/.obj/Middlewares/Third_Party/FreeRTOS/Source/tasks.o
 .ARM.attributes
                0x0000033b       0x2d ./build/Debug/.obj/Middlewares/Third_Party/FreeRTOS/Source/timers.o
 .ARM.attributes
                0x00000368       0x2d C:/Users/Administrator/.eide/tools/gcc_arm/bin/../lib/gcc/arm-none-eabi/14.3.1/../../../../arm-none-eabi/lib/thumb/v7-m/nofp\libc_nano.a(libc_a-memset.o)
 .ARM.attributes
                0x00000395       0x2d C:/Users/Administrator/.eide/tools/gcc_arm/bin/../lib/gcc/arm-none-eabi/14.3.1/../../../../arm-none-eabi/lib/thumb/v7-m/nofp\libc_nano.a(libc_a-init.o)
 .ARM.attributes
                0x000003c2       0x2d C:/Users/Administrator/.eide/tools/gcc_arm/bin/../lib/gcc/arm-none-eabi/14.3.1/../../../../arm-none-eabi/lib/thumb/v7-m/nofp\libc_nano.a(libc_a-memcpy-stub.o)
 .ARM.attributes
                0x000003ef       0x2d C:/Users/Administrator/.eide/tools/gcc_arm/bin/../lib/gcc/arm-none-eabi/14.3.1/thumb/v7-m/nofp/crtend.o
 .ARM.attributes
                0x0000041c       0x1d C:/Users/Administrator/.eide/tools/gcc_arm/bin/../lib/gcc/arm-none-eabi/14.3.1/thumb/v7-m/nofp/crtn.o
OUTPUT(./build/Debug/Interrupt.elf elf32-littlearm)
LOAD linker stubs
LOAD C:/Users/Administrator/.eide/tools/gcc_arm/bin/../lib/gcc/arm-none-eabi/14.3.1/../../../../arm-none-eabi/lib/thumb/v7-m/nofp\libc.a
LOAD C:/Users/Administrator/.eide/tools/gcc_arm/bin/../lib/gcc/arm-none-eabi/14.3.1/../../../../arm-none-eabi/lib/thumb/v7-m/nofp\libm.a
LOAD C:/Users/Administrator/.eide/tools/gcc_arm/bin/../lib/gcc/arm-none-eabi/14.3.1/thumb/v7-m/nofp\libgcc.a

.debug_info     0x00000000    0x16034
 .debug_info    0x00000000     0x12c9 ./build/Debug/.obj/Core/Src/main.o
 .debug_info    0x000012c9      0xaf7 ./build/Debug/.obj/Core/Src/stm32f1xx_hal_msp.o
 .debug_info    0x00001dc0      0x6b7 ./build/Debug/.obj/Core/Src/stm32f1xx_it.o
 .debug_info    0x00002477      0x22d ./build/Debug/.obj/Core/Src/system_stm32f1xx.o
 .debug_info    0x000026a4       0x30 ./build/Debug/.obj/Core/Startup/startup_stm32f103c8tx.o
 .debug_info    0x000026d4      0x7a2 ./build/Debug/.obj/Drivers/STM32F1xx_HAL_Driver/Src/stm32f1xx_hal.o
 .debug_info    0x00002e76      0xcd9 ./build/Debug/.obj/Drivers/STM32F1xx_HAL_Driver/Src/stm32f1xx_hal_cortex.o
 .debug_info    0x00003b4f      0x7f2 ./build/Debug/.obj/Drivers/STM32F1xx_HAL_Driver/Src/stm32f1xx_hal_dma.o
 .debug_info    0x00004341      0x604 ./build/Debug/.obj/Drivers/STM32F1xx_HAL_Driver/Src/stm32f1xx_hal_gpio.o
 .debug_info    0x00004945      0x9c7 ./build/Debug/.obj/Drivers/STM32F1xx_HAL_Driver/Src/stm32f1xx_hal_rcc.o
 .debug_info    0x0000530c     0x3f85 ./build/Debug/.obj/Drivers/STM32F1xx_HAL_Driver/Src/stm32f1xx_hal_uart.o
 .debug_info    0x00009291     0x4d11 ./build/Debug/.obj/Middlewares/Third_Party/FreeRTOS/Source/CMSIS_RTOS_V2/cmsis_os2.o
 .debug_info    0x0000dfa2      0x2bf ./build/Debug/.obj/Middlewares/Third_Party/FreeRTOS/Source/list.o
 .debug_info    0x0000e261      0x505 ./build/Debug/.obj/Middlewares/Third_Party/FreeRTOS/Source/portable/GCC/ARM_CM3/port.o
 .debug_info    0x0000e766      0x593 ./build/Debug/.obj/Middlewares/Third_Party/FreeRTOS/Source/portable/MemMang/heap_4.o
 .debug_info    0x0000ecf9     0x27a8 ./build/Debug/.obj/Middlewares/Third_Party/FreeRTOS/Source/queue.o
 .debug_info    0x000114a1     0x307f ./build/Debug/.obj/Middlewares/Third_Party/FreeRTOS/Source/tasks.o
 .debug_info    0x00014520     0x1b14 ./build/Debug/.obj/Middlewares/Third_Party/FreeRTOS/Source/timers.o

.debug_abbrev   0x00000000     0x2eaf
 .debug_abbrev  0x00000000      0x2e7 ./build/Debug/.obj/Core/Src/main.o
 .debug_abbrev  0x000002e7      0x23d ./build/Debug/.obj/Core/Src/stm32f1xx_hal_msp.o
 .debug_abbrev  0x00000524      0x1d0 ./build/Debug/.obj/Core/Src/stm32f1xx_it.o
 .debug_abbrev  0x000006f4      0x143 ./build/Debug/.obj/Core/Src/system_stm32f1xx.o
 .debug_abbrev  0x00000837       0x24 ./build/Debug/.obj/Core/Startup/startup_stm32f103c8tx.o
 .debug_abbrev  0x0000085b      0x22d ./build/Debug/.obj/Drivers/STM32F1xx_HAL_Driver/Src/stm32f1xx_hal.o
 .debug_abbrev  0x00000a88      0x36d ./build/Debug/.obj/Drivers/STM32F1xx_HAL_Driver/Src/stm32f1xx_hal_cortex.o
 .debug_abbrev  0x00000df5      0x244 ./build/Debug/.obj/Drivers/STM32F1xx_HAL_Driver/Src/stm32f1xx_hal_dma.o
 .debug_abbrev  0x00001039      0x1f7 ./build/Debug/.obj/Drivers/STM32F1xx_HAL_Driver/Src/stm32f1xx_hal_gpio.o
 .debug_abbrev  0x00001230      0x2a0 ./build/Debug/.obj/Drivers/STM32F1xx_HAL_Driver/Src/stm32f1xx_hal_rcc.o
 .debug_abbrev  0x000014d0      0x31c ./build/Debug/.obj/Drivers/STM32F1xx_HAL_Driver/Src/stm32f1xx_hal_uart.o
 .debug_abbrev  0x000017ec      0x5b3 ./build/Debug/.obj/Middlewares/Third_Party/FreeRTOS/Source/CMSIS_RTOS_V2/cmsis_os2.o
 .debug_abbrev  0x00001d9f      0x10a ./build/Debug/.obj/Middlewares/Third_Party/FreeRTOS/Source/list.o
 .debug_abbrev  0x00001ea9      0x2a4 ./build/Debug/.obj/Middlewares/Third_Party/FreeRTOS/Source/portable/GCC/ARM_CM3/port.o
 .debug_abbrev  0x0000214d      0x263 ./build/Debug/.obj/Middlewares/Third_Party/FreeRTOS/Source/portable/MemMang/heap_4.o
 .debug_abbrev  0x000023b0      0x3ea ./build/Debug/.obj/Middlewares/Third_Party/FreeRTOS/Source/queue.o
 .debug_abbrev  0x0000279a      0x394 ./build/Debug/.obj/Middlewares/Third_Party/FreeRTOS/Source/tasks.o
 .debug_abbrev  0x00002b2e      0x381 ./build/Debug/.obj/Middlewares/Third_Party/FreeRTOS/Source/timers.o

.debug_loclists
                0x00000000     0xb1db
 .debug_loclists
                0x00000000       0x9d ./build/Debug/.obj/Core/Src/main.o
 .debug_loclists
                0x0000009d       0x67 ./build/Debug/.obj/Core/Src/stm32f1xx_hal_msp.o
 .debug_loclists
                0x00000104       0xb7 ./build/Debug/.obj/Core/Src/system_stm32f1xx.o
 .debug_loclists
                0x000001bb       0xe1 ./build/Debug/.obj/Drivers/STM32F1xx_HAL_Driver/Src/stm32f1xx_hal.o
 .debug_loclists
                0x0000029c      0x530 ./build/Debug/.obj/Drivers/STM32F1xx_HAL_Driver/Src/stm32f1xx_hal_cortex.o
 .debug_loclists
                0x000007cc      0x562 ./build/Debug/.obj/Drivers/STM32F1xx_HAL_Driver/Src/stm32f1xx_hal_dma.o
 .debug_loclists
                0x00000d2e      0x300 ./build/Debug/.obj/Drivers/STM32F1xx_HAL_Driver/Src/stm32f1xx_hal_gpio.o
 .debug_loclists
                0x0000102e      0x42e ./build/Debug/.obj/Drivers/STM32F1xx_HAL_Driver/Src/stm32f1xx_hal_rcc.o
 .debug_loclists
                0x0000145c     0x2cdc ./build/Debug/.obj/Drivers/STM32F1xx_HAL_Driver/Src/stm32f1xx_hal_uart.o
 .debug_loclists
                0x00004138     0x38e6 ./build/Debug/.obj/Middlewares/Third_Party/FreeRTOS/Source/CMSIS_RTOS_V2/cmsis_os2.o
 .debug_loclists
                0x00007a1e       0x75 ./build/Debug/.obj/Middlewares/Third_Party/FreeRTOS/Source/list.o
 .debug_loclists
                0x00007a93       0x98 ./build/Debug/.obj/Middlewares/Third_Party/FreeRTOS/Source/portable/GCC/ARM_CM3/port.o
 .debug_loclists
                0x00007b2b      0x2b7 ./build/Debug/.obj/Middlewares/Third_Party/FreeRTOS/Source/portable/MemMang/heap_4.o
 .debug_loclists
                0x00007de2     0x1132 ./build/Debug/.obj/Middlewares/Third_Party/FreeRTOS/Source/queue.o
 .debug_loclists
                0x00008f14     0x1716 ./build/Debug/.obj/Middlewares/Third_Party/FreeRTOS/Source/tasks.o
 .debug_loclists
                0x0000a62a      0xbb1 ./build/Debug/.obj/Middlewares/Third_Party/FreeRTOS/Source/timers.o

.debug_aranges  0x00000000      0xe60
 .debug_aranges
                0x00000000       0x68 ./build/Debug/.obj/Core/Src/main.o
 .debug_aranges
                0x00000068       0x30 ./build/Debug/.obj/Core/Src/stm32f1xx_hal_msp.o
 .debug_aranges
                0x00000098       0x70 ./build/Debug/.obj/Core/Src/stm32f1xx_it.o
 .debug_aranges
                0x00000108       0x28 ./build/Debug/.obj/Core/Src/system_stm32f1xx.o
 .debug_aranges
                0x00000130       0x28 ./build/Debug/.obj/Core/Startup/startup_stm32f103c8tx.o
 .debug_aranges
                0x00000158       0xe0 ./build/Debug/.obj/Drivers/STM32F1xx_HAL_Driver/Src/stm32f1xx_hal.o
 .debug_aranges
                0x00000238       0xc0 ./build/Debug/.obj/Drivers/STM32F1xx_HAL_Driver/Src/stm32f1xx_hal_cortex.o
 .debug_aranges
                0x000002f8       0x80 ./build/Debug/.obj/Drivers/STM32F1xx_HAL_Driver/Src/stm32f1xx_hal_dma.o
 .debug_aranges
                0x00000378       0x58 ./build/Debug/.obj/Drivers/STM32F1xx_HAL_Driver/Src/stm32f1xx_hal_gpio.o
 .debug_aranges
                0x000003d0       0x90 ./build/Debug/.obj/Drivers/STM32F1xx_HAL_Driver/Src/stm32f1xx_hal_rcc.o
 .debug_aranges
                0x00000460      0x208 ./build/Debug/.obj/Drivers/STM32F1xx_HAL_Driver/Src/stm32f1xx_hal_uart.o
 .debug_aranges
                0x00000668      0x298 ./build/Debug/.obj/Middlewares/Third_Party/FreeRTOS/Source/CMSIS_RTOS_V2/cmsis_os2.o
 .debug_aranges
                0x00000900       0x40 ./build/Debug/.obj/Middlewares/Third_Party/FreeRTOS/Source/list.o
 .debug_aranges
                0x00000940       0x78 ./build/Debug/.obj/Middlewares/Third_Party/FreeRTOS/Source/portable/GCC/ARM_CM3/port.o
 .debug_aranges
                0x000009b8       0x58 ./build/Debug/.obj/Middlewares/Third_Party/FreeRTOS/Source/portable/MemMang/heap_4.o
 .debug_aranges
                0x00000a10      0x158 ./build/Debug/.obj/Middlewares/Third_Party/FreeRTOS/Source/queue.o
 .debug_aranges
                0x00000b68      0x208 ./build/Debug/.obj/Middlewares/Third_Party/FreeRTOS/Source/tasks.o
 .debug_aranges
                0x00000d70       0xf0 ./build/Debug/.obj/Middlewares/Third_Party/FreeRTOS/Source/timers.o

.debug_rnglists
                0x00000000      0xbe6
 .debug_rnglists
                0x00000000       0x4a ./build/Debug/.obj/Core/Src/main.o
 .debug_rnglists
                0x0000004a       0x20 ./build/Debug/.obj/Core/Src/stm32f1xx_hal_msp.o
 .debug_rnglists
                0x0000006a       0x4f ./build/Debug/.obj/Core/Src/stm32f1xx_it.o
 .debug_rnglists
                0x000000b9       0x1a ./build/Debug/.obj/Core/Src/system_stm32f1xx.o
 .debug_rnglists
                0x000000d3       0x19 ./build/Debug/.obj/Core/Startup/startup_stm32f103c8tx.o
 .debug_rnglists
                0x000000ec       0xa3 ./build/Debug/.obj/Drivers/STM32F1xx_HAL_Driver/Src/stm32f1xx_hal.o
 .debug_rnglists
                0x0000018f       0x8b ./build/Debug/.obj/Drivers/STM32F1xx_HAL_Driver/Src/stm32f1xx_hal_cortex.o
 .debug_rnglists
                0x0000021a       0x5e ./build/Debug/.obj/Drivers/STM32F1xx_HAL_Driver/Src/stm32f1xx_hal_dma.o
 .debug_rnglists
                0x00000278       0x3f ./build/Debug/.obj/Drivers/STM32F1xx_HAL_Driver/Src/stm32f1xx_hal_gpio.o
 .debug_rnglists
                0x000002b7       0x7d ./build/Debug/.obj/Drivers/STM32F1xx_HAL_Driver/Src/stm32f1xx_hal_rcc.o
 .debug_rnglists
                0x00000334      0x1a1 ./build/Debug/.obj/Drivers/STM32F1xx_HAL_Driver/Src/stm32f1xx_hal_uart.o
 .debug_rnglists
                0x000004d5      0x1f8 ./build/Debug/.obj/Middlewares/Third_Party/FreeRTOS/Source/CMSIS_RTOS_V2/cmsis_os2.o
 .debug_rnglists
                0x000006cd       0x2b ./build/Debug/.obj/Middlewares/Third_Party/FreeRTOS/Source/list.o
 .debug_rnglists
                0x000006f8       0x56 ./build/Debug/.obj/Middlewares/Third_Party/FreeRTOS/Source/portable/GCC/ARM_CM3/port.o
 .debug_rnglists
                0x0000074e       0x3f ./build/Debug/.obj/Middlewares/Third_Party/FreeRTOS/Source/portable/MemMang/heap_4.o
 .debug_rnglists
                0x0000078d      0x170 ./build/Debug/.obj/Middlewares/Third_Party/FreeRTOS/Source/queue.o
 .debug_rnglists
                0x000008fd      0x239 ./build/Debug/.obj/Middlewares/Third_Party/FreeRTOS/Source/tasks.o
 .debug_rnglists
                0x00000b36       0xb0 ./build/Debug/.obj/Middlewares/Third_Party/FreeRTOS/Source/timers.o

.debug_line     0x00000000     0xf2d8
 .debug_line    0x00000000      0x522 ./build/Debug/.obj/Core/Src/main.o
 .debug_line    0x00000522      0x358 ./build/Debug/.obj/Core/Src/stm32f1xx_hal_msp.o
 .debug_line    0x0000087a      0x37d ./build/Debug/.obj/Core/Src/stm32f1xx_it.o
 .debug_line    0x00000bf7      0x21b ./build/Debug/.obj/Core/Src/system_stm32f1xx.o
 .debug_line    0x00000e12       0x78 ./build/Debug/.obj/Core/Startup/startup_stm32f103c8tx.o
 .debug_line    0x00000e8a      0x504 ./build/Debug/.obj/Drivers/STM32F1xx_HAL_Driver/Src/stm32f1xx_hal.o
 .debug_line    0x0000138e      0x67d ./build/Debug/.obj/Drivers/STM32F1xx_HAL_Driver/Src/stm32f1xx_hal_cortex.o
 .debug_line    0x00001a0b      0xab4 ./build/Debug/.obj/Drivers/STM32F1xx_HAL_Driver/Src/stm32f1xx_hal_dma.o
 .debug_line    0x000024bf      0x59f ./build/Debug/.obj/Drivers/STM32F1xx_HAL_Driver/Src/stm32f1xx_hal_gpio.o
 .debug_line    0x00002a5e      0xc86 ./build/Debug/.obj/Drivers/STM32F1xx_HAL_Driver/Src/stm32f1xx_hal_rcc.o
 .debug_line    0x000036e4     0x3370 ./build/Debug/.obj/Drivers/STM32F1xx_HAL_Driver/Src/stm32f1xx_hal_uart.o
 .debug_line    0x00006a54     0x2ba9 ./build/Debug/.obj/Middlewares/Third_Party/FreeRTOS/Source/CMSIS_RTOS_V2/cmsis_os2.o
 .debug_line    0x000095fd      0x34a ./build/Debug/.obj/Middlewares/Third_Party/FreeRTOS/Source/list.o
 .debug_line    0x00009947      0x56e ./build/Debug/.obj/Middlewares/Third_Party/FreeRTOS/Source/portable/GCC/ARM_CM3/port.o
 .debug_line    0x00009eb5      0x6c6 ./build/Debug/.obj/Middlewares/Third_Party/FreeRTOS/Source/portable/MemMang/heap_4.o
 .debug_line    0x0000a57b     0x1aac ./build/Debug/.obj/Middlewares/Third_Party/FreeRTOS/Source/queue.o
 .debug_line    0x0000c027     0x25ab ./build/Debug/.obj/Middlewares/Third_Party/FreeRTOS/Source/tasks.o
 .debug_line    0x0000e5d2      0xd06 ./build/Debug/.obj/Middlewares/Third_Party/FreeRTOS/Source/timers.o

.debug_str      0x00000000     0x5285
 .debug_str     0x00000000     0x5285 ./build/Debug/.obj/Core/Src/main.o
                               0x1188 (size before relaxing)
 .debug_str     0x00005285      0xa09 ./build/Debug/.obj/Core/Src/stm32f1xx_hal_msp.o
 .debug_str     0x00005285      0x6d8 ./build/Debug/.obj/Core/Src/stm32f1xx_it.o
 .debug_str     0x00005285      0x21e ./build/Debug/.obj/Core/Src/system_stm32f1xx.o
 .debug_str     0x00005285       0x55 ./build/Debug/.obj/Core/Startup/startup_stm32f103c8tx.o
 .debug_str     0x00005285      0x7f8 ./build/Debug/.obj/Drivers/STM32F1xx_HAL_Driver/Src/stm32f1xx_hal.o
 .debug_str     0x00005285      0x89d ./build/Debug/.obj/Drivers/STM32F1xx_HAL_Driver/Src/stm32f1xx_hal_cortex.o
 .debug_str     0x00005285      0x5c7 ./build/Debug/.obj/Drivers/STM32F1xx_HAL_Driver/Src/stm32f1xx_hal_dma.o
 .debug_str     0x00005285      0x3ca ./build/Debug/.obj/Drivers/STM32F1xx_HAL_Driver/Src/stm32f1xx_hal_gpio.o
 .debug_str     0x00005285      0x5f5 ./build/Debug/.obj/Drivers/STM32F1xx_HAL_Driver/Src/stm32f1xx_hal_rcc.o
 .debug_str     0x00005285      0xcbe ./build/Debug/.obj/Drivers/STM32F1xx_HAL_Driver/Src/stm32f1xx_hal_uart.o
 .debug_str     0x00005285     0x1f42 ./build/Debug/.obj/Middlewares/Third_Party/FreeRTOS/Source/CMSIS_RTOS_V2/cmsis_os2.o
 .debug_str     0x00005285      0x2bf ./build/Debug/.obj/Middlewares/Third_Party/FreeRTOS/Source/list.o
 .debug_str     0x00005285      0x42f ./build/Debug/.obj/Middlewares/Third_Party/FreeRTOS/Source/portable/GCC/ARM_CM3/port.o
 .debug_str     0x00005285      0x4d8 ./build/Debug/.obj/Middlewares/Third_Party/FreeRTOS/Source/portable/MemMang/heap_4.o
 .debug_str     0x00005285      0xcd5 ./build/Debug/.obj/Middlewares/Third_Party/FreeRTOS/Source/queue.o
 .debug_str     0x00005285     0x12a4 ./build/Debug/.obj/Middlewares/Third_Party/FreeRTOS/Source/tasks.o
 .debug_str     0x00005285      0xc05 ./build/Debug/.obj/Middlewares/Third_Party/FreeRTOS/Source/timers.o

.comment        0x00000000       0x46
 .comment       0x00000000       0x46 ./build/Debug/.obj/Core/Src/main.o
                                 0x47 (size before relaxing)
 .comment       0x00000046       0x47 ./build/Debug/.obj/Core/Src/stm32f1xx_hal_msp.o
 .comment       0x00000046       0x47 ./build/Debug/.obj/Core/Src/stm32f1xx_it.o
 .comment       0x00000046       0x47 ./build/Debug/.obj/Core/Src/system_stm32f1xx.o
 .comment       0x00000046       0x47 ./build/Debug/.obj/Drivers/STM32F1xx_HAL_Driver/Src/stm32f1xx_hal.o
 .comment       0x00000046       0x47 ./build/Debug/.obj/Drivers/STM32F1xx_HAL_Driver/Src/stm32f1xx_hal_cortex.o
 .comment       0x00000046       0x47 ./build/Debug/.obj/Drivers/STM32F1xx_HAL_Driver/Src/stm32f1xx_hal_dma.o
 .comment       0x00000046       0x47 ./build/Debug/.obj/Drivers/STM32F1xx_HAL_Driver/Src/stm32f1xx_hal_gpio.o
 .comment       0x00000046       0x47 ./build/Debug/.obj/Drivers/STM32F1xx_HAL_Driver/Src/stm32f1xx_hal_rcc.o
 .comment       0x00000046       0x47 ./build/Debug/.obj/Drivers/STM32F1xx_HAL_Driver/Src/stm32f1xx_hal_uart.o
 .comment       0x00000046       0x47 ./build/Debug/.obj/Middlewares/Third_Party/FreeRTOS/Source/CMSIS_RTOS_V2/cmsis_os2.o
 .comment       0x00000046       0x47 ./build/Debug/.obj/Middlewares/Third_Party/FreeRTOS/Source/list.o
 .comment       0x00000046       0x47 ./build/Debug/.obj/Middlewares/Third_Party/FreeRTOS/Source/portable/GCC/ARM_CM3/port.o
 .comment       0x00000046       0x47 ./build/Debug/.obj/Middlewares/Third_Party/FreeRTOS/Source/portable/MemMang/heap_4.o
 .comment       0x00000046       0x47 ./build/Debug/.obj/Middlewares/Third_Party/FreeRTOS/Source/queue.o
 .comment       0x00000046       0x47 ./build/Debug/.obj/Middlewares/Third_Party/FreeRTOS/Source/tasks.o
 .comment       0x00000046       0x47 ./build/Debug/.obj/Middlewares/Third_Party/FreeRTOS/Source/timers.o

.debug_frame    0x00000000     0x2900
 .debug_frame   0x00000000      0x118 ./build/Debug/.obj/Core/Src/main.o
 .debug_frame   0x00000118       0x6c ./build/Debug/.obj/Core/Src/stm32f1xx_hal_msp.o
 .debug_frame   0x00000184       0xe8 ./build/Debug/.obj/Core/Src/stm32f1xx_it.o
 .debug_frame   0x0000026c       0x30 ./build/Debug/.obj/Core/Src/system_stm32f1xx.o
 .debug_frame   0x0000029c      0x1cc ./build/Debug/.obj/Drivers/STM32F1xx_HAL_Driver/Src/stm32f1xx_hal.o
 .debug_frame   0x00000468      0x19c ./build/Debug/.obj/Drivers/STM32F1xx_HAL_Driver/Src/stm32f1xx_hal_cortex.o
 .debug_frame   0x00000604      0x144 ./build/Debug/.obj/Drivers/STM32F1xx_HAL_Driver/Src/stm32f1xx_hal_dma.o
 .debug_frame   0x00000748       0xe4 ./build/Debug/.obj/Drivers/STM32F1xx_HAL_Driver/Src/stm32f1xx_hal_gpio.o
 .debug_frame   0x0000082c      0x184 ./build/Debug/.obj/Drivers/STM32F1xx_HAL_Driver/Src/stm32f1xx_hal_rcc.o
 .debug_frame   0x000009b0      0x5dc ./build/Debug/.obj/Drivers/STM32F1xx_HAL_Driver/Src/stm32f1xx_hal_uart.o
 .debug_frame   0x00000f8c      0x8f0 ./build/Debug/.obj/Middlewares/Third_Party/FreeRTOS/Source/CMSIS_RTOS_V2/cmsis_os2.o
 .debug_frame   0x0000187c       0x70 ./build/Debug/.obj/Middlewares/Third_Party/FreeRTOS/Source/list.o
 .debug_frame   0x000018ec       0xf0 ./build/Debug/.obj/Middlewares/Third_Party/FreeRTOS/Source/portable/GCC/ARM_CM3/port.o
 .debug_frame   0x000019dc       0xd0 ./build/Debug/.obj/Middlewares/Third_Party/FreeRTOS/Source/portable/MemMang/heap_4.o
 .debug_frame   0x00001aac      0x454 ./build/Debug/.obj/Middlewares/Third_Party/FreeRTOS/Source/queue.o
 .debug_frame   0x00001f00      0x680 ./build/Debug/.obj/Middlewares/Third_Party/FreeRTOS/Source/tasks.o
 .debug_frame   0x00002580      0x30c ./build/Debug/.obj/Middlewares/Third_Party/FreeRTOS/Source/timers.o
 .debug_frame   0x0000288c       0x20 C:/Users/Administrator/.eide/tools/gcc_arm/bin/../lib/gcc/arm-none-eabi/14.3.1/../../../../arm-none-eabi/lib/thumb/v7-m/nofp\libc_nano.a(libc_a-memset.o)
 .debug_frame   0x000028ac       0x2c C:/Users/Administrator/.eide/tools/gcc_arm/bin/../lib/gcc/arm-none-eabi/14.3.1/../../../../arm-none-eabi/lib/thumb/v7-m/nofp\libc_nano.a(libc_a-init.o)
 .debug_frame   0x000028d8       0x28 C:/Users/Administrator/.eide/tools/gcc_arm/bin/../lib/gcc/arm-none-eabi/14.3.1/../../../../arm-none-eabi/lib/thumb/v7-m/nofp\libc_nano.a(libc_a-memcpy-stub.o)

.debug_line_str
                0x00000000       0x39
 .debug_line_str
                0x00000000       0x39 ./build/Debug/.obj/Core/Startup/startup_stm32f103c8tx.o
