Archive member included to satisfy reference by file (symbol)

C:/Users/Administrator/.eide/tools/gcc_arm/bin/../lib/gcc/arm-none-eabi/14.3.1/../../../../arm-none-eabi/lib/thumb/v7-m/nofp\libc_nano.a(libc_a-exit.o)
                              C:/Users/Administrator/.eide/tools/gcc_arm/bin/../lib/gcc/arm-none-eabi/14.3.1/../../../../arm-none-eabi/lib/thumb/v7-m/nofp/crt0.o (exit)
C:/Users/Administrator/.eide/tools/gcc_arm/bin/../lib/gcc/arm-none-eabi/14.3.1/../../../../arm-none-eabi/lib/thumb/v7-m/nofp\libc_nano.a(libc_a-findfp.o)
                              C:/Users/Administrator/.eide/tools/gcc_arm/bin/../lib/gcc/arm-none-eabi/14.3.1/../../../../arm-none-eabi/lib/thumb/v7-m/nofp\libc_nano.a(libc_a-exit.o) (__stdio_exit_handler)
C:/Users/Administrator/.eide/tools/gcc_arm/bin/../lib/gcc/arm-none-eabi/14.3.1/../../../../arm-none-eabi/lib/thumb/v7-m/nofp\libc_nano.a(libc_a-fwalk.o)
                              C:/Users/Administrator/.eide/tools/gcc_arm/bin/../lib/gcc/arm-none-eabi/14.3.1/../../../../arm-none-eabi/lib/thumb/v7-m/nofp\libc_nano.a(libc_a-findfp.o) (_fwalk_sglue)
C:/Users/Administrator/.eide/tools/gcc_arm/bin/../lib/gcc/arm-none-eabi/14.3.1/../../../../arm-none-eabi/lib/thumb/v7-m/nofp\libc_nano.a(libc_a-printf.o)
                              ./build/Debug/.obj/Core/Src/main.o (printf)
C:/Users/Administrator/.eide/tools/gcc_arm/bin/../lib/gcc/arm-none-eabi/14.3.1/../../../../arm-none-eabi/lib/thumb/v7-m/nofp\libc_nano.a(libc_a-puts.o)
                              ./build/Debug/.obj/Core/Src/main.o (puts)
C:/Users/Administrator/.eide/tools/gcc_arm/bin/../lib/gcc/arm-none-eabi/14.3.1/../../../../arm-none-eabi/lib/thumb/v7-m/nofp\libc_nano.a(libc_a-stdio.o)
                              C:/Users/Administrator/.eide/tools/gcc_arm/bin/../lib/gcc/arm-none-eabi/14.3.1/../../../../arm-none-eabi/lib/thumb/v7-m/nofp\libc_nano.a(libc_a-findfp.o) (__sread)
C:/Users/Administrator/.eide/tools/gcc_arm/bin/../lib/gcc/arm-none-eabi/14.3.1/../../../../arm-none-eabi/lib/thumb/v7-m/nofp\libc_nano.a(libc_a-wbuf.o)
                              C:/Users/Administrator/.eide/tools/gcc_arm/bin/../lib/gcc/arm-none-eabi/14.3.1/../../../../arm-none-eabi/lib/thumb/v7-m/nofp\libc_nano.a(libc_a-puts.o) (__swbuf_r)
C:/Users/Administrator/.eide/tools/gcc_arm/bin/../lib/gcc/arm-none-eabi/14.3.1/../../../../arm-none-eabi/lib/thumb/v7-m/nofp\libc_nano.a(libc_a-wsetup.o)
                              C:/Users/Administrator/.eide/tools/gcc_arm/bin/../lib/gcc/arm-none-eabi/14.3.1/../../../../arm-none-eabi/lib/thumb/v7-m/nofp\libc_nano.a(libc_a-puts.o) (__swsetup_r)
C:/Users/Administrator/.eide/tools/gcc_arm/bin/../lib/gcc/arm-none-eabi/14.3.1/../../../../arm-none-eabi/lib/thumb/v7-m/nofp\libc_nano.a(libc_a-memset.o)
                              C:/Users/Administrator/.eide/tools/gcc_arm/bin/../lib/gcc/arm-none-eabi/14.3.1/../../../../arm-none-eabi/lib/thumb/v7-m/nofp/crt0.o (memset)
C:/Users/Administrator/.eide/tools/gcc_arm/bin/../lib/gcc/arm-none-eabi/14.3.1/../../../../arm-none-eabi/lib/thumb/v7-m/nofp\libc_nano.a(libc_a-closer.o)
                              C:/Users/Administrator/.eide/tools/gcc_arm/bin/../lib/gcc/arm-none-eabi/14.3.1/../../../../arm-none-eabi/lib/thumb/v7-m/nofp\libc_nano.a(libc_a-stdio.o) (_close_r)
C:/Users/Administrator/.eide/tools/gcc_arm/bin/../lib/gcc/arm-none-eabi/14.3.1/../../../../arm-none-eabi/lib/thumb/v7-m/nofp\libc_nano.a(libc_a-reent.o)
                              C:/Users/Administrator/.eide/tools/gcc_arm/bin/../lib/gcc/arm-none-eabi/14.3.1/../../../../arm-none-eabi/lib/thumb/v7-m/nofp\libc_nano.a(libc_a-closer.o) (errno)
C:/Users/Administrator/.eide/tools/gcc_arm/bin/../lib/gcc/arm-none-eabi/14.3.1/../../../../arm-none-eabi/lib/thumb/v7-m/nofp\libc_nano.a(libc_a-impure.o)
                              C:/Users/Administrator/.eide/tools/gcc_arm/bin/../lib/gcc/arm-none-eabi/14.3.1/../../../../arm-none-eabi/lib/thumb/v7-m/nofp\libc_nano.a(libc_a-printf.o) (_impure_ptr)
C:/Users/Administrator/.eide/tools/gcc_arm/bin/../lib/gcc/arm-none-eabi/14.3.1/../../../../arm-none-eabi/lib/thumb/v7-m/nofp\libc_nano.a(libc_a-lseekr.o)
                              C:/Users/Administrator/.eide/tools/gcc_arm/bin/../lib/gcc/arm-none-eabi/14.3.1/../../../../arm-none-eabi/lib/thumb/v7-m/nofp\libc_nano.a(libc_a-stdio.o) (_lseek_r)
C:/Users/Administrator/.eide/tools/gcc_arm/bin/../lib/gcc/arm-none-eabi/14.3.1/../../../../arm-none-eabi/lib/thumb/v7-m/nofp\libc_nano.a(libc_a-readr.o)
                              C:/Users/Administrator/.eide/tools/gcc_arm/bin/../lib/gcc/arm-none-eabi/14.3.1/../../../../arm-none-eabi/lib/thumb/v7-m/nofp\libc_nano.a(libc_a-stdio.o) (_read_r)
C:/Users/Administrator/.eide/tools/gcc_arm/bin/../lib/gcc/arm-none-eabi/14.3.1/../../../../arm-none-eabi/lib/thumb/v7-m/nofp\libc_nano.a(libc_a-writer.o)
[...]
Memory Configuration

Name             Origin             Length             Attributes
RAM              0x20000000         0x00005000         xrw
FLASH            0x08000000         0x00010000         xr
*default*        0x00000000         0xffffffff

Linker script and memory map

LOAD C:/Users/Administrator/.eide/tools/gcc_arm/bin/../lib/gcc/arm-none-eabi/14.3.1/thumb/v7-m/nofp/crti.o
LOAD C:/Users/Administrator/.eide/tools/gcc_arm/bin/../lib/gcc/arm-none-eabi/14.3.1/thumb/v7-m/nofp/crtbegin.o
LOAD C:/Users/Administrator/.eide/tools/gcc_arm/bin/../lib/gcc/arm-none-eabi/14.3.1/../../../../arm-none-eabi/lib/thumb/v7-m/nofp/crt0.o
LOAD ./build/Debug/.obj/Core/Bsp/remote_control.o
LOAD ./build/Debug/.obj/Core/Src/freertos.o
LOAD ./build/Debug/.obj/Core/Src/main.o
LOAD ./build/Debug/.obj/Core/Src/stm32f1xx_hal_msp.o
LOAD ./build/Debug/.obj/Core/Src/stm32f1xx_it.o
LOAD ./build/Debug/.obj/Core/Src/syscalls.o
LOAD ./build/Debug/.obj/Core/Src/sysmem.o
LOAD ./build/Debug/.obj/Core/Src/system_stm32f1xx.o
LOAD ./build/Debug/.obj/Core/Startup/startup_stm32f103c8tx.o
LOAD ./build/Debug/.obj/Drivers/STM32F1xx_HAL_Driver/Src/stm32f1xx_hal.o
LOAD ./build/Debug/.obj/Drivers/STM32F1xx_HAL_Driver/Src/stm32f1xx_hal_cortex.o
LOAD ./build/Debug/.obj/Drivers/STM32F1xx_HAL_Driver/Src/stm32f1xx_hal_dma.o
LOAD ./build/Debug/.obj/Drivers/STM32F1xx_HAL_Driver/Src/stm32f1xx_hal_exti.o
LOAD ./build/Debug/.obj/Drivers/STM32F1xx_HAL_Driver/Src/stm32f1xx_hal_flash.o
LOAD ./build/Debug/.obj/Drivers/STM32F1xx_HAL_Driver/Src/stm32f1xx_hal_flash_ex.o
LOAD ./build/Debug/.obj/Drivers/STM32F1xx_HAL_Driver/Src/stm32f1xx_hal_gpio.o
LOAD ./build/Debug/.obj/Drivers/STM32F1xx_HAL_Driver/Src/stm32f1xx_hal_gpio_ex.o
LOAD ./build/Debug/.obj/Drivers/STM32F1xx_HAL_Driver/Src/stm32f1xx_hal_pwr.o
LOAD ./build/Debug/.obj/Drivers/STM32F1xx_HAL_Driver/Src/stm32f1xx_hal_rcc.o
LOAD ./build/Debug/.obj/Drivers/STM32F1xx_HAL_Driver/Src/stm32f1xx_hal_rcc_ex.o
LOAD ./build/Debug/.obj/Drivers/STM32F1xx_HAL_Driver/Src/stm32f1xx_hal_uart.o
LOAD ./build/Debug/.obj/Middlewares/Third_Party/FreeRTOS/Source/CMSIS_RTOS_V2/cmsis_os2.o
LOAD ./build/Debug/.obj/Middlewares/Third_Party/FreeRTOS/Source/croutine.o
LOAD ./build/Debug/.obj/Middlewares/Third_Party/FreeRTOS/Source/event_groups.o
LOAD ./build/Debug/.obj/Middlewares/Third_Party/FreeRTOS/Source/list.o
LOAD ./build/Debug/.obj/Middlewares/Third_Party/FreeRTOS/Source/portable/GCC/ARM_CM3/port.o
LOAD ./build/Debug/.obj/Middlewares/Third_Party/FreeRTOS/Source/portable/MemMang/heap_4.o
LOAD ./build/Debug/.obj/Middlewares/Third_Party/FreeRTOS/Source/queue.o
LOAD ./build/Debug/.obj/Middlewares/Third_Party/FreeRTOS/Source/stream_buffer.o
LOAD ./build/Debug/.obj/Middlewares/Third_Party/FreeRTOS/Source/tasks.o
LOAD ./build/Debug/.obj/Middlewares/Third_Party/FreeRTOS/Source/timers.o
START GROUP
LOAD C:/Users/Administrator/.eide/tools/gcc_arm/bin/../lib/gcc/arm-none-eabi/14.3.1/thumb/v7-m/nofp\libgcc.a
LOAD C:/Users/Administrator/.eide/tools/gcc_arm/bin/../lib/gcc/arm-none-eabi/14.3.1/../../../../arm-none-eabi/lib/thumb/v7-m/nofp\libc_nano.a
END GROUP
START GROUP
LOAD C:/Users/Administrator/.eide/tools/gcc_arm/bin/../lib/gcc/arm-none-eabi/14.3.1/thumb/v7-m/nofp\libgcc.a
LOAD C:/Users/Administrator/.eide/tools/gcc_arm/bin/../lib/gcc/arm-none-eabi/14.3.1/../../../../arm-none-eabi/lib/thumb/v7-m/nofp\libc_nano.a
LOAD C:/Users/Administrator/.eide/tools/gcc_arm/bin/../lib/gcc/arm-none-eabi/14.3.1/../../../../arm-none-eabi/lib/thumb/v7-m/nofp\libnosys.a
END GROUP
START GROUP
LOAD C:/Users/Administrator/.eide/tools/gcc_arm/bin/../lib/gcc/arm-none-eabi/14.3.1/thumb/v7-m/nofp\libgcc.a
LOAD C:/Users/Administrator/.eide/tools/gcc_arm/bin/../lib/gcc/arm-none-eabi/14.3.1/../../../../arm-none-eabi/lib/thumb/v7-m/nofp\libc_nano.a
LOAD C:/Users/Administrator/.eide/tools/gcc_arm/bin/../lib/gcc/arm-none-eabi/14.3.1/../../../../arm-none-eabi/lib/thumb/v7-m/nofp\libnosys.a
END GROUP
LOAD C:/Users/Administrator/.eide/tools/gcc_arm/bin/../lib/gcc/arm-none-eabi/14.3.1/thumb/v7-m/nofp/crtend.o
LOAD C:/Users/Administrator/.eide/tools/gcc_arm/bin/../lib/gcc/arm-none-eabi/14.3.1/thumb/v7-m/nofp/crtn.o
                0x20005000                        _estack = (ORIGIN (RAM) + LENGTH (RAM))
                0x00000200                        _Min_Heap_Size = 0x200
                0x00000400                        _Min_Stack_Size = 0x400

.isr_vector     0x08000000      0x10c
                0x08000000                        . = ALIGN (0x4)
 *(.isr_vector)
 .isr_vector    0x08000000      0x10c ./build/Debug/.obj/Core/Startup/startup_stm32f103c8tx.o
                0x08000000                g_pfnVectors
                0x0800010c                        . = ALIGN (0x4)

.text           0x08000110     0x4c58
                0x08000110                        . = ALIGN (0x4)
 *(.text)
 *(.text*)
 .text.deregister_tm_clones
                0x08000110       0x1c C:/Users/Administrator/.eide/tools/gcc_arm/bin/../lib/gcc/arm-none-eabi/14.3.1/thumb/v7-m/nofp/crtbegin.o
 .text.register_tm_clones
                0x0800012c       0x24 C:/Users/Administrator/.eide/tools/gcc_arm/bin/../lib/gcc/arm-none-eabi/14.3.1/thumb/v7-m/nofp/crtbegin.o
 .text.__do_global_dtors_aux
                0x08000150       0x28 C:/Users/Administrator/.eide/tools/gcc_arm/bin/../lib/gcc/arm-none-eabi/14.3.1/thumb/v7-m/nofp/crtbegin.o
 .text.frame_dummy
                0x08000178       0x24 C:/Users/Administrator/.eide/tools/gcc_arm/bin/../lib/gcc/arm-none-eabi/14.3.1/thumb/v7-m/nofp/crtbegin.o
 .text.Message_Remote_to_rc
                0x0800019c       0xce ./build/Debug/.obj/Core/Bsp/remote_control.o
                0x0800019c                Message_Remote_to_rc
 *fill*         0x0800026a        0x2 
 .text.MX_GPIO_Init
                0x0800026c       0xcc ./build/Debug/.obj/Core/Src/main.o
 .text.MX_DMA_Init
                0x08000338       0x44 ./build/Debug/.obj/Core/Src/main.o
 .text.StartDebugTask
                0x0800037c       0x18 ./build/Debug/.obj/Core/Src/main.o
                0x0800037c                StartDebugTask
 .text.StartRemoteTask
                0x08000394       0xe0 ./build/Debug/.obj/Core/Src/main.o
                0x08000394                StartRemoteTask
 .text._write   0x08000474       0x18 ./build/Debug/.obj/Core/Src/main.o
                0x08000474                _write
 .text.HAL_UARTEx_RxEventCallback
                0x0800048c       0x84 ./build/Debug/.obj/Core/Src/main.o
                0x0800048c                HAL_UARTEx_RxEventCallback
 .text.HAL_GPIO_EXTI_Callback
                0x08000510       0x3c ./build/Debug/.obj/Core/Src/main.o
                0x08000510                HAL_GPIO_EXTI_Callback
 .text.Error_Handler
                0x0800054c        0x4 ./build/Debug/.obj/Core/Src/main.o
                0x0800054c                Error_Handler
 .text.MX_USART2_UART_Init
                0x08000550       0x34 ./build/Debug/.obj/Core/Src/main.o
 .text.MX_USART3_UART_Init
                0x08000584       0x34 ./build/Debug/.obj/Core/Src/main.o
 .text.SystemClock_Config
                0x080005b8       0x56 ./build/Debug/.obj/Core/Src/main.o
                0x080005b8                SystemClock_Config
 *fill*         0x0800060e        0x2 
 .text.main     0x08000610       0x70 ./build/Debug/.obj/Core/Src/main.o
                0x08000610                main
 .text.HAL_MspInit
                0x08000680       0x54 ./build/Debug/.obj/Core/Src/stm32f1xx_hal_msp.o
                0x08000680                HAL_MspInit
 .text.HAL_UART_MspInit
                0x080006d4      0x164 ./build/Debug/.obj/Core/Src/stm32f1xx_hal_msp.o
                0x080006d4                HAL_UART_MspInit
 .text.NMI_Handler
                0x08000838        0x2 ./build/Debug/.obj/Core/Src/stm32f1xx_it.o
                0x08000838                NMI_Handler
 .text.HardFault_Handler
                0x0800083a        0x2 ./build/Debug/.obj/Core/Src/stm32f1xx_it.o
                0x0800083a                HardFault_Handler
 .text.MemManage_Handler
                0x0800083c        0x2 ./build/Debug/.obj/Core/Src/stm32f1xx_it.o
                0x0800083c                MemManage_Handler
 .text.BusFault_Handler
                0x0800083e        0x2 ./build/Debug/.obj/Core/Src/stm32f1xx_it.o
                0x0800083e                BusFault_Handler
 .text.UsageFault_Handler
                0x08000840        0x2 ./build/Debug/.obj/Core/Src/stm32f1xx_it.o
                0x08000840                UsageFault_Handler
 .text.DebugMon_Handler
                0x08000842        0x2 ./build/Debug/.obj/Core/Src/stm32f1xx_it.o
                0x08000842                DebugMon_Handler
 .text.SysTick_Handler
                0x08000844       0x16 ./build/Debug/.obj/Core/Src/stm32f1xx_it.o
                0x08000844                SysTick_Handler
 *fill*         0x0800085a        0x2 
 .text.DMA1_Channel6_IRQHandler
                0x0800085c       0x10 ./build/Debug/.obj/Core/Src/stm32f1xx_it.o
                0x0800085c                DMA1_Channel6_IRQHandler
 .text.DMA1_Channel7_IRQHandler
                0x0800086c       0x10 ./build/Debug/.obj/Core/Src/stm32f1xx_it.o
                0x0800086c                DMA1_Channel7_IRQHandler
 .text.USART2_IRQHandler
                0x0800087c       0x10 ./build/Debug/.obj/Core/Src/stm32f1xx_it.o
                0x0800087c                USART2_IRQHandler
 .text.USART3_IRQHandler
                0x0800088c       0x10 ./build/Debug/.obj/Core/Src/stm32f1xx_it.o
                0x0800088c                USART3_IRQHandler
 .text.EXTI15_10_IRQHandler
                0x0800089c        0xc ./build/Debug/.obj/Core/Src/stm32f1xx_it.o
                0x0800089c                EXTI15_10_IRQHandler
 .text._read    0x080008a8       0x20 ./build/Debug/.obj/Core/Src/syscalls.o
                0x080008a8                _read
 .text._close   0x080008c8        0x6 ./build/Debug/.obj/Core/Src/syscalls.o
                0x080008c8                _close
 .text._fstat   0x080008ce        0xa ./build/Debug/.obj/Core/Src/syscalls.o
                0x080008ce                _fstat
 .text._isatty  0x080008d8        0x4 ./build/Debug/.obj/Core/Src/syscalls.o
                0x080008d8                _isatty
 .text._lseek   0x080008dc        0x4 ./build/Debug/.obj/Core/Src/syscalls.o
                0x080008dc                _lseek
 .text._sbrk    0x080008e0       0x48 ./build/Debug/.obj/Core/Src/sysmem.o
                0x080008e0                _sbrk
 .text.SystemInit
                0x08000928        0x2 ./build/Debug/.obj/Core/Src/system_stm32f1xx.o
                0x08000928                SystemInit
 *fill*         0x0800092a        0x2 
 .text.Reset_Handler
                0x0800092c       0x48 ./build/Debug/.obj/Core/Startup/startup_stm32f103c8tx.o
                0x0800092c                Reset_Handler
 .text.Default_Handler
                0x08000974        0x2 ./build/Debug/.obj/Core/Startup/startup_stm32f103c8tx.o
                0x08000974                RTC_Alarm_IRQHandler
                0x08000974                EXTI2_IRQHandler
                0x08000974                TIM1_CC_IRQHandler
                0x08000974                PVD_IRQHandler
                0x08000974                EXTI3_IRQHandler
                0x08000974                EXTI0_IRQHandler
                0x08000974                I2C2_EV_IRQHandler
                0x08000974                ADC1_2_IRQHandler
                0x08000974                SPI1_IRQHandler
                0x08000974                TAMPER_IRQHandler
                0x08000974                DMA1_Channel4_IRQHandler
                0x08000974                RTC_IRQHandler
                0x08000974                CAN1_RX1_IRQHandler
                0x08000974                TIM4_IRQHandler
                0x08000974                I2C1_EV_IRQHandler
                0x08000974                TIM3_IRQHandler
                0x08000974                RCC_IRQHandler
                0x08000974                TIM1_TRG_COM_IRQHandler
                0x08000974                DMA1_Channel1_IRQHandler
                0x08000974                Default_Handler
                0x08000974                EXTI9_5_IRQHandler
                0x08000974                SPI2_IRQHandler
                0x08000974                DMA1_Channel5_IRQHandler
                0x08000974                EXTI4_IRQHandler
                0x08000974                USB_LP_CAN1_RX0_IRQHandler
                0x08000974                USB_HP_CAN1_TX_IRQHandler
                0x08000974                DMA1_Channel3_IRQHandler
                0x08000974                TIM1_UP_IRQHandler
                0x08000974                WWDG_IRQHandler
                0x08000974                TIM2_IRQHandler
                0x08000974                TIM1_BRK_IRQHandler
                0x08000974                EXTI1_IRQHandler
                0x08000974                I2C2_ER_IRQHandler
                0x08000974                DMA1_Channel2_IRQHandler
                0x08000974                CAN1_SCE_IRQHandler
                0x08000974                FLASH_IRQHandler
                0x08000974                USART1_IRQHandler
                0x08000974                I2C1_ER_IRQHandler
                0x08000974                USBWakeUp_IRQHandler
 *fill*         0x08000976        0x2 
 .text.HAL_InitTick
                0x08000978       0x4c ./build/Debug/.obj/Drivers/STM32F1xx_HAL_Driver/Src/stm32f1xx_hal.o
                0x08000978                HAL_InitTick
 .text.HAL_Init
                0x080009c4       0x24 ./build/Debug/.obj/Drivers/STM32F1xx_HAL_Driver/Src/stm32f1xx_hal.o
                0x080009c4                HAL_Init
 .text.HAL_IncTick
                0x080009e8       0x18 ./build/Debug/.obj/Drivers/STM32F1xx_HAL_Driver/Src/stm32f1xx_hal.o
                0x080009e8                HAL_IncTick
 .text.HAL_GetTick
                0x08000a00        0xc ./build/Debug/.obj/Drivers/STM32F1xx_HAL_Driver/Src/stm32f1xx_hal.o
                0x08000a00                HAL_GetTick
 .text.__NVIC_SetPriority
                0x08000a0c       0x28 ./build/Debug/.obj/Drivers/STM32F1xx_HAL_Driver/Src/stm32f1xx_hal_cortex.o
 .text.NVIC_EncodePriority
                0x08000a34       0x3e ./build/Debug/.obj/Drivers/STM32F1xx_HAL_Driver/Src/stm32f1xx_hal_cortex.o
 *fill*         0x08000a72        0x2 
 .text.HAL_NVIC_SetPriorityGrouping
                0x08000a74       0x24 ./build/Debug/.obj/Drivers/STM32F1xx_HAL_Driver/Src/stm32f1xx_hal_cortex.o
                0x08000a74                HAL_NVIC_SetPriorityGrouping
 .text.HAL_NVIC_SetPriority
                0x08000a98       0x20 ./build/Debug/.obj/Drivers/STM32F1xx_HAL_Driver/Src/stm32f1xx_hal_cortex.o
                0x08000a98                HAL_NVIC_SetPriority
 .text.HAL_NVIC_EnableIRQ
                0x08000ab8       0x1c ./build/Debug/.obj/Drivers/STM32F1xx_HAL_Driver/Src/stm32f1xx_hal_cortex.o
                0x08000ab8                HAL_NVIC_EnableIRQ
 .text.HAL_SYSTICK_Config
                0x08000ad4       0x28 ./build/Debug/.obj/Drivers/STM32F1xx_HAL_Driver/Src/stm32f1xx_hal_cortex.o
                0x08000ad4                HAL_SYSTICK_Config
 .text.DMA_SetConfig
                0x08000afc       0x2c ./build/Debug/.obj/Drivers/STM32F1xx_HAL_Driver/Src/stm32f1xx_hal_dma.o
 .text.HAL_DMA_Init
                0x08000b28       0x68 ./build/Debug/.obj/Drivers/STM32F1xx_HAL_Driver/Src/stm32f1xx_hal_dma.o
                0x08000b28                HAL_DMA_Init
 .text.HAL_DMA_Start_IT
                0x08000b90       0x74 ./build/Debug/.obj/Drivers/STM32F1xx_HAL_Driver/Src/stm32f1xx_hal_dma.o
                0x08000b90                HAL_DMA_Start_IT
 .text.HAL_DMA_Abort
                0x08000c04       0x44 ./build/Debug/.obj/Drivers/STM32F1xx_HAL_Driver/Src/stm32f1xx_hal_dma.o
                0x08000c04                HAL_DMA_Abort
 .text.HAL_DMA_Abort_IT
                0x08000c48       0x98 ./build/Debug/.obj/Drivers/STM32F1xx_HAL_Driver/Src/stm32f1xx_hal_dma.o
                0x08000c48                HAL_DMA_Abort_IT
 .text.HAL_DMA_IRQHandler
                0x08000ce0      0x144 ./build/Debug/.obj/Drivers/STM32F1xx_HAL_Driver/Src/stm32f1xx_hal_dma.o
                0x08000ce0                HAL_DMA_IRQHandler
 .text.HAL_GPIO_Init
                0x08000e24      0x214 ./build/Debug/.obj/Drivers/STM32F1xx_HAL_Driver/Src/stm32f1xx_hal_gpio.o
                0x08000e24                HAL_GPIO_Init
 .text.HAL_GPIO_ReadPin
                0x08001038        0xe ./build/Debug/.obj/Drivers/STM32F1xx_HAL_Driver/Src/stm32f1xx_hal_gpio.o
                0x08001038                HAL_GPIO_ReadPin
 .text.HAL_GPIO_WritePin
                0x08001046        0xc ./build/Debug/.obj/Drivers/STM32F1xx_HAL_Driver/Src/stm32f1xx_hal_gpio.o
                0x08001046                HAL_GPIO_WritePin
 .text.HAL_GPIO_TogglePin
                0x08001052       0x12 ./build/Debug/.obj/Drivers/STM32F1xx_HAL_Driver/Src/stm32f1xx_hal_gpio.o
                0x08001052                HAL_GPIO_TogglePin
 .text.HAL_GPIO_EXTI_IRQHandler
                0x08001064       0x1c ./build/Debug/.obj/Drivers/STM32F1xx_HAL_Driver/Src/stm32f1xx_hal_gpio.o
                0x08001064                HAL_GPIO_EXTI_IRQHandler
 .text.RCC_Delay
                0x08001080       0x2c ./build/Debug/.obj/Drivers/STM32F1xx_HAL_Driver/Src/stm32f1xx_hal_rcc.o
 .text.HAL_RCC_OscConfig
                0x080010ac      0x410 ./build/Debug/.obj/Drivers/STM32F1xx_HAL_Driver/Src/stm32f1xx_hal_rcc.o
                0x080010ac                HAL_RCC_OscConfig
 .text.HAL_RCC_GetSysClockFreq
                0x080014bc       0x54 ./build/Debug/.obj/Drivers/STM32F1xx_HAL_Driver/Src/stm32f1xx_hal_rcc.o
                0x080014bc                HAL_RCC_GetSysClockFreq
 .text.HAL_RCC_ClockConfig
                0x08001510      0x16c ./build/Debug/.obj/Drivers/STM32F1xx_HAL_Driver/Src/stm32f1xx_hal_rcc.o
                0x08001510                HAL_RCC_ClockConfig
 .text.HAL_RCC_GetHCLKFreq
                0x0800167c        0xc ./build/Debug/.obj/Drivers/STM32F1xx_HAL_Driver/Src/stm32f1xx_hal_rcc.o
                0x0800167c                HAL_RCC_GetHCLKFreq
 .text.HAL_RCC_GetPCLK1Freq
                0x08001688       0x20 ./build/Debug/.obj/Drivers/STM32F1xx_HAL_Driver/Src/stm32f1xx_hal_rcc.o
                0x08001688                HAL_RCC_GetPCLK1Freq
 .text.HAL_RCC_GetPCLK2Freq
                0x080016a8       0x20 ./build/Debug/.obj/Drivers/STM32F1xx_HAL_Driver/Src/stm32f1xx_hal_rcc.o
                0x080016a8                HAL_RCC_GetPCLK2Freq
 .text.UART_EndTxTransfer
                0x080016c8       0x20 ./build/Debug/.obj/Drivers/STM32F1xx_HAL_Driver/Src/stm32f1xx_hal_uart.o
 .text.UART_EndRxTransfer
                0x080016e8       0x5c ./build/Debug/.obj/Drivers/STM32F1xx_HAL_Driver/Src/stm32f1xx_hal_uart.o
 .text.UART_Transmit_IT
                0x08001744       0x5e ./build/Debug/.obj/Drivers/STM32F1xx_HAL_Driver/Src/stm32f1xx_hal_uart.o
 *fill*         0x080017a2        0x2 
 .text.UART_SetConfig
                0x080017a4       0x94 ./build/Debug/.obj/Drivers/STM32F1xx_HAL_Driver/Src/stm32f1xx_hal_uart.o
 .text.UART_WaitOnFlagUntilTimeout
                0x08001838       0x86 ./build/Debug/.obj/Drivers/STM32F1xx_HAL_Driver/Src/stm32f1xx_hal_uart.o
 .text.HAL_UART_Init
                0x080018be       0x60 ./build/Debug/.obj/Drivers/STM32F1xx_HAL_Driver/Src/stm32f1xx_hal_uart.o
                0x080018be                HAL_UART_Init
 .text.HAL_UART_Transmit
                0x0800191e       0xca ./build/Debug/.obj/Drivers/STM32F1xx_HAL_Driver/Src/stm32f1xx_hal_uart.o
                0x0800191e                HAL_UART_Transmit
 .text.HAL_UART_TxCpltCallback
                0x080019e8        0x2 ./build/Debug/.obj/Drivers/STM32F1xx_HAL_Driver/Src/stm32f1xx_hal_uart.o
                0x080019e8                HAL_UART_TxCpltCallback
 .text.UART_EndTransmit_IT
                0x080019ea       0x1a ./build/Debug/.obj/Drivers/STM32F1xx_HAL_Driver/Src/stm32f1xx_hal_uart.o
 .text.HAL_UART_RxCpltCallback
                0x08001a04        0x2 ./build/Debug/.obj/Drivers/STM32F1xx_HAL_Driver/Src/stm32f1xx_hal_uart.o
                0x08001a04                HAL_UART_RxCpltCallback
 .text.HAL_UART_RxHalfCpltCallback
                0x08001a06        0x2 ./build/Debug/.obj/Drivers/STM32F1xx_HAL_Driver/Src/stm32f1xx_hal_uart.o
                0x08001a06                HAL_UART_RxHalfCpltCallback
 .text.HAL_UART_ErrorCallback
                0x08001a08        0x2 ./build/Debug/.obj/Drivers/STM32F1xx_HAL_Driver/Src/stm32f1xx_hal_uart.o
                0x08001a08                HAL_UART_ErrorCallback
 .text.UART_DMAError
                0x08001a0a       0x54 ./build/Debug/.obj/Drivers/STM32F1xx_HAL_Driver/Src/stm32f1xx_hal_uart.o
 .text.UART_DMAAbortOnError
                0x08001a5e       0x10 ./build/Debug/.obj/Drivers/STM32F1xx_HAL_Driver/Src/stm32f1xx_hal_uart.o
 .text.UART_Receive_IT
                0x08001a6e       0xe4 ./build/Debug/.obj/Drivers/STM32F1xx_HAL_Driver/Src/stm32f1xx_hal_uart.o
 *fill*         0x08001b52        0x2 
 .text.HAL_UART_IRQHandler
                0x08001b54      0x284 ./build/Debug/.obj/Drivers/STM32F1xx_HAL_Driver/Src/stm32f1xx_hal_uart.o
                0x08001b54                HAL_UART_IRQHandler
 .text.UART_DMARxHalfCplt
                0x08001dd8       0x1e ./build/Debug/.obj/Drivers/STM32F1xx_HAL_Driver/Src/stm32f1xx_hal_uart.o
 .text.UART_DMAReceiveCplt
                0x08001df6       0x9a ./build/Debug/.obj/Drivers/STM32F1xx_HAL_Driver/Src/stm32f1xx_hal_uart.o
 .text.UART_Start_Receive_DMA
                0x08001e90       0xa4 ./build/Debug/.obj/Drivers/STM32F1xx_HAL_Driver/Src/stm32f1xx_hal_uart.o
                0x08001e90                UART_Start_Receive_DMA
 .text.HAL_UARTEx_ReceiveToIdle_DMA
                0x08001f34       0x60 ./build/Debug/.obj/Drivers/STM32F1xx_HAL_Driver/Src/stm32f1xx_hal_uart.o
                0x08001f34                HAL_UARTEx_ReceiveToIdle_DMA
 .text.osKernelInitialize
                0x08001f94       0x24 ./build/Debug/.obj/Middlewares/Third_Party/FreeRTOS/Source/CMSIS_RTOS_V2/cmsis_os2.o
                0x08001f94                osKernelInitialize
 .text.osKernelStart
                0x08001fb8       0x38 ./build/Debug/.obj/Middlewares/Third_Party/FreeRTOS/Source/CMSIS_RTOS_V2/cmsis_os2.o
                0x08001fb8                osKernelStart
 .text.osThreadNew
                0x08001ff0       0xb4 ./build/Debug/.obj/Middlewares/Third_Party/FreeRTOS/Source/CMSIS_RTOS_V2/cmsis_os2.o
                0x08001ff0                osThreadNew
 .text.osDelay  0x080020a4       0x1c ./build/Debug/.obj/Middlewares/Third_Party/FreeRTOS/Source/CMSIS_RTOS_V2/cmsis_os2.o
                0x080020a4                osDelay
 .text.osMessageQueueNew
                0x080020c0       0x98 ./build/Debug/.obj/Middlewares/Third_Party/FreeRTOS/Source/CMSIS_RTOS_V2/cmsis_os2.o
                0x080020c0                osMessageQueueNew
 .text.osMessageQueuePut
                0x08002158       0x84 ./build/Debug/.obj/Middlewares/Third_Party/FreeRTOS/Source/CMSIS_RTOS_V2/cmsis_os2.o
                0x08002158                osMessageQueuePut
 .text.osMessageQueueGet
                0x080021dc       0x82 ./build/Debug/.obj/Middlewares/Third_Party/FreeRTOS/Source/CMSIS_RTOS_V2/cmsis_os2.o
                0x080021dc                osMessageQueueGet
 *fill*         0x0800225e        0x2 
 .text.vApplicationGetIdleTaskMemory
                0x08002260       0x18 ./build/Debug/.obj/Middlewares/Third_Party/FreeRTOS/Source/CMSIS_RTOS_V2/cmsis_os2.o
                0x08002260                vApplicationGetIdleTaskMemory
 .text.vApplicationGetTimerTaskMemory
                0x08002278       0x18 ./build/Debug/.obj/Middlewares/Third_Party/FreeRTOS/Source/CMSIS_RTOS_V2/cmsis_os2.o
                0x08002278                vApplicationGetTimerTaskMemory
 .text.vListInitialise
                0x08002290       0x16 ./build/Debug/.obj/Middlewares/Third_Party/FreeRTOS/Source/list.o
                0x08002290                vListInitialise
 .text.vListInitialiseItem
                0x080022a6        0x6 ./build/Debug/.obj/Middlewares/Third_Party/FreeRTOS/Source/list.o
                0x080022a6                vListInitialiseItem
 .text.vListInsertEnd
                0x080022ac       0x16 ./build/Debug/.obj/Middlewares/Third_Party/FreeRTOS/Source/list.o
                0x080022ac                vListInsertEnd
 .text.vListInsert
                0x080022c2       0x32 ./build/Debug/.obj/Middlewares/Third_Party/FreeRTOS/Source/list.o
                0x080022c2                vListInsert
 .text.uxListRemove
                0x080022f4       0x26 ./build/Debug/.obj/Middlewares/Third_Party/FreeRTOS/Source/list.o
                0x080022f4                uxListRemove
 *fill*         0x0800231a        0x2 
 .text.prvTaskExitError
                0x0800231c       0x40 ./build/Debug/.obj/Middlewares/Third_Party/FreeRTOS/Source/portable/GCC/ARM_CM3/port.o
 .text.prvPortStartFirstTask
                0x0800235c       0x20 ./build/Debug/.obj/Middlewares/Third_Party/FreeRTOS/Source/portable/GCC/ARM_CM3/port.o
 .text.pxPortInitialiseStack
                0x0800237c       0x24 ./build/Debug/.obj/Middlewares/Third_Party/FreeRTOS/Source/portable/GCC/ARM_CM3/port.o
                0x0800237c                pxPortInitialiseStack
 .text.SVC_Handler
                0x080023a0       0x24 ./build/Debug/.obj/Middlewares/Third_Party/FreeRTOS/Source/portable/GCC/ARM_CM3/port.o
                0x080023a0                SVC_Handler
 .text.vPortEnterCritical
                0x080023c4       0x44 ./build/Debug/.obj/Middlewares/Third_Party/FreeRTOS/Source/portable/GCC/ARM_CM3/port.o
                0x080023c4                vPortEnterCritical
 .text.vPortExitCritical
                0x08002408       0x2c ./build/Debug/.obj/Middlewares/Third_Party/FreeRTOS/Source/portable/GCC/ARM_CM3/port.o
                0x08002408                vPortExitCritical
 *fill*         0x08002434        0xc 
 .text.PendSV_Handler
                0x08002440       0x44 ./build/Debug/.obj/Middlewares/Third_Party/FreeRTOS/Source/portable/GCC/ARM_CM3/port.o
                0x08002440                PendSV_Handler
 .text.xPortSysTickHandler
                0x08002484       0x2c ./build/Debug/.obj/Middlewares/Third_Party/FreeRTOS/Source/portable/GCC/ARM_CM3/port.o
                0x08002484                xPortSysTickHandler
 .text.vPortSetupTimerInterrupt
                0x080024b0       0x28 ./build/Debug/.obj/Middlewares/Third_Party/FreeRTOS/Source/portable/GCC/ARM_CM3/port.o
                0x080024b0                vPortSetupTimerInterrupt
 .text.xPortStartScheduler
                0x080024d8       0xc0 ./build/Debug/.obj/Middlewares/Third_Party/FreeRTOS/Source/portable/GCC/ARM_CM3/port.o
                0x080024d8                xPortStartScheduler
 .text.vPortValidateInterruptPriority
                0x08002598       0x5c ./build/Debug/.obj/Middlewares/Third_Party/FreeRTOS/Source/portable/GCC/ARM_CM3/port.o
                0x08002598                vPortValidateInterruptPriority
 .text.prvHeapInit
                0x080025f4       0x64 ./build/Debug/.obj/Middlewares/Third_Party/FreeRTOS/Source/portable/MemMang/heap_4.o
 .text.prvInsertBlockIntoFreeList
                0x08002658       0x60 ./build/Debug/.obj/Middlewares/Third_Party/FreeRTOS/Source/portable/MemMang/heap_4.o
 .text.pvPortMalloc
                0x080026b8      0x104 ./build/Debug/.obj/Middlewares/Third_Party/FreeRTOS/Source/portable/MemMang/heap_4.o
                0x080026b8                pvPortMalloc
 .text.vPortFree
                0x080027bc       0x7c ./build/Debug/.obj/Middlewares/Third_Party/FreeRTOS/Source/portable/MemMang/heap_4.o
                0x080027bc                vPortFree
 .text.prvIsQueueFull
                0x08002838       0x1e ./build/Debug/.obj/Middlewares/Third_Party/FreeRTOS/Source/queue.o
 .text.prvIsQueueEmpty
                0x08002856       0x1a ./build/Debug/.obj/Middlewares/Third_Party/FreeRTOS/Source/queue.o
 .text.prvCopyDataToQueue
                0x08002870       0x76 ./build/Debug/.obj/Middlewares/Third_Party/FreeRTOS/Source/queue.o
 .text.prvCopyDataFromQueue
                0x080028e6       0x24 ./build/Debug/.obj/Middlewares/Third_Party/FreeRTOS/Source/queue.o
 .text.prvUnlockQueue
                0x0800290a       0x6e ./build/Debug/.obj/Middlewares/Third_Party/FreeRTOS/Source/queue.o
 .text.xQueueGenericReset
                0x08002978       0x84 ./build/Debug/.obj/Middlewares/Third_Party/FreeRTOS/Source/queue.o
                0x08002978                xQueueGenericReset
 .text.prvInitialiseNewQueue
                0x080029fc       0x22 ./build/Debug/.obj/Middlewares/Third_Party/FreeRTOS/Source/queue.o
 .text.xQueueGenericCreateStatic
                0x08002a1e       0x94 ./build/Debug/.obj/Middlewares/Third_Party/FreeRTOS/Source/queue.o
                0x08002a1e                xQueueGenericCreateStatic
 .text.xQueueGenericCreate
                0x08002ab2       0x48 ./build/Debug/.obj/Middlewares/Third_Party/FreeRTOS/Source/queue.o
                0x08002ab2                xQueueGenericCreate
 .text.xQueueGenericSend
                0x08002afa      0x188 ./build/Debug/.obj/Middlewares/Third_Party/FreeRTOS/Source/queue.o
                0x08002afa                xQueueGenericSend
 .text.xQueueGenericSendFromISR
                0x08002c82       0xce ./build/Debug/.obj/Middlewares/Third_Party/FreeRTOS/Source/queue.o
                0x08002c82                xQueueGenericSendFromISR
 .text.xQueueReceive
                0x08002d50      0x15e ./build/Debug/.obj/Middlewares/Third_Party/FreeRTOS/Source/queue.o
                0x08002d50                xQueueReceive
 .text.xQueueReceiveFromISR
                0x08002eae       0xae ./build/Debug/.obj/Middlewares/Third_Party/FreeRTOS/Source/queue.o
                0x08002eae                xQueueReceiveFromISR
 .text.vQueueAddToRegistry
                0x08002f5c       0x28 ./build/Debug/.obj/Middlewares/Third_Party/FreeRTOS/Source/queue.o
                0x08002f5c                vQueueAddToRegistry
 .text.vQueueWaitForMessageRestricted
                0x08002f84       0x52 ./build/Debug/.obj/Middlewares/Third_Party/FreeRTOS/Source/queue.o
                0x08002f84                vQueueWaitForMessageRestricted
 *fill*         0x08002fd6        0x2 
 .text.prvResetNextTaskUnblockTime
                0x08002fd8       0x2c ./build/Debug/.obj/Middlewares/Third_Party/FreeRTOS/Source/tasks.o
 .text.prvInitialiseNewTask
                0x08003004       0xa2 ./build/Debug/.obj/Middlewares/Third_Party/FreeRTOS/Source/tasks.o
 *fill*         0x080030a6        0x2 
 .text.prvInitialiseTaskLists
                0x080030a8       0x68 ./build/Debug/.obj/Middlewares/Third_Party/FreeRTOS/Source/tasks.o
 .text.prvAddNewTaskToReadyList
                0x08003110       0xac ./build/Debug/.obj/Middlewares/Third_Party/FreeRTOS/Source/tasks.o
 .text.prvDeleteTCB
                0x080031bc       0x38 ./build/Debug/.obj/Middlewares/Third_Party/FreeRTOS/Source/tasks.o
 .text.prvCheckTasksWaitingTermination
                0x080031f4       0x4c ./build/Debug/.obj/Middlewares/Third_Party/FreeRTOS/Source/tasks.o
 .text.prvIdleTask
                0x08003240       0x28 ./build/Debug/.obj/Middlewares/Third_Party/FreeRTOS/Source/tasks.o
 .text.prvAddCurrentTaskToDelayedList
                0x08003268       0x7c ./build/Debug/.obj/Middlewares/Third_Party/FreeRTOS/Source/tasks.o
 .text.xTaskCreateStatic
                0x080032e4       0x76 ./build/Debug/.obj/Middlewares/Third_Party/FreeRTOS/Source/tasks.o
                0x080032e4                xTaskCreateStatic
 .text.xTaskCreate
                0x0800335a       0x64 ./build/Debug/.obj/Middlewares/Third_Party/FreeRTOS/Source/tasks.o
                0x0800335a                xTaskCreate
 *fill*         0x080033be        0x2 
 .text.vTaskStartScheduler
                0x080033c0       0x98 ./build/Debug/.obj/Middlewares/Third_Party/FreeRTOS/Source/tasks.o
                0x080033c0                vTaskStartScheduler
 .text.vTaskSuspendAll
                0x08003458       0x10 ./build/Debug/.obj/Middlewares/Third_Party/FreeRTOS/Source/tasks.o
                0x08003458                vTaskSuspendAll
 .text.xTaskGetTickCount
                0x08003468        0xc ./build/Debug/.obj/Middlewares/Third_Party/FreeRTOS/Source/tasks.o
                0x08003468                xTaskGetTickCount
 .text.xTaskIncrementTick
                0x08003474      0x118 ./build/Debug/.obj/Middlewares/Third_Party/FreeRTOS/Source/tasks.o
                0x08003474                xTaskIncrementTick
 .text.xTaskResumeAll
                0x0800358c       0xf8 ./build/Debug/.obj/Middlewares/Third_Party/FreeRTOS/Source/tasks.o
                0x0800358c                xTaskResumeAll
 .text.vTaskDelay
                0x08003684       0x4c ./build/Debug/.obj/Middlewares/Third_Party/FreeRTOS/Source/tasks.o
                0x08003684                vTaskDelay
 .text.vTaskSwitchContext
                0x080036d0       0x98 ./build/Debug/.obj/Middlewares/Third_Party/FreeRTOS/Source/tasks.o
                0x080036d0                vTaskSwitchContext
 .text.vTaskPlaceOnEventList
                0x08003768       0x30 ./build/Debug/.obj/Middlewares/Third_Party/FreeRTOS/Source/tasks.o
                0x08003768                vTaskPlaceOnEventList
 .text.vTaskPlaceOnEventListRestricted
                0x08003798       0x38 ./build/Debug/.obj/Middlewares/Third_Party/FreeRTOS/Source/tasks.o
                0x08003798                vTaskPlaceOnEventListRestricted
 .text.xTaskRemoveFromEventList
                0x080037d0       0x8c ./build/Debug/.obj/Middlewares/Third_Party/FreeRTOS/Source/tasks.o
                0x080037d0                xTaskRemoveFromEventList
 .text.vTaskInternalSetTimeOutState
                0x0800385c       0x18 ./build/Debug/.obj/Middlewares/Third_Party/FreeRTOS/Source/tasks.o
                0x0800385c                vTaskInternalSetTimeOutState
 .text.xTaskCheckForTimeOut
                0x08003874       0x88 ./build/Debug/.obj/Middlewares/Third_Party/FreeRTOS/Source/tasks.o
                0x08003874                xTaskCheckForTimeOut
 .text.vTaskMissedYield
                0x080038fc        0xc ./build/Debug/.obj/Middlewares/Third_Party/FreeRTOS/Source/tasks.o
                0x080038fc                vTaskMissedYield
 .text.xTaskGetSchedulerState
                0x08003908       0x20 ./build/Debug/.obj/Middlewares/Third_Party/FreeRTOS/Source/tasks.o
                0x08003908                xTaskGetSchedulerState
 .text.xTaskPriorityDisinherit
                0x08003928       0x90 ./build/Debug/.obj/Middlewares/Third_Party/FreeRTOS/Source/tasks.o
                0x08003928                xTaskPriorityDisinherit
 .text.prvGetNextExpireTime
                0x080039b8       0x20 ./build/Debug/.obj/Middlewares/Third_Party/FreeRTOS/Source/timers.o
 .text.prvInsertTimerInActiveList
                0x080039d8       0x48 ./build/Debug/.obj/Middlewares/Third_Party/FreeRTOS/Source/timers.o
 .text.prvCheckForValidListAndQueue
                0x08003a20       0x70 ./build/Debug/.obj/Middlewares/Third_Party/FreeRTOS/Source/timers.o
 .text.xTimerCreateTimerTask
                0x08003a90       0x64 ./build/Debug/.obj/Middlewares/Third_Party/FreeRTOS/Source/timers.o
                0x08003a90                xTimerCreateTimerTask
 .text.xTimerGenericCommand
                0x08003af4       0x6c ./build/Debug/.obj/Middlewares/Third_Party/FreeRTOS/Source/timers.o
                0x08003af4                xTimerGenericCommand
 .text.prvSwitchTimerLists
                0x08003b60       0x7c ./build/Debug/.obj/Middlewares/Third_Party/FreeRTOS/Source/timers.o
 .text.prvSampleTimeNow
                0x08003bdc       0x2c ./build/Debug/.obj/Middlewares/Third_Party/FreeRTOS/Source/timers.o
 .text.prvProcessExpiredTimer
                0x08003c08       0x6c ./build/Debug/.obj/Middlewares/Third_Party/FreeRTOS/Source/timers.o
 .text.prvProcessTimerOrBlockTask
                0x08003c74       0x74 ./build/Debug/.obj/Middlewares/Third_Party/FreeRTOS/Source/timers.o
 .text.prvProcessReceivedCommands
                0x08003ce8      0x10c ./build/Debug/.obj/Middlewares/Third_Party/FreeRTOS/Source/timers.o
 .text.prvTimerTask
                0x08003df4       0x16 ./build/Debug/.obj/Middlewares/Third_Party/FreeRTOS/Source/timers.o
 *fill*         0x08003e0a        0x2 
 .text.std      0x08003e0c       0x6c C:/Users/Administrator/.eide/tools/gcc_arm/bin/../lib/gcc/arm-none-eabi/14.3.1/../../../../arm-none-eabi/lib/thumb/v7-m/nofp\libc_nano.a(libc_a-findfp.o)
 .text.stdio_exit_handler
                0x08003e78       0x18 C:/Users/Administrator/.eide/tools/gcc_arm/bin/../lib/gcc/arm-none-eabi/14.3.1/../../../../arm-none-eabi/lib/thumb/v7-m/nofp\libc_nano.a(libc_a-findfp.o)
 .text.cleanup_stdio
                0x08003e90       0x40 C:/Users/Administrator/.eide/tools/gcc_arm/bin/../lib/gcc/arm-none-eabi/14.3.1/../../../../arm-none-eabi/lib/thumb/v7-m/nofp\libc_nano.a(libc_a-findfp.o)
 .text.global_stdio_init.part.0
                0x08003ed0       0x40 C:/Users/Administrator/.eide/tools/gcc_arm/bin/../lib/gcc/arm-none-eabi/14.3.1/../../../../arm-none-eabi/lib/thumb/v7-m/nofp\libc_nano.a(libc_a-findfp.o)
 .text.__sfp_lock_acquire
                0x08003f10        0xc C:/Users/Administrator/.eide/tools/gcc_arm/bin/../lib/gcc/arm-none-eabi/14.3.1/../../../../arm-none-eabi/lib/thumb/v7-m/nofp\libc_nano.a(libc_a-findfp.o)
                0x08003f10                __sfp_lock_acquire
 .text.__sfp_lock_release
                0x08003f1c        0xc C:/Users/Administrator/.eide/tools/gcc_arm/bin/../lib/gcc/arm-none-eabi/14.3.1/../../../../arm-none-eabi/lib/thumb/v7-m/nofp\libc_nano.a(libc_a-findfp.o)
                0x08003f1c                __sfp_lock_release
 .text.__sinit  0x08003f28       0x30 C:/Users/Administrator/.eide/tools/gcc_arm/bin/../lib/gcc/arm-none-eabi/14.3.1/../../../../arm-none-eabi/lib/thumb/v7-m/nofp\libc_nano.a(libc_a-findfp.o)
                0x08003f28                __sinit
 .text._fwalk_sglue
                0x08003f58       0x3c C:/Users/Administrator/.eide/tools/gcc_arm/bin/../lib/gcc/arm-none-eabi/14.3.1/../../../../arm-none-eabi/lib/thumb/v7-m/nofp\libc_nano.a(libc_a-fwalk.o)
                0x08003f58                _fwalk_sglue
 .text.printf   0x08003f94       0x24 C:/Users/Administrator/.eide/tools/gcc_arm/bin/../lib/gcc/arm-none-eabi/14.3.1/../../../../arm-none-eabi/lib/thumb/v7-m/nofp\libc_nano.a(libc_a-printf.o)
                0x08003f94                iprintf
                0x08003f94                printf
 .text._puts_r  0x08003fb8       0xaa C:/Users/Administrator/.eide/tools/gcc_arm/bin/../lib/gcc/arm-none-eabi/14.3.1/../../../../arm-none-eabi/lib/thumb/v7-m/nofp\libc_nano.a(libc_a-puts.o)
                0x08003fb8                _puts_r
 *fill*         0x08004062        0x2 
 .text.puts     0x08004064       0x10 C:/Users/Administrator/.eide/tools/gcc_arm/bin/../lib/gcc/arm-none-eabi/14.3.1/../../../../arm-none-eabi/lib/thumb/v7-m/nofp\libc_nano.a(libc_a-puts.o)
                0x08004064                puts
 .text.__sread  0x08004074       0x22 C:/Users/Administrator/.eide/tools/gcc_arm/bin/../lib/gcc/arm-none-eabi/14.3.1/../../../../arm-none-eabi/lib/thumb/v7-m/nofp\libc_nano.a(libc_a-stdio.o)
                0x08004074                __sread
 .text.__swrite
                0x08004096       0x38 C:/Users/Administrator/.eide/tools/gcc_arm/bin/../lib/gcc/arm-none-eabi/14.3.1/../../../../arm-none-eabi/lib/thumb/v7-m/nofp\libc_nano.a(libc_a-stdio.o)
                0x08004096                __swrite
 .text.__sseek  0x080040ce       0x26 C:/Users/Administrator/.eide/tools/gcc_arm/bin/../lib/gcc/arm-none-eabi/14.3.1/../../../../arm-none-eabi/lib/thumb/v7-m/nofp\libc_nano.a(libc_a-stdio.o)
                0x080040ce                __sseek
 .text.__sclose
                0x080040f4        0x8 C:/Users/Administrator/.eide/tools/gcc_arm/bin/../lib/gcc/arm-none-eabi/14.3.1/../../../../arm-none-eabi/lib/thumb/v7-m/nofp\libc_nano.a(libc_a-stdio.o)
                0x080040f4                __sclose
 .text.__swbuf_r
                0x080040fc       0x7c C:/Users/Administrator/.eide/tools/gcc_arm/bin/../lib/gcc/arm-none-eabi/14.3.1/../../../../arm-none-eabi/lib/thumb/v7-m/nofp\libc_nano.a(libc_a-wbuf.o)
                0x080040fc                __swbuf_r
 .text.__swsetup_r
                0x08004178       0xa8 C:/Users/Administrator/.eide/tools/gcc_arm/bin/../lib/gcc/arm-none-eabi/14.3.1/../../../../arm-none-eabi/lib/thumb/v7-m/nofp\libc_nano.a(libc_a-wsetup.o)
                0x08004178                __swsetup_r
 .text.memset   0x08004220       0x10 C:/Users/Administrator/.eide/tools/gcc_arm/bin/../lib/gcc/arm-none-eabi/14.3.1/../../../../arm-none-eabi/lib/thumb/v7-m/nofp\libc_nano.a(libc_a-memset.o)
                0x08004220                memset
 .text._close_r
                0x08004230       0x20 C:/Users/Administrator/.eide/tools/gcc_arm/bin/../lib/gcc/arm-none-eabi/14.3.1/../../../../arm-none-eabi/lib/thumb/v7-m/nofp\libc_nano.a(libc_a-closer.o)
                0x08004230                _close_r
 .text._lseek_r
                0x08004250       0x24 C:/Users/Administrator/.eide/tools/gcc_arm/bin/../lib/gcc/arm-none-eabi/14.3.1/../../../../arm-none-eabi/lib/thumb/v7-m/nofp\libc_nano.a(libc_a-lseekr.o)
                0x08004250                _lseek_r
 .text._read_r  0x08004274       0x24 C:/Users/Administrator/.eide/tools/gcc_arm/bin/../lib/gcc/arm-none-eabi/14.3.1/../../../../arm-none-eabi/lib/thumb/v7-m/nofp\libc_nano.a(libc_a-readr.o)
                0x08004274                _read_r
 .text._write_r
                0x08004298       0x24 C:/Users/Administrator/.eide/tools/gcc_arm/bin/../lib/gcc/arm-none-eabi/14.3.1/../../../../arm-none-eabi/lib/thumb/v7-m/nofp\libc_nano.a(libc_a-writer.o)
                0x08004298                _write_r
 .text.__errno  0x080042bc        0xc C:/Users/Administrator/.eide/tools/gcc_arm/bin/../lib/gcc/arm-none-eabi/14.3.1/../../../../arm-none-eabi/lib/thumb/v7-m/nofp\libc_nano.a(libc_a-errno.o)
                0x080042bc                __errno
 .text.__libc_init_array
                0x080042c8       0x48 C:/Users/Administrator/.eide/tools/gcc_arm/bin/../lib/gcc/arm-none-eabi/14.3.1/../../../../arm-none-eabi/lib/thumb/v7-m/nofp\libc_nano.a(libc_a-init.o)
                0x080042c8                __libc_init_array
 .text.__retarget_lock_init_recursive
                0x08004310        0x2 C:/Users/Administrator/.eide/tools/gcc_arm/bin/../lib/gcc/arm-none-eabi/14.3.1/../../../../arm-none-eabi/lib/thumb/v7-m/nofp\libc_nano.a(libc_a-lock.o)
                0x08004310                __retarget_lock_init_recursive
 .text.__retarget_lock_acquire_recursive
                0x08004312        0x2 C:/Users/Administrator/.eide/tools/gcc_arm/bin/../lib/gcc/arm-none-eabi/14.3.1/../../../../arm-none-eabi/lib/thumb/v7-m/nofp\libc_nano.a(libc_a-lock.o)
                0x08004312                __retarget_lock_acquire_recursive
 .text.__retarget_lock_release_recursive
                0x08004314        0x2 C:/Users/Administrator/.eide/tools/gcc_arm/bin/../lib/gcc/arm-none-eabi/14.3.1/../../../../arm-none-eabi/lib/thumb/v7-m/nofp\libc_nano.a(libc_a-lock.o)
                0x08004314                __retarget_lock_release_recursive
 .text.memcpy   0x08004316       0x1c C:/Users/Administrator/.eide/tools/gcc_arm/bin/../lib/gcc/arm-none-eabi/14.3.1/../../../../arm-none-eabi/lib/thumb/v7-m/nofp\libc_nano.a(libc_a-memcpy-stub.o)
                0x08004316                memcpy
 *fill*         0x08004332        0x2 
 .text._free_r  0x08004334       0x90 C:/Users/Administrator/.eide/tools/gcc_arm/bin/../lib/gcc/arm-none-eabi/14.3.1/../../../../arm-none-eabi/lib/thumb/v7-m/nofp\libc_nano.a(libc_a-freer.o)
                0x08004334                _free_r
 .text.sbrk_aligned
                0x080043c4       0x44 C:/Users/Administrator/.eide/tools/gcc_arm/bin/../lib/gcc/arm-none-eabi/14.3.1/../../../../arm-none-eabi/lib/thumb/v7-m/nofp\libc_nano.a(libc_a-mallocr.o)
 .text._malloc_r
                0x08004408      0x100 C:/Users/Administrator/.eide/tools/gcc_arm/bin/../lib/gcc/arm-none-eabi/14.3.1/../../../../arm-none-eabi/lib/thumb/v7-m/nofp\libc_nano.a(libc_a-mallocr.o)
                0x08004408                _malloc_r
 .text.__malloc_lock
                0x08004508        0xc C:/Users/Administrator/.eide/tools/gcc_arm/bin/../lib/gcc/arm-none-eabi/14.3.1/../../../../arm-none-eabi/lib/thumb/v7-m/nofp\libc_nano.a(libc_a-mlock.o)
                0x08004508                __malloc_lock
 .text.__malloc_unlock
                0x08004514        0xc C:/Users/Administrator/.eide/tools/gcc_arm/bin/../lib/gcc/arm-none-eabi/14.3.1/../../../../arm-none-eabi/lib/thumb/v7-m/nofp\libc_nano.a(libc_a-mlock.o)
                0x08004514                __malloc_unlock
 .text.__sfputc_r
                0x08004520       0x2a C:/Users/Administrator/.eide/tools/gcc_arm/bin/../lib/gcc/arm-none-eabi/14.3.1/../../../../arm-none-eabi/lib/thumb/v7-m/nofp\libc_nano.a(libc_a-nano-vfprintf.o)
 .text.__sfputs_r
                0x0800454a       0x24 C:/Users/Administrator/.eide/tools/gcc_arm/bin/../lib/gcc/arm-none-eabi/14.3.1/../../../../arm-none-eabi/lib/thumb/v7-m/nofp\libc_nano.a(libc_a-nano-vfprintf.o)
                0x0800454a                __sfputs_r
 *fill*         0x0800456e        0x2 
 .text._vfprintf_r
                0x08004570      0x228 C:/Users/Administrator/.eide/tools/gcc_arm/bin/../lib/gcc/arm-none-eabi/14.3.1/../../../../arm-none-eabi/lib/thumb/v7-m/nofp\libc_nano.a(libc_a-nano-vfprintf.o)
                0x08004570                _vfprintf_r
                0x08004570                _vfiprintf_r
 .text._printf_common
                0x08004798       0xe4 C:/Users/Administrator/.eide/tools/gcc_arm/bin/../lib/gcc/arm-none-eabi/14.3.1/../../../../arm-none-eabi/lib/thumb/v7-m/nofp\libc_nano.a(libc_a-nano-vfprintf_i.o)
                0x08004798                _printf_common
 .text._printf_i
                0x0800487c      0x24c C:/Users/Administrator/.eide/tools/gcc_arm/bin/../lib/gcc/arm-none-eabi/14.3.1/../../../../arm-none-eabi/lib/thumb/v7-m/nofp\libc_nano.a(libc_a-nano-vfprintf_i.o)
                0x0800487c                _printf_i
 .text.__sflush_r
                0x08004ac8       0xfc C:/Users/Administrator/.eide/tools/gcc_arm/bin/../lib/gcc/arm-none-eabi/14.3.1/../../../../arm-none-eabi/lib/thumb/v7-m/nofp\libc_nano.a(libc_a-fflush.o)
                0x08004ac8                __sflush_r
 .text._fflush_r
                0x08004bc4       0x50 C:/Users/Administrator/.eide/tools/gcc_arm/bin/../lib/gcc/arm-none-eabi/14.3.1/../../../../arm-none-eabi/lib/thumb/v7-m/nofp\libc_nano.a(libc_a-fflush.o)
                0x08004bc4                _fflush_r
 .text.__swhatbuf_r
                0x08004c14       0x48 C:/Users/Administrator/.eide/tools/gcc_arm/bin/../lib/gcc/arm-none-eabi/14.3.1/../../../../arm-none-eabi/lib/thumb/v7-m/nofp\libc_nano.a(libc_a-makebuf.o)
                0x08004c14                __swhatbuf_r
 .text.__smakebuf_r
                0x08004c5c       0x72 C:/Users/Administrator/.eide/tools/gcc_arm/bin/../lib/gcc/arm-none-eabi/14.3.1/../../../../arm-none-eabi/lib/thumb/v7-m/nofp\libc_nano.a(libc_a-makebuf.o)
                0x08004c5c                __smakebuf_r
 *fill*         0x08004cce        0x2 
 .text._fstat_r
                0x08004cd0       0x24 C:/Users/Administrator/.eide/tools/gcc_arm/bin/../lib/gcc/arm-none-eabi/14.3.1/../../../../arm-none-eabi/lib/thumb/v7-m/nofp\libc_nano.a(libc_a-fstatr.o)
                0x08004cd0                _fstat_r
 .text._isatty_r
                0x08004cf4       0x20 C:/Users/Administrator/.eide/tools/gcc_arm/bin/../lib/gcc/arm-none-eabi/14.3.1/../../../../arm-none-eabi/lib/thumb/v7-m/nofp\libc_nano.a(libc_a-isattyr.o)
                0x08004cf4                _isatty_r
 .text._sbrk_r  0x08004d14       0x20 C:/Users/Administrator/.eide/tools/gcc_arm/bin/../lib/gcc/arm-none-eabi/14.3.1/../../../../arm-none-eabi/lib/thumb/v7-m/nofp\libc_nano.a(libc_a-sbrkr.o)
                0x08004d14                _sbrk_r
 .text.memchr   0x08004d34       0x1c C:/Users/Administrator/.eide/tools/gcc_arm/bin/../lib/gcc/arm-none-eabi/14.3.1/../../../../arm-none-eabi/lib/thumb/v7-m/nofp\libc_nano.a(libc_a-memchr-stub.o)
                0x08004d34                memchr
 *(.glue_7)
 .glue_7        0x08004d50        0x0 linker stubs
 *(.glue_7t)
 .glue_7t       0x08004d50        0x0 linker stubs
 *(.eh_frame)
 .eh_frame      0x08004d50        0x0 C:/Users/Administrator/.eide/tools/gcc_arm/bin/../lib/gcc/arm-none-eabi/14.3.1/thumb/v7-m/nofp/crtbegin.o
 *(.init)
 .init          0x08004d50        0x4 C:/Users/Administrator/.eide/tools/gcc_arm/bin/../lib/gcc/arm-none-eabi/14.3.1/thumb/v7-m/nofp/crti.o
                0x08004d50                _init
 .init          0x08004d54        0x8 C:/Users/Administrator/.eide/tools/gcc_arm/bin/../lib/gcc/arm-none-eabi/14.3.1/thumb/v7-m/nofp/crtn.o
 *(.fini)
 .fini          0x08004d5c        0x4 C:/Users/Administrator/.eide/tools/gcc_arm/bin/../lib/gcc/arm-none-eabi/14.3.1/thumb/v7-m/nofp/crti.o
                0x08004d5c                _fini
 .fini          0x08004d60        0x8 C:/Users/Administrator/.eide/tools/gcc_arm/bin/../lib/gcc/arm-none-eabi/14.3.1/thumb/v7-m/nofp/crtn.o
                0x08004d68                        . = ALIGN (0x4)
                0x08004d68                        _etext = .

.vfp11_veneer   0x08004d68        0x0
 .vfp11_veneer  0x08004d68        0x0 linker stubs

.v4_bx          0x08004d68        0x0
 .v4_bx         0x08004d68        0x0 linker stubs

.iplt           0x08004d68        0x0
 .iplt          0x08004d68        0x0 C:/Users/Administrator/.eide/tools/gcc_arm/bin/../lib/gcc/arm-none-eabi/14.3.1/thumb/v7-m/nofp/crtbegin.o

.rodata         0x08004d68      0x18c
                0x08004d68                        . = ALIGN (0x4)
 *(.rodata)
 .rodata        0x08004d68        0xc ./build/Debug/.obj/Core/Src/main.o
 *(.rodata*)
 .rodata.StartRemoteTask.str1.4
                0x08004d74       0xc0 ./build/Debug/.obj/Core/Src/main.o
                                 0x66 (size before relaxing)
 .rodata.HAL_GPIO_EXTI_Callback.str1.4
                0x08004e34        0xc ./build/Debug/.obj/Core/Src/main.o
 .rodata.str1.4
                0x08004e34       0x32 ./build/Debug/.obj/Core/Src/main.o
 .rodata.RemoteQueue_attributes
                0x08004e34       0x18 ./build/Debug/.obj/Core/Src/main.o
                0x08004e34                RemoteQueue_attributes
 .rodata.RemoteTask_attributes
                0x08004e4c       0x24 ./build/Debug/.obj/Core/Src/main.o
                0x08004e4c                RemoteTask_attributes
 .rodata.DebugTask_attributes
                0x08004e70       0x24 ./build/Debug/.obj/Core/Src/main.o
                0x08004e70                DebugTask_attributes
 .rodata.APBPrescTable
                0x08004e94        0x8 ./build/Debug/.obj/Core/Src/system_stm32f1xx.o
                0x08004e94                APBPrescTable
 .rodata.AHBPrescTable
                0x08004e9c       0x10 ./build/Debug/.obj/Core/Src/system_stm32f1xx.o
                0x08004e9c                AHBPrescTable
 .rodata.aPredivFactorTable.0
                0x08004eac        0x2 ./build/Debug/.obj/Drivers/STM32F1xx_HAL_Driver/Src/stm32f1xx_hal_rcc.o
 *fill*         0x08004eae        0x2 
 .rodata.aPLLMULFactorTable.1
                0x08004eb0       0x10 ./build/Debug/.obj/Drivers/STM32F1xx_HAL_Driver/Src/stm32f1xx_hal_rcc.o
 .rodata.vTaskStartScheduler.str1.4
                0x08004ec0        0x5 ./build/Debug/.obj/Middlewares/Third_Party/FreeRTOS/Source/tasks.o
 .rodata.prvCheckForValidListAndQueue.str1.4
                0x08004ec0        0x5 ./build/Debug/.obj/Middlewares/Third_Party/FreeRTOS/Source/timers.o
 .rodata.xTimerCreateTimerTask.str1.4
                0x08004ec0        0x8 ./build/Debug/.obj/Middlewares/Third_Party/FreeRTOS/Source/timers.o
 .rodata._vfprintf_r.str1.1
                0x08004ec0       0x33 C:/Users/Administrator/.eide/tools/gcc_arm/bin/../lib/gcc/arm-none-eabi/14.3.1/../../../../arm-none-eabi/lib/thumb/v7-m/nofp\libc_nano.a(libc_a-nano-vfprintf.o)
                                 0x11 (size before relaxing)
 .rodata._printf_i.str1.1
                0x08004ef3       0x22 C:/Users/Administrator/.eide/tools/gcc_arm/bin/../lib/gcc/arm-none-eabi/14.3.1/../../../../arm-none-eabi/lib/thumb/v7-m/nofp\libc_nano.a(libc_a-nano-vfprintf_i.o)
                0x08004f18                        . = ALIGN (0x4)
 *fill*         0x08004ef3        0x1 

.ARM.extab      0x08004ef4        0x0
                0x08004ef4                        . = ALIGN (0x4)
 *(.ARM.extab* .gnu.linkonce.armextab.*)
                0x08004ef4                        . = ALIGN (0x4)

.ARM            0x08004ef4        0x0
                0x08004ef4                        . = ALIGN (0x4)
                0x08004ef4                        __exidx_start = .
 *(.ARM.exidx*)
                0x08004ef4                        __exidx_end = .
                0x08004ef4                        . = ALIGN (0x4)

.preinit_array  0x08004ef4        0x0
                0x08004ef4                        . = ALIGN (0x4)
                0x08004ef4                        PROVIDE (__preinit_array_start = .)
 *(.preinit_array*)
                0x08004ef4                        PROVIDE (__preinit_array_end = .)
                0x08004ef4                        . = ALIGN (0x4)

.init_array     0x08004ef4        0x4
                0x08004ef4                        . = ALIGN (0x4)
                0x08004ef4                        PROVIDE (__init_array_start = .)
 *(SORT_BY_NAME(.init_array.*))
 *(.init_array*)
 .init_array    0x08004ef4        0x4 C:/Users/Administrator/.eide/tools/gcc_arm/bin/../lib/gcc/arm-none-eabi/14.3.1/thumb/v7-m/nofp/crtbegin.o
                0x08004ef8                        PROVIDE (__init_array_end = .)
                0x08004ef8                        . = ALIGN (0x4)

.fini_array     0x08004ef8        0x4
                0x08004ef8                        . = ALIGN (0x4)
                [!provide]                        PROVIDE (__fini_array_start = .)
 *(SORT_BY_NAME(.fini_array.*))
 *(.fini_array*)
 .fini_array    0x08004ef8        0x4 C:/Users/Administrator/.eide/tools/gcc_arm/bin/../lib/gcc/arm-none-eabi/14.3.1/thumb/v7-m/nofp/crtbegin.o
                [!provide]                        PROVIDE (__fini_array_end = .)
                0x08004efc                        . = ALIGN (0x4)
                0x08004efc                        _sidata = LOADADDR (.data)

.rel.dyn        0x08004efc        0x0
 .rel.iplt      0x08004efc        0x0 C:/Users/Administrator/.eide/tools/gcc_arm/bin/../lib/gcc/arm-none-eabi/14.3.1/thumb/v7-m/nofp/crtbegin.o

.data           0x20000000       0x6c load address 0x08004efc
                0x20000000                        . = ALIGN (0x4)
                0x20000000                        _sdata = .
 *(.data)
 *(.data*)
 .data.SystemCoreClock
                0x20000000        0x4 ./build/Debug/.obj/Core/Src/system_stm32f1xx.o
                0x20000000                SystemCoreClock
 .data.uwTickFreq
                0x20000004        0x1 ./build/Debug/.obj/Drivers/STM32F1xx_HAL_Driver/Src/stm32f1xx_hal.o
                0x20000004                uwTickFreq
 *fill*         0x20000005        0x3 
 .data.uwTickPrio
                0x20000008        0x4 ./build/Debug/.obj/Drivers/STM32F1xx_HAL_Driver/Src/stm32f1xx_hal.o
                0x20000008                uwTickPrio
 .data.uxCriticalNesting
                0x2000000c        0x4 ./build/Debug/.obj/Middlewares/Third_Party/FreeRTOS/Source/portable/GCC/ARM_CM3/port.o
 .data.__sglue  0x20000010        0xc C:/Users/Administrator/.eide/tools/gcc_arm/bin/../lib/gcc/arm-none-eabi/14.3.1/../../../../arm-none-eabi/lib/thumb/v7-m/nofp\libc_nano.a(libc_a-findfp.o)
                0x20000010                __sglue
 .data._impure_ptr
                0x2000001c        0x4 C:/Users/Administrator/.eide/tools/gcc_arm/bin/../lib/gcc/arm-none-eabi/14.3.1/../../../../arm-none-eabi/lib/thumb/v7-m/nofp\libc_nano.a(libc_a-impure.o)
                0x2000001c                _impure_ptr
 .data._impure_data
                0x20000020       0x4c C:/Users/Administrator/.eide/tools/gcc_arm/bin/../lib/gcc/arm-none-eabi/14.3.1/../../../../arm-none-eabi/lib/thumb/v7-m/nofp\libc_nano.a(libc_a-impure.o)
                0x20000020                _impure_data
 *(.RamFunc)
 *(.RamFunc*)
                0x2000006c                        . = ALIGN (0x4)
                0x2000006c                        _edata = .

.tm_clone_table
                0x2000006c        0x0 load address 0x08004f68
 .tm_clone_table
                0x2000006c        0x0 C:/Users/Administrator/.eide/tools/gcc_arm/bin/../lib/gcc/arm-none-eabi/14.3.1/thumb/v7-m/nofp/crtbegin.o
 .tm_clone_table
                0x2000006c        0x0 C:/Users/Administrator/.eide/tools/gcc_arm/bin/../lib/gcc/arm-none-eabi/14.3.1/thumb/v7-m/nofp/crtend.o

.igot.plt       0x2000006c        0x0 load address 0x08004f68
 .igot.plt      0x2000006c        0x0 C:/Users/Administrator/.eide/tools/gcc_arm/bin/../lib/gcc/arm-none-eabi/14.3.1/thumb/v7-m/nofp/crtbegin.o
                0x2000006c                        . = ALIGN (0x4)

.bss            0x2000006c     0x1bf8 load address 0x08004f68
                0x2000006c                        _sbss = .
                0x2000006c                        __bss_start__ = _sbss
 *(.bss)
 *(.bss*)
 .bss.completed.1
                0x2000006c        0x1 C:/Users/Administrator/.eide/tools/gcc_arm/bin/../lib/gcc/arm-none-eabi/14.3.1/thumb/v7-m/nofp/crtbegin.o
 *fill*         0x2000006d        0x3 
 .bss.object.0  0x20000070       0x18 C:/Users/Administrator/.eide/tools/gcc_arm/bin/../lib/gcc/arm-none-eabi/14.3.1/thumb/v7-m/nofp/crtbegin.o
 .bss.RemoteQueueHandle
                0x20000088        0x4 ./build/Debug/.obj/Core/Src/main.o
                0x20000088                RemoteQueueHandle
 .bss.RemoteTaskHandle
                0x2000008c        0x4 ./build/Debug/.obj/Core/Src/main.o
                0x2000008c                RemoteTaskHandle
 .bss.DebugTaskHandle
                0x20000090        0x4 ./build/Debug/.obj/Core/Src/main.o
                0x20000090                DebugTaskHandle
 .bss.hdma_usart2_tx
                0x20000094       0x44 ./build/Debug/.obj/Core/Src/main.o
                0x20000094                hdma_usart2_tx
 .bss.hdma_usart2_rx
                0x200000d8       0x44 ./build/Debug/.obj/Core/Src/main.o
                0x200000d8                hdma_usart2_rx
 .bss.huart3    0x2000011c       0x48 ./build/Debug/.obj/Core/Src/main.o
                0x2000011c                huart3
 .bss.huart2    0x20000164       0x48 ./build/Debug/.obj/Core/Src/main.o
                0x20000164                huart2
 .bss.receiveData
                0x200001ac       0x12 ./build/Debug/.obj/Core/Src/main.o
                0x200001ac                receiveData
 *fill*         0x200001be        0x2 
 .bss.__sbrk_heap_end
                0x200001c0        0x4 ./build/Debug/.obj/Core/Src/sysmem.o
 .bss.uwTick    0x200001c4        0x4 ./build/Debug/.obj/Drivers/STM32F1xx_HAL_Driver/Src/stm32f1xx_hal.o
                0x200001c4                uwTick
 .bss.Timer_Stack.0
                0x200001c8      0x400 ./build/Debug/.obj/Middlewares/Third_Party/FreeRTOS/Source/CMSIS_RTOS_V2/cmsis_os2.o
 .bss.Timer_TCB.1
                0x200005c8       0x5c ./build/Debug/.obj/Middlewares/Third_Party/FreeRTOS/Source/CMSIS_RTOS_V2/cmsis_os2.o
 .bss.Idle_Stack.2
                0x20000624      0x200 ./build/Debug/.obj/Middlewares/Third_Party/FreeRTOS/Source/CMSIS_RTOS_V2/cmsis_os2.o
 .bss.Idle_TCB.3
                0x20000824       0x5c ./build/Debug/.obj/Middlewares/Third_Party/FreeRTOS/Source/CMSIS_RTOS_V2/cmsis_os2.o
 .bss.KernelState
                0x20000880        0x4 ./build/Debug/.obj/Middlewares/Third_Party/FreeRTOS/Source/CMSIS_RTOS_V2/cmsis_os2.o
 .bss.ulMaxPRIGROUPValue
                0x20000884        0x4 ./build/Debug/.obj/Middlewares/Third_Party/FreeRTOS/Source/portable/GCC/ARM_CM3/port.o
 .bss.ucMaxSysCallPriority
                0x20000888        0x1 ./build/Debug/.obj/Middlewares/Third_Party/FreeRTOS/Source/portable/GCC/ARM_CM3/port.o
 *fill*         0x20000889        0x3 
 .bss.xBlockAllocatedBit
                0x2000088c        0x4 ./build/Debug/.obj/Middlewares/Third_Party/FreeRTOS/Source/portable/MemMang/heap_4.o
 .bss.xNumberOfSuccessfulFrees
                0x20000890        0x4 ./build/Debug/.obj/Middlewares/Third_Party/FreeRTOS/Source/portable/MemMang/heap_4.o
 .bss.xNumberOfSuccessfulAllocations
                0x20000894        0x4 ./build/Debug/.obj/Middlewares/Third_Party/FreeRTOS/Source/portable/MemMang/heap_4.o
 .bss.xMinimumEverFreeBytesRemaining
                0x20000898        0x4 ./build/Debug/.obj/Middlewares/Third_Party/FreeRTOS/Source/portable/MemMang/heap_4.o
 .bss.xFreeBytesRemaining
                0x2000089c        0x4 ./build/Debug/.obj/Middlewares/Third_Party/FreeRTOS/Source/portable/MemMang/heap_4.o
 .bss.pxEnd     0x200008a0        0x4 ./build/Debug/.obj/Middlewares/Third_Party/FreeRTOS/Source/portable/MemMang/heap_4.o
 .bss.xStart    0x200008a4        0x8 ./build/Debug/.obj/Middlewares/Third_Party/FreeRTOS/Source/portable/MemMang/heap_4.o
 .bss.ucHeap    0x200008ac      0xc00 ./build/Debug/.obj/Middlewares/Third_Party/FreeRTOS/Source/portable/MemMang/heap_4.o
 .bss.xQueueRegistry
                0x200014ac       0x40 ./build/Debug/.obj/Middlewares/Third_Party/FreeRTOS/Source/queue.o
                0x200014ac                xQueueRegistry
 .bss.uxSchedulerSuspended
                0x200014ec        0x4 ./build/Debug/.obj/Middlewares/Third_Party/FreeRTOS/Source/tasks.o
 .bss.xIdleTaskHandle
                0x200014f0        0x4 ./build/Debug/.obj/Middlewares/Third_Party/FreeRTOS/Source/tasks.o
 .bss.xNextTaskUnblockTime
                0x200014f4        0x4 ./build/Debug/.obj/Middlewares/Third_Party/FreeRTOS/Source/tasks.o
 .bss.uxTaskNumber
                0x200014f8        0x4 ./build/Debug/.obj/Middlewares/Third_Party/FreeRTOS/Source/tasks.o
 .bss.xNumOfOverflows
                0x200014fc        0x4 ./build/Debug/.obj/Middlewares/Third_Party/FreeRTOS/Source/tasks.o
 .bss.xYieldPending
                0x20001500        0x4 ./build/Debug/.obj/Middlewares/Third_Party/FreeRTOS/Source/tasks.o
 .bss.xPendedTicks
                0x20001504        0x4 ./build/Debug/.obj/Middlewares/Third_Party/FreeRTOS/Source/tasks.o
 .bss.xSchedulerRunning
                0x20001508        0x4 ./build/Debug/.obj/Middlewares/Third_Party/FreeRTOS/Source/tasks.o
 .bss.uxTopReadyPriority
                0x2000150c        0x4 ./build/Debug/.obj/Middlewares/Third_Party/FreeRTOS/Source/tasks.o
 .bss.xTickCount
                0x20001510        0x4 ./build/Debug/.obj/Middlewares/Third_Party/FreeRTOS/Source/tasks.o
 .bss.uxCurrentNumberOfTasks
                0x20001514        0x4 ./build/Debug/.obj/Middlewares/Third_Party/FreeRTOS/Source/tasks.o
 .bss.xSuspendedTaskList
                0x20001518       0x14 ./build/Debug/.obj/Middlewares/Third_Party/FreeRTOS/Source/tasks.o
 .bss.uxDeletedTasksWaitingCleanUp
                0x2000152c        0x4 ./build/Debug/.obj/Middlewares/Third_Party/FreeRTOS/Source/tasks.o
 .bss.xTasksWaitingTermination
                0x20001530       0x14 ./build/Debug/.obj/Middlewares/Third_Party/FreeRTOS/Source/tasks.o
 .bss.xPendingReadyList
                0x20001544       0x14 ./build/Debug/.obj/Middlewares/Third_Party/FreeRTOS/Source/tasks.o
 .bss.pxOverflowDelayedTaskList
                0x20001558        0x4 ./build/Debug/.obj/Middlewares/Third_Party/FreeRTOS/Source/tasks.o
 .bss.pxDelayedTaskList
                0x2000155c        0x4 ./build/Debug/.obj/Middlewares/Third_Party/FreeRTOS/Source/tasks.o
 .bss.xDelayedTaskList2
                0x20001560       0x14 ./build/Debug/.obj/Middlewares/Third_Party/FreeRTOS/Source/tasks.o
 .bss.xDelayedTaskList1
                0x20001574       0x14 ./build/Debug/.obj/Middlewares/Third_Party/FreeRTOS/Source/tasks.o
 .bss.pxReadyTasksLists
                0x20001588      0x460 ./build/Debug/.obj/Middlewares/Third_Party/FreeRTOS/Source/tasks.o
 .bss.pxCurrentTCB
                0x200019e8        0x4 ./build/Debug/.obj/Middlewares/Third_Party/FreeRTOS/Source/tasks.o
                0x200019e8                pxCurrentTCB
 .bss.xStaticTimerQueue.0
                0x200019ec       0x50 ./build/Debug/.obj/Middlewares/Third_Party/FreeRTOS/Source/timers.o
 .bss.ucStaticTimerQueueStorage.1
                0x20001a3c       0xa0 ./build/Debug/.obj/Middlewares/Third_Party/FreeRTOS/Source/timers.o
 .bss.xLastTime.2
                0x20001adc        0x4 ./build/Debug/.obj/Middlewares/Third_Party/FreeRTOS/Source/timers.o
 .bss.xTimerTaskHandle
                0x20001ae0        0x4 ./build/Debug/.obj/Middlewares/Third_Party/FreeRTOS/Source/timers.o
 .bss.xTimerQueue
                0x20001ae4        0x4 ./build/Debug/.obj/Middlewares/Third_Party/FreeRTOS/Source/timers.o
 .bss.pxOverflowTimerList
                0x20001ae8        0x4 ./build/Debug/.obj/Middlewares/Third_Party/FreeRTOS/Source/timers.o
 .bss.pxCurrentTimerList
                0x20001aec        0x4 ./build/Debug/.obj/Middlewares/Third_Party/FreeRTOS/Source/timers.o
 .bss.xActiveTimerList2
                0x20001af0       0x14 ./build/Debug/.obj/Middlewares/Third_Party/FreeRTOS/Source/timers.o
 .bss.xActiveTimerList1
                0x20001b04       0x14 ./build/Debug/.obj/Middlewares/Third_Party/FreeRTOS/Source/timers.o
 .bss.__sf      0x20001b18      0x138 C:/Users/Administrator/.eide/tools/gcc_arm/bin/../lib/gcc/arm-none-eabi/14.3.1/../../../../arm-none-eabi/lib/thumb/v7-m/nofp\libc_nano.a(libc_a-findfp.o)
                0x20001b18                __sf
 .bss.__stdio_exit_handler
                0x20001c50        0x4 C:/Users/Administrator/.eide/tools/gcc_arm/bin/../lib/gcc/arm-none-eabi/14.3.1/../../../../arm-none-eabi/lib/thumb/v7-m/nofp\libc_nano.a(libc_a-findfp.o)
                0x20001c50                __stdio_exit_handler
 .bss.errno     0x20001c54        0x4 C:/Users/Administrator/.eide/tools/gcc_arm/bin/../lib/gcc/arm-none-eabi/14.3.1/../../../../arm-none-eabi/lib/thumb/v7-m/nofp\libc_nano.a(libc_a-reent.o)
                0x20001c54                errno
 .bss.__lock___malloc_recursive_mutex
                0x20001c58        0x1 C:/Users/Administrator/.eide/tools/gcc_arm/bin/../lib/gcc/arm-none-eabi/14.3.1/../../../../arm-none-eabi/lib/thumb/v7-m/nofp\libc_nano.a(libc_a-lock.o)
                0x20001c58                __lock___malloc_recursive_mutex
 .bss.__lock___sfp_recursive_mutex
                0x20001c59        0x1 C:/Users/Administrator/.eide/tools/gcc_arm/bin/../lib/gcc/arm-none-eabi/14.3.1/../../../../arm-none-eabi/lib/thumb/v7-m/nofp\libc_nano.a(libc_a-lock.o)
                0x20001c59                __lock___sfp_recursive_mutex
 *fill*         0x20001c5a        0x2 
 .bss.__malloc_sbrk_start
                0x20001c5c        0x4 C:/Users/Administrator/.eide/tools/gcc_arm/bin/../lib/gcc/arm-none-eabi/14.3.1/../../../../arm-none-eabi/lib/thumb/v7-m/nofp\libc_nano.a(libc_a-mallocr.o)
                0x20001c5c                __malloc_sbrk_start
 .bss.__malloc_free_list
                0x20001c60        0x4 C:/Users/Administrator/.eide/tools/gcc_arm/bin/../lib/gcc/arm-none-eabi/14.3.1/../../../../arm-none-eabi/lib/thumb/v7-m/nofp\libc_nano.a(libc_a-mallocr.o)
                0x20001c60                __malloc_free_list
 *(COMMON)
                0x20001c64                        . = ALIGN (0x4)
                0x20001c64                        _ebss = .
                0x20001c64                        __bss_end__ = _ebss

._user_heap_stack
                0x20001c64      0x604 load address 0x08004f68
                0x20001c68                        . = ALIGN (0x8)
 *fill*         0x20001c64        0x4 
                [!provide]                        PROVIDE (end = .)
                0x20001c68                        PROVIDE (_end = .)
                0x20001e68                        . = (. + _Min_Heap_Size)
 *fill*         0x20001c68      0x200 
                0x20002268                        . = (. + _Min_Stack_Size)
 *fill*         0x20001e68      0x400 
                0x20002268                        . = ALIGN (0x8)

/DISCARD/
 libc.a(*)
 libm.a(*)
 libgcc.a(*)

.ARM.attributes
                0x00000000       0x29
 *(.ARM.attributes)
 .ARM.attributes
                0x00000000       0x1d C:/Users/Administrator/.eide/tools/gcc_arm/bin/../lib/gcc/arm-none-eabi/14.3.1/thumb/v7-m/nofp/crti.o
 .ARM.attributes
                0x0000001d       0x2d C:/Users/Administrator/.eide/tools/gcc_arm/bin/../lib/gcc/arm-none-eabi/14.3.1/thumb/v7-m/nofp/crtbegin.o
 .ARM.attributes
                0x0000004a       0x2d ./build/Debug/.obj/Core/Bsp/remote_control.o
 .ARM.attributes
                0x00000077       0x2d ./build/Debug/.obj/Core/Src/main.o
 .ARM.attributes
                0x000000a4       0x2d ./build/Debug/.obj/Core/Src/stm32f1xx_hal_msp.o
 .ARM.attributes
                0x000000d1       0x2d ./build/Debug/.obj/Core/Src/stm32f1xx_it.o
 .ARM.attributes
                0x000000fe       0x2d ./build/Debug/.obj/Core/Src/syscalls.o
 .ARM.attributes
                0x0000012b       0x2d ./build/Debug/.obj/Core/Src/sysmem.o
 .ARM.attributes
                0x00000158       0x2d ./build/Debug/.obj/Core/Src/system_stm32f1xx.o
 .ARM.attributes
                0x00000185       0x21 ./build/Debug/.obj/Core/Startup/startup_stm32f103c8tx.o
 .ARM.attributes
                0x000001a6       0x2d ./build/Debug/.obj/Drivers/STM32F1xx_HAL_Driver/Src/stm32f1xx_hal.o
 .ARM.attributes
                0x000001d3       0x2d ./build/Debug/.obj/Drivers/STM32F1xx_HAL_Driver/Src/stm32f1xx_hal_cortex.o
 .ARM.attributes
                0x00000200       0x2d ./build/Debug/.obj/Drivers/STM32F1xx_HAL_Driver/Src/stm32f1xx_hal_dma.o
 .ARM.attributes
                0x0000022d       0x2d ./build/Debug/.obj/Drivers/STM32F1xx_HAL_Driver/Src/stm32f1xx_hal_gpio.o
 .ARM.attributes
                0x0000025a       0x2d ./build/Debug/.obj/Drivers/STM32F1xx_HAL_Driver/Src/stm32f1xx_hal_rcc.o
 .ARM.attributes
                0x00000287       0x2d ./build/Debug/.obj/Drivers/STM32F1xx_HAL_Driver/Src/stm32f1xx_hal_uart.o
 .ARM.attributes
                0x000002b4       0x2d ./build/Debug/.obj/Middlewares/Third_Party/FreeRTOS/Source/CMSIS_RTOS_V2/cmsis_os2.o
 .ARM.attributes
                0x000002e1       0x2d ./build/Debug/.obj/Middlewares/Third_Party/FreeRTOS/Source/list.o
 .ARM.attributes
                0x0000030e       0x2d ./build/Debug/.obj/Middlewares/Third_Party/FreeRTOS/Source/portable/GCC/ARM_CM3/port.o
 .ARM.attributes
                0x0000033b       0x2d ./build/Debug/.obj/Middlewares/Third_Party/FreeRTOS/Source/portable/MemMang/heap_4.o
 .ARM.attributes
                0x00000368       0x2d ./build/Debug/.obj/Middlewares/Third_Party/FreeRTOS/Source/queue.o
 .ARM.attributes
                0x00000395       0x2d ./build/Debug/.obj/Middlewares/Third_Party/FreeRTOS/Source/tasks.o
 .ARM.attributes
                0x000003c2       0x2d ./build/Debug/.obj/Middlewares/Third_Party/FreeRTOS/Source/timers.o
 .ARM.attributes
                0x000003ef       0x2d C:/Users/Administrator/.eide/tools/gcc_arm/bin/../lib/gcc/arm-none-eabi/14.3.1/../../../../arm-none-eabi/lib/thumb/v7-m/nofp\libc_nano.a(libc_a-findfp.o)
 .ARM.attributes
                0x0000041c       0x2d C:/Users/Administrator/.eide/tools/gcc_arm/bin/../lib/gcc/arm-none-eabi/14.3.1/../../../../arm-none-eabi/lib/thumb/v7-m/nofp\libc_nano.a(libc_a-fwalk.o)
 .ARM.attributes
                0x00000449       0x2d C:/Users/Administrator/.eide/tools/gcc_arm/bin/../lib/gcc/arm-none-eabi/14.3.1/../../../../arm-none-eabi/lib/thumb/v7-m/nofp\libc_nano.a(libc_a-printf.o)
 .ARM.attributes
                0x00000476       0x2d C:/Users/Administrator/.eide/tools/gcc_arm/bin/../lib/gcc/arm-none-eabi/14.3.1/../../../../arm-none-eabi/lib/thumb/v7-m/nofp\libc_nano.a(libc_a-puts.o)
 .ARM.attributes
                0x000004a3       0x2d C:/Users/Administrator/.eide/tools/gcc_arm/bin/../lib/gcc/arm-none-eabi/14.3.1/../../../../arm-none-eabi/lib/thumb/v7-m/nofp\libc_nano.a(libc_a-stdio.o)
 .ARM.attributes
                0x000004d0       0x2d C:/Users/Administrator/.eide/tools/gcc_arm/bin/../lib/gcc/arm-none-eabi/14.3.1/../../../../arm-none-eabi/lib/thumb/v7-m/nofp\libc_nano.a(libc_a-wbuf.o)
 .ARM.attributes
                0x000004fd       0x2d C:/Users/Administrator/.eide/tools/gcc_arm/bin/../lib/gcc/arm-none-eabi/14.3.1/../../../../arm-none-eabi/lib/thumb/v7-m/nofp\libc_nano.a(libc_a-wsetup.o)
 .ARM.attributes
                0x0000052a       0x2d C:/Users/Administrator/.eide/tools/gcc_arm/bin/../lib/gcc/arm-none-eabi/14.3.1/../../../../arm-none-eabi/lib/thumb/v7-m/nofp\libc_nano.a(libc_a-memset.o)
 .ARM.attributes
                0x00000557       0x2d C:/Users/Administrator/.eide/tools/gcc_arm/bin/../lib/gcc/arm-none-eabi/14.3.1/../../../../arm-none-eabi/lib/thumb/v7-m/nofp\libc_nano.a(libc_a-closer.o)
 .ARM.attributes
                0x00000584       0x2d C:/Users/Administrator/.eide/tools/gcc_arm/bin/../lib/gcc/arm-none-eabi/14.3.1/../../../../arm-none-eabi/lib/thumb/v7-m/nofp\libc_nano.a(libc_a-reent.o)
 .ARM.attributes
                0x000005b1       0x2d C:/Users/Administrator/.eide/tools/gcc_arm/bin/../lib/gcc/arm-none-eabi/14.3.1/../../../../arm-none-eabi/lib/thumb/v7-m/nofp\libc_nano.a(libc_a-impure.o)
 .ARM.attributes
                0x000005de       0x2d C:/Users/Administrator/.eide/tools/gcc_arm/bin/../lib/gcc/arm-none-eabi/14.3.1/../../../../arm-none-eabi/lib/thumb/v7-m/nofp\libc_nano.a(libc_a-lseekr.o)
 .ARM.attributes
                0x0000060b       0x2d C:/Users/Administrator/.eide/tools/gcc_arm/bin/../lib/gcc/arm-none-eabi/14.3.1/../../../../arm-none-eabi/lib/thumb/v7-m/nofp\libc_nano.a(libc_a-readr.o)
 .ARM.attributes
                0x00000638       0x2d C:/Users/Administrator/.eide/tools/gcc_arm/bin/../lib/gcc/arm-none-eabi/14.3.1/../../../../arm-none-eabi/lib/thumb/v7-m/nofp\libc_nano.a(libc_a-writer.o)
 .ARM.attributes
                0x00000665       0x2d C:/Users/Administrator/.eide/tools/gcc_arm/bin/../lib/gcc/arm-none-eabi/14.3.1/../../../../arm-none-eabi/lib/thumb/v7-m/nofp\libc_nano.a(libc_a-errno.o)
 .ARM.attributes
                0x00000692       0x2d C:/Users/Administrator/.eide/tools/gcc_arm/bin/../lib/gcc/arm-none-eabi/14.3.1/../../../../arm-none-eabi/lib/thumb/v7-m/nofp\libc_nano.a(libc_a-init.o)
 .ARM.attributes
                0x000006bf       0x2d C:/Users/Administrator/.eide/tools/gcc_arm/bin/../lib/gcc/arm-none-eabi/14.3.1/../../../../arm-none-eabi/lib/thumb/v7-m/nofp\libc_nano.a(libc_a-lock.o)
 .ARM.attributes
                0x000006ec       0x2d C:/Users/Administrator/.eide/tools/gcc_arm/bin/../lib/gcc/arm-none-eabi/14.3.1/../../../../arm-none-eabi/lib/thumb/v7-m/nofp\libc_nano.a(libc_a-memcpy-stub.o)
 .ARM.attributes
                0x00000719       0x2d C:/Users/Administrator/.eide/tools/gcc_arm/bin/../lib/gcc/arm-none-eabi/14.3.1/../../../../arm-none-eabi/lib/thumb/v7-m/nofp\libc_nano.a(libc_a-freer.o)
 .ARM.attributes
                0x00000746       0x2d C:/Users/Administrator/.eide/tools/gcc_arm/bin/../lib/gcc/arm-none-eabi/14.3.1/../../../../arm-none-eabi/lib/thumb/v7-m/nofp\libc_nano.a(libc_a-mallocr.o)
 .ARM.attributes
                0x00000773       0x2d C:/Users/Administrator/.eide/tools/gcc_arm/bin/../lib/gcc/arm-none-eabi/14.3.1/../../../../arm-none-eabi/lib/thumb/v7-m/nofp\libc_nano.a(libc_a-mlock.o)
 .ARM.attributes
                0x000007a0       0x2d C:/Users/Administrator/.eide/tools/gcc_arm/bin/../lib/gcc/arm-none-eabi/14.3.1/../../../../arm-none-eabi/lib/thumb/v7-m/nofp\libc_nano.a(libc_a-nano-vfprintf.o)
 .ARM.attributes
                0x000007cd       0x2d C:/Users/Administrator/.eide/tools/gcc_arm/bin/../lib/gcc/arm-none-eabi/14.3.1/../../../../arm-none-eabi/lib/thumb/v7-m/nofp\libc_nano.a(libc_a-nano-vfprintf_i.o)
 .ARM.attributes
                0x000007fa       0x2d C:/Users/Administrator/.eide/tools/gcc_arm/bin/../lib/gcc/arm-none-eabi/14.3.1/../../../../arm-none-eabi/lib/thumb/v7-m/nofp\libc_nano.a(libc_a-fflush.o)
 .ARM.attributes
                0x00000827       0x2d C:/Users/Administrator/.eide/tools/gcc_arm/bin/../lib/gcc/arm-none-eabi/14.3.1/../../../../arm-none-eabi/lib/thumb/v7-m/nofp\libc_nano.a(libc_a-makebuf.o)
 .ARM.attributes
                0x00000854       0x2d C:/Users/Administrator/.eide/tools/gcc_arm/bin/../lib/gcc/arm-none-eabi/14.3.1/../../../../arm-none-eabi/lib/thumb/v7-m/nofp\libc_nano.a(libc_a-fstatr.o)
 .ARM.attributes
                0x00000881       0x2d C:/Users/Administrator/.eide/tools/gcc_arm/bin/../lib/gcc/arm-none-eabi/14.3.1/../../../../arm-none-eabi/lib/thumb/v7-m/nofp\libc_nano.a(libc_a-isattyr.o)
 .ARM.attributes
                0x000008ae       0x2d C:/Users/Administrator/.eide/tools/gcc_arm/bin/../lib/gcc/arm-none-eabi/14.3.1/../../../../arm-none-eabi/lib/thumb/v7-m/nofp\libc_nano.a(libc_a-sbrkr.o)
 .ARM.attributes
                0x000008db       0x2d C:/Users/Administrator/.eide/tools/gcc_arm/bin/../lib/gcc/arm-none-eabi/14.3.1/../../../../arm-none-eabi/lib/thumb/v7-m/nofp\libc_nano.a(libc_a-memchr-stub.o)
 .ARM.attributes
                0x00000908       0x2d C:/Users/Administrator/.eide/tools/gcc_arm/bin/../lib/gcc/arm-none-eabi/14.3.1/thumb/v7-m/nofp/crtend.o
 .ARM.attributes
                0x00000935       0x1d C:/Users/Administrator/.eide/tools/gcc_arm/bin/../lib/gcc/arm-none-eabi/14.3.1/thumb/v7-m/nofp/crtn.o
OUTPUT(./build/Debug/Interrupt.elf elf32-littlearm)
LOAD linker stubs
LOAD C:/Users/Administrator/.eide/tools/gcc_arm/bin/../lib/gcc/arm-none-eabi/14.3.1/../../../../arm-none-eabi/lib/thumb/v7-m/nofp\libc.a
LOAD C:/Users/Administrator/.eide/tools/gcc_arm/bin/../lib/gcc/arm-none-eabi/14.3.1/../../../../arm-none-eabi/lib/thumb/v7-m/nofp\libm.a
LOAD C:/Users/Administrator/.eide/tools/gcc_arm/bin/../lib/gcc/arm-none-eabi/14.3.1/thumb/v7-m/nofp\libgcc.a

.debug_info     0x00000000    0x170de
 .debug_info    0x00000000      0x1d8 ./build/Debug/.obj/Core/Bsp/remote_control.o
 .debug_info    0x000001d8     0x17ab ./build/Debug/.obj/Core/Src/main.o
 .debug_info    0x00001983      0xbc4 ./build/Debug/.obj/Core/Src/stm32f1xx_hal_msp.o
 .debug_info    0x00002547      0x6e0 ./build/Debug/.obj/Core/Src/stm32f1xx_it.o
 .debug_info    0x00002c27      0x789 ./build/Debug/.obj/Core/Src/syscalls.o
 .debug_info    0x000033b0      0x171 ./build/Debug/.obj/Core/Src/sysmem.o
 .debug_info    0x00003521      0x22d ./build/Debug/.obj/Core/Src/system_stm32f1xx.o
 .debug_info    0x0000374e       0x30 ./build/Debug/.obj/Core/Startup/startup_stm32f103c8tx.o
 .debug_info    0x0000377e      0x7a2 ./build/Debug/.obj/Drivers/STM32F1xx_HAL_Driver/Src/stm32f1xx_hal.o
 .debug_info    0x00003f20      0xcd9 ./build/Debug/.obj/Drivers/STM32F1xx_HAL_Driver/Src/stm32f1xx_hal_cortex.o
 .debug_info    0x00004bf9      0x7f2 ./build/Debug/.obj/Drivers/STM32F1xx_HAL_Driver/Src/stm32f1xx_hal_dma.o
 .debug_info    0x000053eb      0x604 ./build/Debug/.obj/Drivers/STM32F1xx_HAL_Driver/Src/stm32f1xx_hal_gpio.o
 .debug_info    0x000059ef      0x9c7 ./build/Debug/.obj/Drivers/STM32F1xx_HAL_Driver/Src/stm32f1xx_hal_rcc.o
 .debug_info    0x000063b6     0x3f85 ./build/Debug/.obj/Drivers/STM32F1xx_HAL_Driver/Src/stm32f1xx_hal_uart.o
 .debug_info    0x0000a33b     0x4d11 ./build/Debug/.obj/Middlewares/Third_Party/FreeRTOS/Source/CMSIS_RTOS_V2/cmsis_os2.o
 .debug_info    0x0000f04c      0x2bf ./build/Debug/.obj/Middlewares/Third_Party/FreeRTOS/Source/list.o
 .debug_info    0x0000f30b      0x505 ./build/Debug/.obj/Middlewares/Third_Party/FreeRTOS/Source/portable/GCC/ARM_CM3/port.o
 .debug_info    0x0000f810      0x593 ./build/Debug/.obj/Middlewares/Third_Party/FreeRTOS/Source/portable/MemMang/heap_4.o
 .debug_info    0x0000fda3     0x27a8 ./build/Debug/.obj/Middlewares/Third_Party/FreeRTOS/Source/queue.o
 .debug_info    0x0001254b     0x307f ./build/Debug/.obj/Middlewares/Third_Party/FreeRTOS/Source/tasks.o
 .debug_info    0x000155ca     0x1b14 ./build/Debug/.obj/Middlewares/Third_Party/FreeRTOS/Source/timers.o

.debug_abbrev   0x00000000     0x326a
 .debug_abbrev  0x00000000       0xd7 ./build/Debug/.obj/Core/Bsp/remote_control.o
 .debug_abbrev  0x000000d7      0x323 ./build/Debug/.obj/Core/Src/main.o
 .debug_abbrev  0x000003fa      0x23d ./build/Debug/.obj/Core/Src/stm32f1xx_hal_msp.o
 .debug_abbrev  0x00000637      0x1d0 ./build/Debug/.obj/Core/Src/stm32f1xx_it.o
 .debug_abbrev  0x00000807      0x1be ./build/Debug/.obj/Core/Src/syscalls.o
 .debug_abbrev  0x000009c5       0xea ./build/Debug/.obj/Core/Src/sysmem.o
 .debug_abbrev  0x00000aaf      0x143 ./build/Debug/.obj/Core/Src/system_stm32f1xx.o
 .debug_abbrev  0x00000bf2       0x24 ./build/Debug/.obj/Core/Startup/startup_stm32f103c8tx.o
 .debug_abbrev  0x00000c16      0x22d ./build/Debug/.obj/Drivers/STM32F1xx_HAL_Driver/Src/stm32f1xx_hal.o
 .debug_abbrev  0x00000e43      0x36d ./build/Debug/.obj/Drivers/STM32F1xx_HAL_Driver/Src/stm32f1xx_hal_cortex.o
 .debug_abbrev  0x000011b0      0x244 ./build/Debug/.obj/Drivers/STM32F1xx_HAL_Driver/Src/stm32f1xx_hal_dma.o
 .debug_abbrev  0x000013f4      0x1f7 ./build/Debug/.obj/Drivers/STM32F1xx_HAL_Driver/Src/stm32f1xx_hal_gpio.o
 .debug_abbrev  0x000015eb      0x2a0 ./build/Debug/.obj/Drivers/STM32F1xx_HAL_Driver/Src/stm32f1xx_hal_rcc.o
 .debug_abbrev  0x0000188b      0x31c ./build/Debug/.obj/Drivers/STM32F1xx_HAL_Driver/Src/stm32f1xx_hal_uart.o
 .debug_abbrev  0x00001ba7      0x5b3 ./build/Debug/.obj/Middlewares/Third_Party/FreeRTOS/Source/CMSIS_RTOS_V2/cmsis_os2.o
 .debug_abbrev  0x0000215a      0x10a ./build/Debug/.obj/Middlewares/Third_Party/FreeRTOS/Source/list.o
 .debug_abbrev  0x00002264      0x2a4 ./build/Debug/.obj/Middlewares/Third_Party/FreeRTOS/Source/portable/GCC/ARM_CM3/port.o
 .debug_abbrev  0x00002508      0x263 ./build/Debug/.obj/Middlewares/Third_Party/FreeRTOS/Source/portable/MemMang/heap_4.o
 .debug_abbrev  0x0000276b      0x3ea ./build/Debug/.obj/Middlewares/Third_Party/FreeRTOS/Source/queue.o
 .debug_abbrev  0x00002b55      0x394 ./build/Debug/.obj/Middlewares/Third_Party/FreeRTOS/Source/tasks.o
 .debug_abbrev  0x00002ee9      0x381 ./build/Debug/.obj/Middlewares/Third_Party/FreeRTOS/Source/timers.o

.debug_loclists
                0x00000000     0xb5ec
 .debug_loclists
                0x00000000       0x3c ./build/Debug/.obj/Core/Bsp/remote_control.o
 .debug_loclists
                0x0000003c      0x11a ./build/Debug/.obj/Core/Src/main.o
 .debug_loclists
                0x00000156       0xa0 ./build/Debug/.obj/Core/Src/stm32f1xx_hal_msp.o
 .debug_loclists
                0x000001f6      0x2cd ./build/Debug/.obj/Core/Src/syscalls.o
 .debug_loclists
                0x000004c3       0x52 ./build/Debug/.obj/Core/Src/sysmem.o
 .debug_loclists
                0x00000515       0xb7 ./build/Debug/.obj/Core/Src/system_stm32f1xx.o
 .debug_loclists
                0x000005cc       0xe1 ./build/Debug/.obj/Drivers/STM32F1xx_HAL_Driver/Src/stm32f1xx_hal.o
 .debug_loclists
                0x000006ad      0x530 ./build/Debug/.obj/Drivers/STM32F1xx_HAL_Driver/Src/stm32f1xx_hal_cortex.o
 .debug_loclists
                0x00000bdd      0x562 ./build/Debug/.obj/Drivers/STM32F1xx_HAL_Driver/Src/stm32f1xx_hal_dma.o
 .debug_loclists
                0x0000113f      0x300 ./build/Debug/.obj/Drivers/STM32F1xx_HAL_Driver/Src/stm32f1xx_hal_gpio.o
 .debug_loclists
                0x0000143f      0x42e ./build/Debug/.obj/Drivers/STM32F1xx_HAL_Driver/Src/stm32f1xx_hal_rcc.o
 .debug_loclists
                0x0000186d     0x2cdc ./build/Debug/.obj/Drivers/STM32F1xx_HAL_Driver/Src/stm32f1xx_hal_uart.o
 .debug_loclists
                0x00004549     0x38e6 ./build/Debug/.obj/Middlewares/Third_Party/FreeRTOS/Source/CMSIS_RTOS_V2/cmsis_os2.o
 .debug_loclists
                0x00007e2f       0x75 ./build/Debug/.obj/Middlewares/Third_Party/FreeRTOS/Source/list.o
 .debug_loclists
                0x00007ea4       0x98 ./build/Debug/.obj/Middlewares/Third_Party/FreeRTOS/Source/portable/GCC/ARM_CM3/port.o
 .debug_loclists
                0x00007f3c      0x2b7 ./build/Debug/.obj/Middlewares/Third_Party/FreeRTOS/Source/portable/MemMang/heap_4.o
 .debug_loclists
                0x000081f3     0x1132 ./build/Debug/.obj/Middlewares/Third_Party/FreeRTOS/Source/queue.o
 .debug_loclists
                0x00009325     0x1716 ./build/Debug/.obj/Middlewares/Third_Party/FreeRTOS/Source/tasks.o
 .debug_loclists
                0x0000aa3b      0xbb1 ./build/Debug/.obj/Middlewares/Third_Party/FreeRTOS/Source/timers.o

.debug_aranges  0x00000000      0xf60
 .debug_aranges
                0x00000000       0x20 ./build/Debug/.obj/Core/Bsp/remote_control.o
 .debug_aranges
                0x00000020       0x78 ./build/Debug/.obj/Core/Src/main.o
 .debug_aranges
                0x00000098       0x30 ./build/Debug/.obj/Core/Src/stm32f1xx_hal_msp.o
 .debug_aranges
                0x000000c8       0x78 ./build/Debug/.obj/Core/Src/stm32f1xx_it.o
 .debug_aranges
                0x00000140       0xa8 ./build/Debug/.obj/Core/Src/syscalls.o
 .debug_aranges
                0x000001e8       0x20 ./build/Debug/.obj/Core/Src/sysmem.o
 .debug_aranges
                0x00000208       0x28 ./build/Debug/.obj/Core/Src/system_stm32f1xx.o
 .debug_aranges
                0x00000230       0x28 ./build/Debug/.obj/Core/Startup/startup_stm32f103c8tx.o
 .debug_aranges
                0x00000258       0xe0 ./build/Debug/.obj/Drivers/STM32F1xx_HAL_Driver/Src/stm32f1xx_hal.o
 .debug_aranges
                0x00000338       0xc0 ./build/Debug/.obj/Drivers/STM32F1xx_HAL_Driver/Src/stm32f1xx_hal_cortex.o
 .debug_aranges
                0x000003f8       0x80 ./build/Debug/.obj/Drivers/STM32F1xx_HAL_Driver/Src/stm32f1xx_hal_dma.o
 .debug_aranges
                0x00000478       0x58 ./build/Debug/.obj/Drivers/STM32F1xx_HAL_Driver/Src/stm32f1xx_hal_gpio.o
 .debug_aranges
                0x000004d0       0x90 ./build/Debug/.obj/Drivers/STM32F1xx_HAL_Driver/Src/stm32f1xx_hal_rcc.o
 .debug_aranges
                0x00000560      0x208 ./build/Debug/.obj/Drivers/STM32F1xx_HAL_Driver/Src/stm32f1xx_hal_uart.o
 .debug_aranges
                0x00000768      0x298 ./build/Debug/.obj/Middlewares/Third_Party/FreeRTOS/Source/CMSIS_RTOS_V2/cmsis_os2.o
 .debug_aranges
                0x00000a00       0x40 ./build/Debug/.obj/Middlewares/Third_Party/FreeRTOS/Source/list.o
 .debug_aranges
                0x00000a40       0x78 ./build/Debug/.obj/Middlewares/Third_Party/FreeRTOS/Source/portable/GCC/ARM_CM3/port.o
 .debug_aranges
                0x00000ab8       0x58 ./build/Debug/.obj/Middlewares/Third_Party/FreeRTOS/Source/portable/MemMang/heap_4.o
 .debug_aranges
                0x00000b10      0x158 ./build/Debug/.obj/Middlewares/Third_Party/FreeRTOS/Source/queue.o
 .debug_aranges
                0x00000c68      0x208 ./build/Debug/.obj/Middlewares/Third_Party/FreeRTOS/Source/tasks.o
 .debug_aranges
                0x00000e70       0xf0 ./build/Debug/.obj/Middlewares/Third_Party/FreeRTOS/Source/timers.o

.debug_rnglists
                0x00000000      0xc9a
 .debug_rnglists
                0x00000000       0x14 ./build/Debug/.obj/Core/Bsp/remote_control.o
 .debug_rnglists
                0x00000014       0x58 ./build/Debug/.obj/Core/Src/main.o
 .debug_rnglists
                0x0000006c       0x20 ./build/Debug/.obj/Core/Src/stm32f1xx_hal_msp.o
 .debug_rnglists
                0x0000008c       0x55 ./build/Debug/.obj/Core/Src/stm32f1xx_it.o
 .debug_rnglists
                0x000000e1       0x79 ./build/Debug/.obj/Core/Src/syscalls.o
 .debug_rnglists
                0x0000015a       0x13 ./build/Debug/.obj/Core/Src/sysmem.o
 .debug_rnglists
                0x0000016d       0x1a ./build/Debug/.obj/Core/Src/system_stm32f1xx.o
 .debug_rnglists
                0x00000187       0x19 ./build/Debug/.obj/Core/Startup/startup_stm32f103c8tx.o
 .debug_rnglists
                0x000001a0       0xa3 ./build/Debug/.obj/Drivers/STM32F1xx_HAL_Driver/Src/stm32f1xx_hal.o
 .debug_rnglists
                0x00000243       0x8b ./build/Debug/.obj/Drivers/STM32F1xx_HAL_Driver/Src/stm32f1xx_hal_cortex.o
 .debug_rnglists
                0x000002ce       0x5e ./build/Debug/.obj/Drivers/STM32F1xx_HAL_Driver/Src/stm32f1xx_hal_dma.o
 .debug_rnglists
                0x0000032c       0x3f ./build/Debug/.obj/Drivers/STM32F1xx_HAL_Driver/Src/stm32f1xx_hal_gpio.o
 .debug_rnglists
                0x0000036b       0x7d ./build/Debug/.obj/Drivers/STM32F1xx_HAL_Driver/Src/stm32f1xx_hal_rcc.o
 .debug_rnglists
                0x000003e8      0x1a1 ./build/Debug/.obj/Drivers/STM32F1xx_HAL_Driver/Src/stm32f1xx_hal_uart.o
 .debug_rnglists
                0x00000589      0x1f8 ./build/Debug/.obj/Middlewares/Third_Party/FreeRTOS/Source/CMSIS_RTOS_V2/cmsis_os2.o
 .debug_rnglists
                0x00000781       0x2b ./build/Debug/.obj/Middlewares/Third_Party/FreeRTOS/Source/list.o
 .debug_rnglists
                0x000007ac       0x56 ./build/Debug/.obj/Middlewares/Third_Party/FreeRTOS/Source/portable/GCC/ARM_CM3/port.o
 .debug_rnglists
                0x00000802       0x3f ./build/Debug/.obj/Middlewares/Third_Party/FreeRTOS/Source/portable/MemMang/heap_4.o
 .debug_rnglists
                0x00000841      0x170 ./build/Debug/.obj/Middlewares/Third_Party/FreeRTOS/Source/queue.o
 .debug_rnglists
                0x000009b1      0x239 ./build/Debug/.obj/Middlewares/Third_Party/FreeRTOS/Source/tasks.o
 .debug_rnglists
                0x00000bea       0xb0 ./build/Debug/.obj/Middlewares/Third_Party/FreeRTOS/Source/timers.o

.debug_line     0x00000000     0xfc8c
 .debug_line    0x00000000      0x22b ./build/Debug/.obj/Core/Bsp/remote_control.o
 .debug_line    0x0000022b      0x6b9 ./build/Debug/.obj/Core/Src/main.o
 .debug_line    0x000008e4      0x3c1 ./build/Debug/.obj/Core/Src/stm32f1xx_hal_msp.o
 .debug_line    0x00000ca5      0x396 ./build/Debug/.obj/Core/Src/stm32f1xx_it.o
 .debug_line    0x0000103b      0x3c0 ./build/Debug/.obj/Core/Src/syscalls.o
 .debug_line    0x000013fb      0x1b0 ./build/Debug/.obj/Core/Src/sysmem.o
 .debug_line    0x000015ab      0x21b ./build/Debug/.obj/Core/Src/system_stm32f1xx.o
 .debug_line    0x000017c6       0x78 ./build/Debug/.obj/Core/Startup/startup_stm32f103c8tx.o
 .debug_line    0x0000183e      0x504 ./build/Debug/.obj/Drivers/STM32F1xx_HAL_Driver/Src/stm32f1xx_hal.o
 .debug_line    0x00001d42      0x67d ./build/Debug/.obj/Drivers/STM32F1xx_HAL_Driver/Src/stm32f1xx_hal_cortex.o
 .debug_line    0x000023bf      0xab4 ./build/Debug/.obj/Drivers/STM32F1xx_HAL_Driver/Src/stm32f1xx_hal_dma.o
 .debug_line    0x00002e73      0x59f ./build/Debug/.obj/Drivers/STM32F1xx_HAL_Driver/Src/stm32f1xx_hal_gpio.o
 .debug_line    0x00003412      0xc86 ./build/Debug/.obj/Drivers/STM32F1xx_HAL_Driver/Src/stm32f1xx_hal_rcc.o
 .debug_line    0x00004098     0x3370 ./build/Debug/.obj/Drivers/STM32F1xx_HAL_Driver/Src/stm32f1xx_hal_uart.o
 .debug_line    0x00007408     0x2ba9 ./build/Debug/.obj/Middlewares/Third_Party/FreeRTOS/Source/CMSIS_RTOS_V2/cmsis_os2.o
 .debug_line    0x00009fb1      0x34a ./build/Debug/.obj/Middlewares/Third_Party/FreeRTOS/Source/list.o
 .debug_line    0x0000a2fb      0x56e ./build/Debug/.obj/Middlewares/Third_Party/FreeRTOS/Source/portable/GCC/ARM_CM3/port.o
 .debug_line    0x0000a869      0x6c6 ./build/Debug/.obj/Middlewares/Third_Party/FreeRTOS/Source/portable/MemMang/heap_4.o
 .debug_line    0x0000af2f     0x1aac ./build/Debug/.obj/Middlewares/Third_Party/FreeRTOS/Source/queue.o
 .debug_line    0x0000c9db     0x25ab ./build/Debug/.obj/Middlewares/Third_Party/FreeRTOS/Source/tasks.o
 .debug_line    0x0000ef86      0xd06 ./build/Debug/.obj/Middlewares/Third_Party/FreeRTOS/Source/timers.o

.debug_str      0x00000000     0x5600
 .debug_str     0x00000000     0x5600 ./build/Debug/.obj/Core/Bsp/remote_control.o
                                0x1d5 (size before relaxing)
 .debug_str     0x00005600     0x12ea ./build/Debug/.obj/Core/Src/main.o
 .debug_str     0x00005600      0xa09 ./build/Debug/.obj/Core/Src/stm32f1xx_hal_msp.o
 .debug_str     0x00005600      0x6f1 ./build/Debug/.obj/Core/Src/stm32f1xx_it.o
 .debug_str     0x00005600      0x3b6 ./build/Debug/.obj/Core/Src/syscalls.o
 .debug_str     0x00005600      0x1e2 ./build/Debug/.obj/Core/Src/sysmem.o
 .debug_str     0x00005600      0x21e ./build/Debug/.obj/Core/Src/system_stm32f1xx.o
 .debug_str     0x00005600       0x55 ./build/Debug/.obj/Core/Startup/startup_stm32f103c8tx.o
 .debug_str     0x00005600      0x7f8 ./build/Debug/.obj/Drivers/STM32F1xx_HAL_Driver/Src/stm32f1xx_hal.o
 .debug_str     0x00005600      0x89d ./build/Debug/.obj/Drivers/STM32F1xx_HAL_Driver/Src/stm32f1xx_hal_cortex.o
 .debug_str     0x00005600      0x5c7 ./build/Debug/.obj/Drivers/STM32F1xx_HAL_Driver/Src/stm32f1xx_hal_dma.o
 .debug_str     0x00005600      0x3ca ./build/Debug/.obj/Drivers/STM32F1xx_HAL_Driver/Src/stm32f1xx_hal_gpio.o
 .debug_str     0x00005600      0x5f5 ./build/Debug/.obj/Drivers/STM32F1xx_HAL_Driver/Src/stm32f1xx_hal_rcc.o
 .debug_str     0x00005600      0xcbe ./build/Debug/.obj/Drivers/STM32F1xx_HAL_Driver/Src/stm32f1xx_hal_uart.o
 .debug_str     0x00005600     0x1f42 ./build/Debug/.obj/Middlewares/Third_Party/FreeRTOS/Source/CMSIS_RTOS_V2/cmsis_os2.o
 .debug_str     0x00005600      0x2bf ./build/Debug/.obj/Middlewares/Third_Party/FreeRTOS/Source/list.o
 .debug_str     0x00005600      0x42f ./build/Debug/.obj/Middlewares/Third_Party/FreeRTOS/Source/portable/GCC/ARM_CM3/port.o
 .debug_str     0x00005600      0x4d8 ./build/Debug/.obj/Middlewares/Third_Party/FreeRTOS/Source/portable/MemMang/heap_4.o
 .debug_str     0x00005600      0xcd5 ./build/Debug/.obj/Middlewares/Third_Party/FreeRTOS/Source/queue.o
 .debug_str     0x00005600     0x12a4 ./build/Debug/.obj/Middlewares/Third_Party/FreeRTOS/Source/tasks.o
 .debug_str     0x00005600      0xc05 ./build/Debug/.obj/Middlewares/Third_Party/FreeRTOS/Source/timers.o

.comment        0x00000000       0x46
 .comment       0x00000000       0x46 ./build/Debug/.obj/Core/Bsp/remote_control.o
                                 0x47 (size before relaxing)
 .comment       0x00000046       0x47 ./build/Debug/.obj/Core/Src/main.o
 .comment       0x00000046       0x47 ./build/Debug/.obj/Core/Src/stm32f1xx_hal_msp.o
 .comment       0x00000046       0x47 ./build/Debug/.obj/Core/Src/stm32f1xx_it.o
 .comment       0x00000046       0x47 ./build/Debug/.obj/Core/Src/syscalls.o
 .comment       0x00000046       0x47 ./build/Debug/.obj/Core/Src/sysmem.o
 .comment       0x00000046       0x47 ./build/Debug/.obj/Core/Src/system_stm32f1xx.o